Loading required package: foreach
Loading required package: iterators
Loading required package: parallel

Attaching package: ‘mice’

The following object is masked from ‘package:stats’:

    filter

The following objects are masked from ‘package:base’:

    cbind, rbind

Loading required package: colorspace
Loading required package: grid
VIM is ready to use.

Suggestions and bug-reports can be submitted at: https://github.com/statistikat/VIM/issues

Attaching package: ‘VIM’

The following object is masked from ‘package:datasets’:

    sleep


Attaching package: ‘dplyr’

The following objects are masked from ‘package:stats’:

    filter, lag

The following objects are masked from ‘package:base’:

    intersect, setdiff, setequal, union


Attaching package: ‘MASS’

The following object is masked from ‘package:dplyr’:

    select

randomForest 4.7-1.2
Type rfNews() to see new features/changes/bug fixes.

Attaching package: ‘randomForest’

The following object is masked from ‘package:dplyr’:

    combine

The following object is masked from ‘package:ggplot2’:

    margin

Loading required package: Formula
Loading required package: plotmo
Loading required package: plotrix
Loading required package: Matrix
Loaded glmnet 4.1-10
Loading required package: nnls
Loading required package: gam
Loading required package: splines
Loaded gam 1.22-6

Super Learner
Version: 2.0-29
Package created on 2024-02-06

Loading required package: nlme

Attaching package: ‘nlme’

The following object is masked from ‘package:dplyr’:

    collapse

This is mgcv 1.9-3. For overview type 'help("mgcv-package")'.

Attaching package: ‘mgcv’

The following objects are masked from ‘package:gam’:

    gam, gam.control, gam.fit, s

Loaded gbm 2.2.2
This version of gbm is no longer under development. Consider transitioning to gbm3, https://github.com/gbm-developers/gbm3
Loading required package: mvtnorm
Loading required package: modeltools
Loading required package: stats4
Loading required package: strucchange
Loading required package: zoo

Attaching package: ‘zoo’

The following objects are masked from ‘package:base’:

    as.Date, as.Date.numeric

Loading required package: sandwich

Attaching package: ‘strucchange’

The following object is masked from ‘package:stringr’:

    boundary


Attaching package: ‘party’

The following object is masked from ‘package:dplyr’:

    where

Loading required package: lme4

Attaching package: ‘lme4’

The following object is masked from ‘package:modeltools’:

    refit

The following object is masked from ‘package:nlme’:

    lmList


arm (Version 1.14-4, built: 2024-4-1)

Working directory is /Users/peterlin/Desktop/test/GRB_app


Attaching package: ‘arm’

The following object is masked from ‘package:mvtnorm’:

    standardize

The following object is masked from ‘package:plotrix’:

    rescale


Attaching package: ‘dgof’

The following object is masked from ‘package:stats’:

    ks.test

Loading required package: SuppDists

Attaching package: ‘latticeExtra’

The following object is masked from ‘package:ggplot2’:

    layer

Loading required package: bigmemory
Loading required package: ncvreg

Attaching package: ‘e1071’

The following object is masked from ‘package:ggplot2’:

    element

[1] "not running locally"
Column names found:
 [1] "GRB"                 "Redshift_crosscheck" "log10T90"           
 [4] "log10Fa"             "log10Ta"             "Alpha"              
 [7] "Beta"                "Gamma"               "log10Fluence"       
[10] "PhotonIndex"         "log10NH"             "log10PeakFlux"      
[13] "T90Err"              "log10FaErr"          "log10TaErr"         
[16] "AlphaErr"            "BetaErr"             "FluenceErr"         
[19] "PhotonIndexErr"      "PeakFluxErr"        
Assertion OK: no NA in GRBPred after imputation ( 307 rows x 18 cols )
MC errors frame built for 307 rows
  [1] "000926A" "011211A" "020124A" "021004A" "030226A" "030329A" "050315A"
  [8] "050318A" "050319A" "050401A" "050416A" "050502A" "050502B" "050505A"
 [15] "050525A" "050603A" "050730A" "050801A" "050802A" "050803A" "050820A"
 [22] "050824A" "050826A" "050904A" "050908A" "050922C" "051016B" "051028A"
 [29] "051109A" "051109B" "051111A" "060115A" "060124A" "060206A" "060210A"
 [36] "060218A" "060223A" "060306A" "060418A" "060502A" "060510B" "060512A"
 [43] "060526A" "060604A" "060605A" "060607A" "060614A" "060707A" "060708A"
 [50] "060714A" "060729A" "060814A" "060904B" "060906A" "060908A" "060912A"
 [57] "060926A" "060927A" "061007A" "061021A" "061110A" "061121A" "061126A"
 [64] "061222A" "070110A" "070125A" "070208A" "070223A" "070306A" "070411A"
 [71] "070508A" "070521A" "070529A" "070612A" "070714B" "070721B" "070802A"
 [78] "070810A" "071003A" "071010A" "071010B" "071020A" "071025A" "071112C"
 [85] "071117A" "080310A" "080319B" "080319C" "080330A" "080411A" "080413B"
 [92] "080430A" "080516A" "080603A" "080603B" "080607A" "080710A" "080721A"
 [99] "080810A" "080905B" "080913A" "080916A" "080928A" "081007A" "081008A"
[106] "081028A" "081029A" "081109A" "081203A" "081221A" "081228A" "081230A"
[113] "090102A" "090205A" "090313A" "090418A" "090423A" "090424A" "090516A"
[120] "090519A" "090529A" "090530A" "090618A" "090726A" "090809A" "090812A"
[127] "090927A" "091018A" "091020A" "091024A" "091029A" "091109A" "091127A"
[134] "091208B" "100219A" "100316B" "100316D" "100418A" "100425A" "100508A"
[141] "100513A" "100621A" "100704A" "100728A" "100814A" "100816A" "100901A"
[148] "100906A" "101219B" "101225A" "110106B" "110205A" "110213A" "110422A"
[155] "110503A" "110715A" "110726A" "110731A" "110801A" "110808A" "110818A"
[162] "111008A" "111107A" "111123A" "111209A" "111228A" "120118B" "120119A"
[169] "120327A" "120404A" "120422A" "120711A" "120729A" "120802A" "120811C"
[176] "120815A" "120907A" "120922A" "121024A" "121027A" "121128A" "121211A"
[183] "121217A" "130215A" "130408A" "130418A" "130420A" "130427A" "130505A"
[190] "130511A" "130514A" "130604A" "130606A" "130702A" "130831A" "130925A"
[197] "131030A" "131105A" "131117A" "140206A" "140213A" "140419A" "140423A"
[204] "140430A" "140506A" "140509A" "140512A" "140518A" "140614A" "140629A"
[211] "140801A" "140907A" "141004A" "141121A" "141220A" "141221A" "150120B"
[218] "150314A" "150323A" "150403A" "150821A" "150910A" "151021A" "151027A"
[225] "151029A" "151031A" "151112A" "151215A" "160117B" "160121A" "160131A"
[232] "160203A" "160227A" "160314A" "160327A" "160425A" "160804A" "161014A"
[239] "161023A" "161108A" "161117A" "161129A" "161219B" "170113A" "170202A"
[246] "170405A" "170519A" "170531B" "170604A" "170607A" "170705A" "170714A"
[253] "170903A" "171205A" "171222A" "180115A" "180205A" "180325A" "180329B"
[260] "180404A" "180620B" "180624A" "180720B" "180728A" "181010A" "181020A"
[267] "181110A" "181201A" "190106A" "190114A" "190719C" "190829A" "191011A"
[274] "191221B" "200205B" "200613A" "200829A" "201014A" "201015A" "201020A"
[281] "201021C" "201104B" "201221A" "210204A" "210210A" "210222B" "210411C"
[288] "210517A" "210610A" "210610B" "210619B" "210722A" "210731A" "210822A"
[295] "211024B" "220101A" "220117A" "220521A" "220611A" "230116D" "230325A"
[302] "230328B" "230414B" "230506C" "230818A" "231210B" "970508A"
Assertion OK: GRBPred has no NA/NaN/Inf ( 0 rows )
The number of NAs in GRBPred is: 0 
GAM vars missing from GRBPred:  
CV repetitions (loop): 10 
Assertion OK: SuperLearner inputs valid; 0 rows, 20 predictors
Parallelizing 10 CV repetition(s) across 8 core(s)
[rep 1] starting
[rep 2] starting
[rep 3] starting
[rep 4] starting
[rep 5] starting
[rep 6] starting
[rep 7] starting
[rep 8] starting
Warning message:
In parallel::mclapply(seq_len(loop), run_one_loop, mc.cores = n_cores) :
  all scheduled cores encountered errors in user code
Error: Parallel CV failed in 10 of 10 repetition(s). First failure:
[1] "Error in cut.default(y, breaks, include.lowest = TRUE) : \n  invalid number of intervals\n"
attr(,"class")
[1] "try-error"
attr(,"condition")
<simpleError in cut.default(y, breaks, include.lowest = TRUE): invalid number of intervals>
Execution halted
