Loading required package: doParallel
Loading required package: foreach
Loading required package: iterators
Loading required package: parallel
Loading required package: mice

Attaching package: ‘mice’

The following object is masked from ‘package:stats’:

    filter

The following objects are masked from ‘package:base’:

    cbind, rbind

Loading required package: ggplot2
Loading required package: lattice
Loading required package: stringr
Loading required package: dplyr

Attaching package: ‘dplyr’

The following objects are masked from ‘package:stats’:

    filter, lag

The following objects are masked from ‘package:base’:

    intersect, setdiff, setequal, union

Loading required package: MASS

Attaching package: ‘MASS’

The following object is masked from ‘package:dplyr’:

    select

Loading required package: randomForest
randomForest 4.7-1.2
Type rfNews() to see new features/changes/bug fixes.

Attaching package: ‘randomForest’

The following object is masked from ‘package:dplyr’:

    combine

The following object is masked from ‘package:ggplot2’:

    margin

Loading required package: earth
Loading required package: Formula
Loading required package: plotmo
Loading required package: plotrix
Loading required package: Matrix
Loaded glmnet 5.0
Loading required package: SuperLearner
Loading required package: nnls
Loading required package: gam
Loading required package: splines
Loaded gam 1.22-7

Super Learner
Version: 2.0-40
Package created on 2025-12-14

Loading required package: mgcv
Loading required package: nlme

Attaching package: ‘nlme’

The following object is masked from ‘package:dplyr’:

    collapse

This is mgcv 1.9-4. For overview type '?mgcv'.

Attaching package: ‘mgcv’

The following objects are masked from ‘package:gam’:

    gam, gam.control, gam.fit, s

Loading required package: xgboost
Loading required package: gbm
Loaded gbm 2.3.1
This version of gbm is no longer under development. Consider transitioning to gbm3, https://github.com/gbm-developers/gbm3
Loading required package: caret
Loading required package: biglasso
Loading required package: bigmemory
Loading required package: ncvreg

Attaching package: ‘ncvreg’

The following object is masked from ‘package:nlme’:

    intervals

Loading required package: lme4

Attaching package: ‘lme4’

The following object is masked from ‘package:nlme’:

    lmList

The following object is masked from ‘package:mice’:

    toenail


arm (Version 1.15-3, built: 2026-4-15)

Working directory is /Users/petelin/Desktop/test/GRB_app/GAM_supercomputer/emcee_v2_cleaned_formula_generation


Attaching package: ‘arm’

The following object is masked from ‘package:plotrix’:

    rescale

Removed 4 GRB(s) confirmed physically infeasible -- see removed_outliers_final.csv
     log10T90       log10Fa       log10Ta         Alpha          Beta 
 5.655298e-03 -1.318176e-02 -3.566178e-02  3.965906e-03  2.674980e-03 
        Gamma  log10Fluence   PhotonIndex       log10NH log10PeakFlux 
-5.526855e-06  0.000000e+00 -5.558241e-02  6.375713e-02 -6.598098e-02 
[1] 14
[1] 91
[1] 364
[1] 1001
[1] 2002
[1] 3003
[1] 3432
[1] 3003
[1] 2002
[1] 1001
[1] 364
[1] 91
[1] 14
[1] 1
[1] 7
[1] 21
[1] 35
[1] 35
[1] 21
[1] 7
[1] 1
[1] 35
[1] 7
[1] 21
[1] 35
[1] 35
[1] 21
[1] 7
[1] 1
Formulas: 16383 | GRBs: 281 
split 1/100 done in 2.6 min | best test r=0.528
split 2/100 done in 2.6 min | best test r=0.672
split 3/100 done in 2.7 min | best test r=0.496
split 4/100 done in 2.6 min | best test r=0.503
split 5/100 done in 2.7 min | best test r=0.374
split 6/100 done in 2.6 min | best test r=0.510
split 7/100 done in 2.6 min | best test r=0.524
split 8/100 done in 2.5 min | best test r=0.737
split 9/100 done in 2.6 min | best test r=0.441
split 10/100 done in 2.6 min | best test r=0.667
split 11/100 done in 2.7 min | best test r=0.520
split 12/100 done in 2.6 min | best test r=0.492
split 13/100 done in 2.5 min | best test r=0.545
split 14/100 done in 2.6 min | best test r=0.587
split 15/100 done in 2.5 min | best test r=0.303
split 16/100 done in 2.6 min | best test r=0.744
split 17/100 done in 2.5 min | best test r=0.604
split 18/100 done in 2.6 min | best test r=0.441
split 19/100 done in 2.6 min | best test r=0.498
split 20/100 done in 2.6 min | best test r=0.572
split 21/100 done in 2.5 min | best test r=0.505
split 22/100 done in 2.6 min | best test r=0.486
split 23/100 done in 2.5 min | best test r=0.366
split 24/100 done in 2.6 min | best test r=0.375
split 25/100 done in 2.5 min | best test r=0.804
split 26/100 done in 2.5 min | best test r=0.474
split 27/100 done in 2.6 min | best test r=0.445
split 28/100 done in 2.6 min | best test r=0.450
split 29/100 done in 2.6 min | best test r=0.586
split 30/100 done in 2.6 min | best test r=0.512
split 31/100 done in 2.6 min | best test r=0.384
split 32/100 done in 2.5 min | best test r=0.560
split 33/100 done in 2.6 min | best test r=0.584
split 34/100 done in 2.6 min | best test r=0.631
split 35/100 done in 2.6 min | best test r=0.403
split 36/100 done in 2.5 min | best test r=0.610
split 37/100 done in 2.5 min | best test r=0.719
split 38/100 done in 2.5 min | best test r=0.651
split 39/100 done in 2.5 min | best test r=0.611
split 40/100 done in 2.6 min | best test r=0.517
split 41/100 done in 2.6 min | best test r=0.469
split 42/100 done in 2.6 min | best test r=0.479
split 43/100 done in 2.6 min | best test r=0.493
split 44/100 done in 2.6 min | best test r=0.460
split 45/100 done in 2.6 min | best test r=0.611
split 46/100 done in 2.6 min | best test r=0.468
split 47/100 done in 2.5 min | best test r=0.614
split 48/100 done in 2.5 min | best test r=0.508
split 49/100 done in 2.6 min | best test r=0.447
split 50/100 done in 2.6 min | best test r=0.628
split 51/100 done in 2.5 min | best test r=0.312
split 52/100 done in 2.6 min | best test r=0.446
split 53/100 done in 2.6 min | best test r=0.433
split 54/100 done in 2.5 min | best test r=0.636
split 55/100 done in 2.5 min | best test r=0.695
split 56/100 done in 2.5 min | best test r=0.506
split 57/100 done in 2.6 min | best test r=0.530
split 58/100 done in 2.5 min | best test r=0.632
split 59/100 done in 2.6 min | best test r=0.553
split 60/100 done in 2.6 min | best test r=0.668
split 61/100 done in 2.6 min | best test r=0.537
split 62/100 done in 2.6 min | best test r=0.618
split 63/100 done in 2.6 min | best test r=0.593
split 64/100 done in 2.5 min | best test r=0.703
split 65/100 done in 2.5 min | best test r=0.696
split 66/100 done in 2.5 min | best test r=0.500
split 67/100 done in 2.5 min | best test r=0.568
split 68/100 done in 2.5 min | best test r=0.335
split 69/100 done in 2.6 min | best test r=0.606
split 70/100 done in 2.6 min | best test r=0.511
split 71/100 done in 2.5 min | best test r=0.629
split 72/100 done in 2.6 min | best test r=0.680
split 73/100 done in 2.5 min | best test r=0.559
split 74/100 done in 2.6 min | best test r=0.491
split 75/100 done in 2.6 min | best test r=0.493
split 76/100 done in 2.5 min | best test r=0.642
split 77/100 done in 2.5 min | best test r=0.482
split 78/100 done in 2.6 min | best test r=0.277
split 79/100 done in 2.5 min | best test r=0.622
split 80/100 done in 2.5 min | best test r=0.441
split 81/100 done in 2.6 min | best test r=0.591
split 82/100 done in 2.6 min | best test r=0.390
split 83/100 done in 2.5 min | best test r=0.720
split 84/100 done in 2.5 min | best test r=0.585
split 85/100 done in 2.5 min | best test r=0.602
split 86/100 done in 2.5 min | best test r=0.519
split 87/100 done in 2.5 min | best test r=0.592
split 88/100 done in 2.6 min | best test r=0.336
split 89/100 done in 2.6 min | best test r=0.486
split 90/100 done in 2.5 min | best test r=0.593
split 91/100 done in 2.5 min | best test r=0.574
split 92/100 done in 2.5 min | best test r=0.697
split 93/100 done in 2.6 min | best test r=0.532
split 94/100 done in 2.5 min | best test r=0.418
split 95/100 done in 2.5 min | best test r=0.435
split 96/100 done in 2.5 min | best test r=0.491
split 97/100 done in 2.5 min | best test r=0.402
split 98/100 done in 2.5 min | best test r=0.570
split 99/100 done in 2.6 min | best test r=0.516
split 100/100 done in 2.5 min | best test r=0.596
Splits completed: 100 | top formulas written to formula_win_frequency.csv
   formula_idx wins
1          597   14
2          666   13
3          145   11
4          641    9
5          669    8
6          654    4
7          898    4
8         1280    4
9         1425    4
10        2868    4
                                                                                                                                                                  formula
1  Response ~  (log10FaSqr+log10Fa+log10Ta+log10PeakFlux)^2+log10NH+PhotonIndex+log10T90+Alpha+log10PeakFluxSqr+log10NHSqr+PhotonIndexSqr+log10TaSqr+log10T90Sqr+AlphaSqr
2  Response ~  (log10FaSqr+log10TaSqr+log10Fa+log10PeakFlux)^2+log10NH+PhotonIndex+log10Ta+log10T90+Alpha+log10PeakFluxSqr+log10NHSqr+PhotonIndexSqr+log10T90Sqr+AlphaSqr
3  Response ~  (log10FaSqr+log10Fa+log10PeakFlux)^2+log10NH+PhotonIndex+log10Ta+log10T90+Alpha+log10PeakFluxSqr+log10NHSqr+PhotonIndexSqr+log10TaSqr+log10T90Sqr+AlphaSqr
4  Response ~  (log10FaSqr+log10T90+log10Fa+log10PeakFlux)^2+log10NH+PhotonIndex+log10Ta+Alpha+log10PeakFluxSqr+log10NHSqr+PhotonIndexSqr+log10TaSqr+log10T90Sqr+AlphaSqr
5  Response ~  (log10T90Sqr+log10FaSqr+log10Fa+log10PeakFlux)^2+log10NH+PhotonIndex+log10Ta+log10T90+Alpha+log10PeakFluxSqr+log10NHSqr+PhotonIndexSqr+log10TaSqr+AlphaSqr
6  Response ~  (log10FaSqr+log10PeakFluxSqr+log10Fa+log10PeakFlux)^2+log10NH+PhotonIndex+log10Ta+log10T90+Alpha+log10NHSqr+PhotonIndexSqr+log10TaSqr+log10T90Sqr+AlphaSqr
7  Response ~  (AlphaSqr+Alpha+log10T90+log10NH)^2+log10PeakFlux+PhotonIndex+log10Ta+log10Fa+log10PeakFluxSqr+log10NHSqr+PhotonIndexSqr+log10TaSqr+log10FaSqr+log10T90Sqr
8  Response ~  (log10FaSqr+PhotonIndexSqr+log10T90+log10Fa)^2+log10PeakFlux+log10NH+PhotonIndex+log10Ta+Alpha+log10PeakFluxSqr+log10NHSqr+log10TaSqr+log10T90Sqr+AlphaSqr
9  Response ~  (AlphaSqr+log10T90Sqr+log10NHSqr+Alpha)^2+log10PeakFlux+log10NH+PhotonIndex+log10Ta+log10Fa+log10T90+log10PeakFluxSqr+PhotonIndexSqr+log10TaSqr+log10FaSqr
10 Response ~  (AlphaSqr+PhotonIndexSqr+log10NHSqr+log10Fa+PhotonIndex)^2+log10PeakFlux+log10NH+log10Ta+log10T90+Alpha+log10PeakFluxSqr+log10TaSqr+log10FaSqr+log10T90Sqr
Most-frequent winning formula ( 14 / 100 splits):
Response ~ (log10FaSqr + log10Fa + log10Ta + log10PeakFlux)^2 + 
    log10NH + PhotonIndex + log10T90 + Alpha + log10PeakFluxSqr + 
    log10NHSqr + PhotonIndexSqr + log10TaSqr + log10T90Sqr + 
    AlphaSqr
<environment: 0x12d9443c0>
M-estimator outlier cut: 15 of 281 GRBs removed (weight <= 0.6065 )
Final outlier-removed data saved: 266 GRBs -> final_outliers_removed.csv
