Loading required package: foreach
Loading required package: iterators
Loading required package: parallel

Attaching package: ‘mice’

The following object is masked from ‘package:stats’:

    filter

The following objects are masked from ‘package:base’:

    cbind, rbind

Loading required package: colorspace
Loading required package: grid
VIM is ready to use.

Suggestions and bug-reports can be submitted at: https://github.com/statistikat/VIM/issues

Attaching package: ‘VIM’

The following object is masked from ‘package:datasets’:

    sleep


Attaching package: ‘dplyr’

The following objects are masked from ‘package:stats’:

    filter, lag

The following objects are masked from ‘package:base’:

    intersect, setdiff, setequal, union


Attaching package: ‘MASS’

The following object is masked from ‘package:dplyr’:

    select

randomForest 4.7-1.2
Type rfNews() to see new features/changes/bug fixes.

Attaching package: ‘randomForest’

The following object is masked from ‘package:dplyr’:

    combine

The following object is masked from ‘package:ggplot2’:

    margin

Loading required package: Formula
Loading required package: plotmo
Loading required package: plotrix
Loading required package: Matrix
Loaded glmnet 4.1-10
Loading required package: nnls
Loading required package: gam
Loading required package: splines
Loaded gam 1.22-6

Super Learner
Version: 2.0-29
Package created on 2024-02-06

Loading required package: nlme

Attaching package: ‘nlme’

The following object is masked from ‘package:dplyr’:

    collapse

This is mgcv 1.9-3. For overview type 'help("mgcv-package")'.

Attaching package: ‘mgcv’

The following objects are masked from ‘package:gam’:

    gam, gam.control, gam.fit, s

Loaded gbm 2.2.2
This version of gbm is no longer under development. Consider transitioning to gbm3, https://github.com/gbm-developers/gbm3
Loading required package: mvtnorm
Loading required package: modeltools
Loading required package: stats4
Loading required package: strucchange
Loading required package: zoo

Attaching package: ‘zoo’

The following objects are masked from ‘package:base’:

    as.Date, as.Date.numeric

Loading required package: sandwich

Attaching package: ‘strucchange’

The following object is masked from ‘package:stringr’:

    boundary


Attaching package: ‘party’

The following object is masked from ‘package:dplyr’:

    where

Loading required package: lme4

Attaching package: ‘lme4’

The following object is masked from ‘package:modeltools’:

    refit

The following object is masked from ‘package:nlme’:

    lmList


arm (Version 1.14-4, built: 2024-4-1)

Working directory is /Users/peterlin/Desktop/test/GRB_app


Attaching package: ‘arm’

The following object is masked from ‘package:mvtnorm’:

    standardize

The following object is masked from ‘package:plotrix’:

    rescale


Attaching package: ‘dgof’

The following object is masked from ‘package:stats’:

    ks.test

Loading required package: SuppDists

Attaching package: ‘latticeExtra’

The following object is masked from ‘package:ggplot2’:

    layer

Loading required package: bigmemory
Loading required package: ncvreg

Attaching package: ‘e1071’

The following object is masked from ‘package:ggplot2’:

    element

[1] "not running locally"
Column names found:
 [1] "GRB"                 "Redshift_crosscheck" "log10T90"           
 [4] "log10Fa"             "log10Ta"             "Alpha"              
 [7] "Beta"                "Gamma"               "log10Fluence"       
[10] "PhotonIndex"         "log10NH"             "log10PeakFlux"      
[13] "T90Err"              "log10FaErr"          "log10TaErr"         
[16] "AlphaErr"            "BetaErr"             "FluenceErr"         
[19] "PhotonIndexErr"      "PeakFluxErr"        
Assertion OK: no NA in GRBPred after imputation ( 307 rows x 18 cols )
MC errors frame built for 307 rows
 [1] "050319A" "050826A" "051109B" "060218A" "060512A" "060614A" "060904B"
 [8] "061021A" "070714B" "080413B" "080913A" "080916A" "100316D" "100621A"
[15] "100704A" "101219B" "101225A" "111008A" "130427A" "130702A" "150821A"
[22] "151112A" "161129A" "171205A" "201014A" "201015A" "220101A" "220117A"
[29] "220521A" "230328B" "230506C"
Assertion OK: GRBPred has no NA/NaN/Inf ( 276 rows )
The number of NAs in GRBPred is: 0 
GAM vars missing from GRBPred:  
CV repetitions (loop): 10 
Assertion OK: SuperLearner inputs valid; 221 rows, 20 predictors
Parallelizing 10 CV repetition(s) across 8 core(s)
[rep 1] starting
[rep 2] starting
[rep 3] starting
[rep 4] starting
[rep 5] starting
[rep 1] Iteration 1 out of 10
[rep 2] Iteration 1 out of 10
[rep 6] starting
[rep 7] starting
[rep 3] Iteration 1 out of 10
[rep 5] Iteration 1 out of 10
[rep 8] starting
[rep 4] Iteration 1 out of 10
[rep 7] Iteration 1 out of 10
[rep 6] Iteration 1 out of 10
[rep 8] Iteration 1 out of 10
[rep 3] Iteration 2 out of 10
[rep 2] Iteration 2 out of 10
[rep 4] Iteration 2 out of 10
[rep 5] Iteration 2 out of 10
[rep 7] Iteration 2 out of 10
[rep 1] Iteration 2 out of 10
[rep 8] Iteration 2 out of 10
[rep 6] Iteration 2 out of 10
[rep 2] Iteration 3 out of 10
[rep 3] Iteration 3 out of 10
[rep 5] Iteration 3 out of 10
[rep 4] Iteration 3 out of 10
[rep 7] Iteration 3 out of 10
[rep 8] Iteration 3 out of 10
[rep 1] Iteration 3 out of 10
[rep 6] Iteration 3 out of 10
[rep 3] Iteration 4 out of 10
[rep 2] Iteration 4 out of 10
[rep 4] Iteration 4 out of 10
[rep 7] Iteration 4 out of 10
[rep 5] Iteration 4 out of 10
[rep 6] Iteration 4 out of 10
[rep 8] Iteration 4 out of 10
[rep 1] Iteration 4 out of 10
[rep 2] Iteration 5 out of 10
[rep 7] Iteration 5 out of 10
[rep 3] Iteration 5 out of 10
[rep 5] Iteration 5 out of 10
[rep 4] Iteration 5 out of 10
[rep 6] Iteration 5 out of 10
[rep 1] Iteration 5 out of 10
[rep 8] Iteration 5 out of 10
[rep 3] Iteration 6 out of 10
[rep 2] Iteration 6 out of 10
[rep 7] Iteration 6 out of 10
[rep 5] Iteration 6 out of 10
[rep 4] Iteration 6 out of 10
[rep 1] Iteration 6 out of 10
[rep 8] Iteration 6 out of 10
[rep 6] Iteration 6 out of 10
[rep 2] Iteration 7 out of 10
[rep 3] Iteration 7 out of 10
[rep 7] Iteration 7 out of 10
[rep 1] Iteration 7 out of 10
[rep 4] Iteration 7 out of 10
[rep 5] Iteration 7 out of 10
[rep 8] Iteration 7 out of 10
[rep 6] Iteration 7 out of 10
[rep 2] Iteration 8 out of 10
[rep 3] Iteration 8 out of 10
[rep 1] Iteration 8 out of 10
[rep 7] Iteration 8 out of 10
[rep 5] Iteration 8 out of 10
[rep 4] Iteration 8 out of 10
[rep 8] Iteration 8 out of 10
[rep 6] Iteration 8 out of 10
[rep 2] Iteration 9 out of 10
[rep 3] Iteration 9 out of 10
[rep 5] Iteration 9 out of 10
[rep 1] Iteration 9 out of 10
[rep 7] Iteration 9 out of 10
[rep 4] Iteration 9 out of 10
[rep 8] Iteration 9 out of 10
[rep 6] Iteration 9 out of 10
[rep 3] Iteration 10 out of 10
[rep 2] Iteration 10 out of 10
[rep 7] Iteration 10 out of 10
[rep 1] Iteration 10 out of 10
[rep 5] Iteration 10 out of 10
[rep 4] Iteration 10 out of 10
[rep 8] Iteration 10 out of 10
[rep 6] Iteration 10 out of 10
[rep 10] starting
[rep 10] Iteration 1 out of 10
[rep 9] starting
[rep 9] Iteration 1 out of 10
[rep 10] Iteration 2 out of 10
[rep 9] Iteration 2 out of 10
[rep 10] Iteration 3 out of 10
[rep 9] Iteration 3 out of 10
[rep 9] Iteration 4 out of 10
[rep 10] Iteration 4 out of 10
[rep 9] Iteration 5 out of 10
[rep 10] Iteration 5 out of 10
[rep 9] Iteration 6 out of 10
[rep 10] Iteration 6 out of 10
[rep 9] Iteration 7 out of 10
[rep 10] Iteration 7 out of 10
[rep 9] Iteration 8 out of 10
[rep 10] Iteration 8 out of 10
[rep 9] Iteration 9 out of 10
[rep 10] Iteration 9 out of 10
[rep 9] Iteration 10 out of 10
[rep 10] Iteration 10 out of 10
Flattening MC samples across 10 repetitions...
MC matrix: 221 rows x 1000 samples
MC coverage: 20.8% of rows have truth inside 95% MC interval
MC metrics [all   ] log10(z+1): n=221 r=0.589 RMSE=0.139 | z: r=0.160 RMSE=4.905
MC metrics [inside] log10(z+1): n=46 r=0.921 RMSE=0.046 | z: r=0.326 RMSE=10.511
Wrote OutputFiles/mc_predictions.csv and OutputFiles/mc_raw.rds
Wrote MC plots to runs/mest_10pct//Plot_Output/ 
null device 
          1 
  [1] "000926A" "050315A" "050318A" "050401A" "050416A" "050502A" "050502B"
  [8] "050505A" "050525A" "050603A" "050730A" "050801A" "050802A" "050803A"
 [15] "050824A" "050904A" "050908A" "051016B" "051028A" "051109A" "051111A"
 [22] "060115A" "060124A" "060206A" "060210A" "060306A" "060418A" "060510B"
 [29] "060526A" "060604A" "060607A" "060707A" "060714A" "060729A" "060814A"
 [36] "060906A" "060908A" "060926A" "060927A" "061007A" "061110A" "061121A"
 [43] "061126A" "061222A" "070110A" "070208A" "070223A" "070306A" "070411A"
 [50] "070508A" "070521A" "070529A" "070612A" "070721B" "070810A" "071003A"
 [57] "071010A" "071010B" "071020A" "071112C" "071117A" "080310A" "080319B"
 [64] "080319C" "080330A" "080411A" "080430A" "080516A" "080603A" "080603B"
 [71] "080607A" "080710A" "080721A" "080905B" "080928A" "081008A" "081028A"
 [78] "081029A" "081203A" "081221A" "081230A" "090102A" "090313A" "090418A"
 [85] "090423A" "090424A" "090516A" "090519A" "090618A" "090726A" "090809A"
 [92] "090927A" "091020A" "091029A" "091109A" "091127A" "100219A" "100316B"
 [99] "100418A" "100425A" "100508A" "100728A" "100816A" "100901A" "100906A"
[106] "110205A" "110422A" "110715A" "110726A" "110731A" "110801A" "110818A"
[113] "111107A" "111228A" "120327A" "120404A" "120729A" "120802A" "120811C"
[120] "120907A" "120922A" "121024A" "121027A" "121128A" "121211A" "130215A"
[127] "130408A" "130418A" "130420A" "130505A" "130511A" "130514A" "130604A"
[134] "130831A" "130925A" "131117A" "140206A" "140213A" "140419A" "140423A"
[141] "140430A" "140506A" "140512A" "140518A" "140614A" "140629A" "140801A"
[148] "140907A" "141004A" "141121A" "141220A" "141221A" "150314A" "150323A"
[155] "150403A" "150910A" "151021A" "151027A" "151029A" "151031A" "151215A"
[162] "160117B" "160121A" "160131A" "160203A" "160227A" "160327A" "161023A"
[169] "161108A" "161117A" "161219B" "170113A" "170202A" "170405A" "170519A"
[176] "170531B" "170607A" "170714A" "170903A" "171222A" "180115A" "180205A"
[183] "180325A" "180329B" "180404A" "180620B" "180624A" "180720B" "180728A"
[190] "181010A" "181020A" "181110A" "181201A" "190106A" "190114A" "190719C"
[197] "190829A" "191011A" "191221B" "200205B" "200613A" "200829A" "201020A"
[204] "201021C" "201104B" "201221A" "210204A" "210222B" "210610A" "210610B"
[211] "210619B" "210722A" "211024B" "220611A" "230116D" "230414B" "230818A"
[218] "231210B"
[1] "_with_catOutl_correlation_plot"
Scale for x is already present.
Adding another scale for x, which will replace the existing scale.
Scale for y is already present.
Adding another scale for y, which will replace the existing scale.
Ignoring unknown labels:
• colour : ""
Ignoring unknown labels:
• colour : ""
[1] "_with_catOutl_correlation_plot"
Scale for x is already present.
Adding another scale for x, which will replace the existing scale.
Scale for y is already present.
Adding another scale for y, which will replace the existing scale.
Warning messages:
1: The `size` argument of `element_rect()` is deprecated as of ggplot2 3.4.0.
ℹ Please use the `linewidth` argument instead. 
2: In fortify(data, ...) : Arguments in `...` must be used.
✖ Problematic argument:
• col = "black"
ℹ Did you misspell an argument name?
3: The `size` argument of `element_line()` is deprecated as of ggplot2 3.4.0.
ℹ Please use the `linewidth` argument instead. 
4: In fortify(data, ...) : Arguments in `...` must be used.
✖ Problematic argument:
• col = "black"
ℹ Did you misspell an argument name?
+ Fold01: mtry=6 
- Fold01: mtry=6 
+ Fold02: mtry=6 
- Fold02: mtry=6 
+ Fold03: mtry=6 
- Fold03: mtry=6 
+ Fold04: mtry=6 
- Fold04: mtry=6 
+ Fold05: mtry=6 
- Fold05: mtry=6 
+ Fold06: mtry=6 
- Fold06: mtry=6 
+ Fold07: mtry=6 
- Fold07: mtry=6 
+ Fold08: mtry=6 
- Fold08: mtry=6 
+ Fold09: mtry=6 
- Fold09: mtry=6 
+ Fold10: mtry=6 
- Fold10: mtry=6 
Aggregating results
Fitting final model on full training set
+ Fold01: cp=0.05553 
- Fold01: cp=0.05553 
+ Fold02: cp=0.05553 
- Fold02: cp=0.05553 
+ Fold03: cp=0.05553 
- Fold03: cp=0.05553 
+ Fold04: cp=0.05553 
- Fold04: cp=0.05553 
+ Fold05: cp=0.05553 
- Fold05: cp=0.05553 
+ Fold06: cp=0.05553 
- Fold06: cp=0.05553 
+ Fold07: cp=0.05553 
- Fold07: cp=0.05553 
+ Fold08: cp=0.05553 
- Fold08: cp=0.05553 
+ Fold09: cp=0.05553 
- Fold09: cp=0.05553 
+ Fold10: cp=0.05553 
- Fold10: cp=0.05553 
Aggregating results
Selecting tuning parameters
Fitting cp = 0.0555 on full training set
+ Fold01: mtry=6 
- Fold01: mtry=6 
+ Fold02: mtry=6 
- Fold02: mtry=6 
+ Fold03: mtry=6 
- Fold03: mtry=6 
+ Fold04: mtry=6 
- Fold04: mtry=6 
+ Fold05: mtry=6 
- Fold05: mtry=6 
+ Fold06: mtry=6 
- Fold06: mtry=6 
+ Fold07: mtry=6 
- Fold07: mtry=6 
+ Fold08: mtry=6 
- Fold08: mtry=6 
+ Fold09: mtry=6 
- Fold09: mtry=6 
+ Fold10: mtry=6 
- Fold10: mtry=6 
Aggregating results
Fitting final model on full training set
+ Fold01: cp=0.04921 
- Fold01: cp=0.04921 
+ Fold02: cp=0.04921 
- Fold02: cp=0.04921 
+ Fold03: cp=0.04921 
- Fold03: cp=0.04921 
+ Fold04: cp=0.04921 
- Fold04: cp=0.04921 
+ Fold05: cp=0.04921 
- Fold05: cp=0.04921 
+ Fold06: cp=0.04921 
- Fold06: cp=0.04921 
+ Fold07: cp=0.04921 
- Fold07: cp=0.04921 
+ Fold08: cp=0.04921 
- Fold08: cp=0.04921 
+ Fold09: cp=0.04921 
- Fold09: cp=0.04921 
+ Fold10: cp=0.04921 
- Fold10: cp=0.04921 
Aggregating results
Selecting tuning parameters
Fitting cp = 0.076 on full training set
+ Fold01: mtry=6 
- Fold01: mtry=6 
+ Fold02: mtry=6 
- Fold02: mtry=6 
+ Fold03: mtry=6 
- Fold03: mtry=6 
+ Fold04: mtry=6 
- Fold04: mtry=6 
+ Fold05: mtry=6 
- Fold05: mtry=6 
+ Fold06: mtry=6 
- Fold06: mtry=6 
+ Fold07: mtry=6 
- Fold07: mtry=6 
+ Fold08: mtry=6 
- Fold08: mtry=6 
+ Fold09: mtry=6 
- Fold09: mtry=6 
+ Fold10: mtry=6 
- Fold10: mtry=6 
Aggregating results
Fitting final model on full training set
+ Fold01: cp=0.05336 
- Fold01: cp=0.05336 
+ Fold02: cp=0.05336 
- Fold02: cp=0.05336 
+ Fold03: cp=0.05336 
- Fold03: cp=0.05336 
+ Fold04: cp=0.05336 
- Fold04: cp=0.05336 
+ Fold05: cp=0.05336 
- Fold05: cp=0.05336 
+ Fold06: cp=0.05336 
- Fold06: cp=0.05336 
+ Fold07: cp=0.05336 
- Fold07: cp=0.05336 
+ Fold08: cp=0.05336 
- Fold08: cp=0.05336 
+ Fold09: cp=0.05336 
- Fold09: cp=0.05336 
+ Fold10: cp=0.05336 
- Fold10: cp=0.05336 
Aggregating results
Selecting tuning parameters
Fitting cp = 0.0534 on full training set
+ Fold01: mtry=6 
- Fold01: mtry=6 
+ Fold02: mtry=6 
- Fold02: mtry=6 
+ Fold03: mtry=6 
- Fold03: mtry=6 
+ Fold04: mtry=6 
- Fold04: mtry=6 
+ Fold05: mtry=6 
- Fold05: mtry=6 
+ Fold06: mtry=6 
- Fold06: mtry=6 
+ Fold07: mtry=6 
- Fold07: mtry=6 
+ Fold08: mtry=6 
- Fold08: mtry=6 
+ Fold09: mtry=6 
- Fold09: mtry=6 
+ Fold10: mtry=6 
- Fold10: mtry=6 
Aggregating results
Fitting final model on full training set
+ Fold01: cp=0.05256 
- Fold01: cp=0.05256 
+ Fold02: cp=0.05256 
- Fold02: cp=0.05256 
+ Fold03: cp=0.05256 
- Fold03: cp=0.05256 
+ Fold04: cp=0.05256 
- Fold04: cp=0.05256 
+ Fold05: cp=0.05256 
- Fold05: cp=0.05256 
+ Fold06: cp=0.05256 
- Fold06: cp=0.05256 
+ Fold07: cp=0.05256 
- Fold07: cp=0.05256 
+ Fold08: cp=0.05256 
- Fold08: cp=0.05256 
+ Fold09: cp=0.05256 
- Fold09: cp=0.05256 
+ Fold10: cp=0.05256 
- Fold10: cp=0.05256 
Aggregating results
Selecting tuning parameters
Fitting cp = 0.0526 on full training set
+ Fold01: mtry=6 
- Fold01: mtry=6 
+ Fold02: mtry=6 
- Fold02: mtry=6 
+ Fold03: mtry=6 
- Fold03: mtry=6 
+ Fold04: mtry=6 
- Fold04: mtry=6 
+ Fold05: mtry=6 
- Fold05: mtry=6 
+ Fold06: mtry=6 
- Fold06: mtry=6 
+ Fold07: mtry=6 
- Fold07: mtry=6 
+ Fold08: mtry=6 
- Fold08: mtry=6 
+ Fold09: mtry=6 
- Fold09: mtry=6 
+ Fold10: mtry=6 
- Fold10: mtry=6 
Aggregating results
Fitting final model on full training set
+ Fold01: cp=0.05504 
- Fold01: cp=0.05504 
+ Fold02: cp=0.05504 
- Fold02: cp=0.05504 
+ Fold03: cp=0.05504 
- Fold03: cp=0.05504 
+ Fold04: cp=0.05504 
- Fold04: cp=0.05504 
+ Fold05: cp=0.05504 
- Fold05: cp=0.05504 
+ Fold06: cp=0.05504 
- Fold06: cp=0.05504 
+ Fold07: cp=0.05504 
- Fold07: cp=0.05504 
+ Fold08: cp=0.05504 
- Fold08: cp=0.05504 
+ Fold09: cp=0.05504 
- Fold09: cp=0.05504 
+ Fold10: cp=0.05504 
- Fold10: cp=0.05504 
Aggregating results
Selecting tuning parameters
Fitting cp = 0.055 on full training set
+ Fold01: mtry=6 
- Fold01: mtry=6 
+ Fold02: mtry=6 
- Fold02: mtry=6 
+ Fold03: mtry=6 
- Fold03: mtry=6 
+ Fold04: mtry=6 
- Fold04: mtry=6 
+ Fold05: mtry=6 
- Fold05: mtry=6 
+ Fold06: mtry=6 
- Fold06: mtry=6 
+ Fold07: mtry=6 
- Fold07: mtry=6 
+ Fold08: mtry=6 
- Fold08: mtry=6 
+ Fold09: mtry=6 
- Fold09: mtry=6 
+ Fold10: mtry=6 
- Fold10: mtry=6 
Aggregating results
Fitting final model on full training set
+ Fold01: cp=0.05174 
- Fold01: cp=0.05174 
+ Fold02: cp=0.05174 
- Fold02: cp=0.05174 
+ Fold03: cp=0.05174 
- Fold03: cp=0.05174 
+ Fold04: cp=0.05174 
- Fold04: cp=0.05174 
+ Fold05: cp=0.05174 
- Fold05: cp=0.05174 
+ Fold06: cp=0.05174 
- Fold06: cp=0.05174 
+ Fold07: cp=0.05174 
- Fold07: cp=0.05174 
+ Fold08: cp=0.05174 
- Fold08: cp=0.05174 
+ Fold09: cp=0.05174 
- Fold09: cp=0.05174 
+ Fold10: cp=0.05174 
- Fold10: cp=0.05174 
Aggregating results
Selecting tuning parameters
Fitting cp = 0.0517 on full training set
Warning messages:
1: In nominalTrainWorkflow(x = x, y = y, wts = weights, info = trainInfo,  :
  There were missing values in resampled performance measures.
2: In nominalTrainWorkflow(x = x, y = y, wts = weights, info = trainInfo,  :
  There were missing values in resampled performance measures.
3: In nominalTrainWorkflow(x = x, y = y, wts = weights, info = trainInfo,  :
  There were missing values in resampled performance measures.
4: In nominalTrainWorkflow(x = x, y = y, wts = weights, info = trainInfo,  :
  There were missing values in resampled performance measures.
5: In nominalTrainWorkflow(x = x, y = y, wts = weights, info = trainInfo,  :
  There were missing values in resampled performance measures.
6: In nominalTrainWorkflow(x = x, y = y, wts = weights, info = trainInfo,  :
  There were missing values in resampled performance measures.
  [1] "000926A" "050315A" "050318A" "050401A" "050416A" "050502A" "050502B"
  [8] "050505A" "050525A" "050603A" "050730A" "050801A" "050802A" "050803A"
 [15] "050824A" "050904A" "051016B" "051028A" "051109A" "051111A" "060115A"
 [22] "060124A" "060206A" "060210A" "060306A" "060418A" "060510B" "060526A"
 [29] "060604A" "060607A" "060707A" "060714A" "060729A" "060814A" "060906A"
 [36] "060908A" "060926A" "060927A" "061007A" "061110A" "061121A" "061126A"
 [43] "061222A" "070110A" "070208A" "070223A" "070306A" "070411A" "070508A"
 [50] "070521A" "070529A" "070612A" "070721B" "070810A" "071003A" "071010A"
 [57] "071010B" "071020A" "071112C" "071117A" "080310A" "080319B" "080319C"
 [64] "080330A" "080411A" "080430A" "080516A" "080603A" "080603B" "080607A"
 [71] "080710A" "080721A" "080905B" "080928A" "081008A" "081028A" "081029A"
 [78] "081203A" "081221A" "081230A" "090102A" "090313A" "090418A" "090423A"
 [85] "090424A" "090516A" "090519A" "090618A" "090726A" "090809A" "090927A"
 [92] "091020A" "091029A" "091109A" "091127A" "100219A" "100316B" "100418A"
 [99] "100425A" "100508A" "100728A" "100816A" "100901A" "100906A" "110205A"
[106] "110422A" "110715A" "110726A" "110731A" "110801A" "110818A" "111107A"
[113] "111228A" "120327A" "120404A" "120729A" "120802A" "120811C" "120907A"
[120] "120922A" "121024A" "121027A" "121128A" "121211A" "130408A" "130418A"
[127] "130420A" "130505A" "130511A" "130514A" "130604A" "130831A" "130925A"
[134] "131117A" "140206A" "140213A" "140419A" "140423A" "140430A" "140506A"
[141] "140512A" "140518A" "140614A" "140629A" "140801A" "140907A" "141004A"
[148] "141121A" "141220A" "141221A" "150314A" "150323A" "150403A" "150910A"
[155] "151021A" "151027A" "151029A" "151031A" "151215A" "160117B" "160121A"
[162] "160131A" "160203A" "160227A" "161023A" "161108A" "161117A" "170113A"
[169] "170202A" "170405A" "170519A" "170531B" "170607A" "170714A" "170903A"
[176] "171222A" "180115A" "180205A" "180325A" "180329B" "180404A" "180620B"
[183] "180624A" "180720B" "180728A" "181010A" "181020A" "181110A" "181201A"
[190] "190106A" "190114A" "190719C" "190829A" "191011A" "191221B" "200205B"
[197] "200613A" "200829A" "201020A" "201021C" "201104B" "201221A" "210204A"
[204] "210222B" "210610A" "210610B" "210619B" "210722A" "211024B" "220611A"
[211] "230116D" "230414B" "230818A" "231210B"
[1] "_without_catOutl_correlation_plot"
Scale for x is already present.
Adding another scale for x, which will replace the existing scale.
Scale for y is already present.
Adding another scale for y, which will replace the existing scale.
Ignoring unknown labels:
• colour : ""
Ignoring unknown labels:
• colour : ""
[1] "_without_catOutl_correlation_plot"
Scale for x is already present.
Adding another scale for x, which will replace the existing scale.
Scale for y is already present.
Adding another scale for y, which will replace the existing scale.
Warning messages:
1: In fortify(data, ...) : Arguments in `...` must be used.
✖ Problematic argument:
• col = "black"
ℹ Did you misspell an argument name?
2: In fortify(data, ...) : Arguments in `...` must be used.
✖ Problematic argument:
• col = "black"
ℹ Did you misspell an argument name?
