Loading required package: doParallel
Loading required package: foreach
Loading required package: iterators
Loading required package: parallel
Loading required package: mice

Attaching package: ‘mice’

The following object is masked from ‘package:stats’:

    filter

The following objects are masked from ‘package:base’:

    cbind, rbind

Loading required package: ggplot2
Loading required package: lattice
Loading required package: stringr
Loading required package: dplyr

Attaching package: ‘dplyr’

The following objects are masked from ‘package:stats’:

    filter, lag

The following objects are masked from ‘package:base’:

    intersect, setdiff, setequal, union

Loading required package: MASS

Attaching package: ‘MASS’

The following object is masked from ‘package:dplyr’:

    select

Loading required package: randomForest
randomForest 4.7-1.2
Type rfNews() to see new features/changes/bug fixes.

Attaching package: ‘randomForest’

The following object is masked from ‘package:dplyr’:

    combine

The following object is masked from ‘package:ggplot2’:

    margin

Loading required package: earth
Loading required package: Formula
Loading required package: plotmo
Loading required package: plotrix
Loading required package: Matrix
Loaded glmnet 5.0
Loading required package: SuperLearner
Loading required package: nnls
Loading required package: gam
Loading required package: splines
Loaded gam 1.22-7

Super Learner
Version: 2.0-40
Package created on 2025-12-14

Loading required package: mgcv
Loading required package: nlme

Attaching package: ‘nlme’

The following object is masked from ‘package:dplyr’:

    collapse

This is mgcv 1.9-4. For overview type '?mgcv'.

Attaching package: ‘mgcv’

The following objects are masked from ‘package:gam’:

    gam, gam.control, gam.fit, s

Loading required package: xgboost
Loading required package: gbm
Loaded gbm 2.3.1
This version of gbm is no longer under development. Consider transitioning to gbm3, https://github.com/gbm-developers/gbm3
Loading required package: caret
Loading required package: biglasso
Loading required package: bigmemory
Loading required package: ncvreg

Attaching package: ‘ncvreg’

The following object is masked from ‘package:nlme’:

    intervals

Loading required package: lme4

Attaching package: ‘lme4’

The following object is masked from ‘package:nlme’:

    lmList

The following object is masked from ‘package:mice’:

    toenail


arm (Version 1.15-3, built: 2026-4-15)

Working directory is /Users/petelin/Desktop/test/GRB_app


Attaching package: ‘arm’

The following object is masked from ‘package:plotrix’:

    rescale

Warning message:
Number of logged events: 1 
     log10T90       log10Fa       log10Ta         Alpha          Beta 
  0.003426005  -0.010188907  -0.019802294   0.001891209   0.000000000 
        Gamma  log10Fluence   PhotonIndex       log10NH log10PeakFlux 
 -0.010855331   0.000000000  -0.050093108   0.059083039  -0.073985202 
[1] 16
[1] 120
[1] 560
[1] 1820
[1] 4368
[1] 8008
[1] 11440
[1] 12870
[1] 11440
[1] 8008
[1] 4368
[1] 1820
[1] 560
[1] 120
[1] 16
[1] 1
[1] 8
[1] 28
[1] 56
[1] 70
[1] 56
[1] 28
[1] 8
[1] 1
[1] 56
[1] 8
[1] 28
[1] 56
[1] 70
[1] 56
[1] 28
[1] 8
[1] 1
[1] 11 17
[1] 12 17
character(0)
character(0)
Error in loadNamespace(x) : there is no package called ‘snow’
Calls: makeCluster ... loadNamespace -> withRestarts -> withOneRestart -> doWithOneRestart
Execution halted
