Loading required package: doParallel
Loading required package: foreach
Loading required package: iterators
Loading required package: parallel
Loading required package: mice

Attaching package: ‘mice’

The following object is masked from ‘package:stats’:

    filter

The following objects are masked from ‘package:base’:

    cbind, rbind

Loading required package: ggplot2
Loading required package: lattice
Loading required package: stringr
Loading required package: dplyr

Attaching package: ‘dplyr’

The following objects are masked from ‘package:stats’:

    filter, lag

The following objects are masked from ‘package:base’:

    intersect, setdiff, setequal, union

Loading required package: MASS

Attaching package: ‘MASS’

The following object is masked from ‘package:dplyr’:

    select

Loading required package: randomForest
randomForest 4.7-1.2
Type rfNews() to see new features/changes/bug fixes.

Attaching package: ‘randomForest’

The following object is masked from ‘package:dplyr’:

    combine

The following object is masked from ‘package:ggplot2’:

    margin

Loading required package: earth
Loading required package: Formula
Loading required package: plotmo
Loading required package: plotrix
Loading required package: Matrix
Loaded glmnet 5.0
Loading required package: SuperLearner
Loading required package: nnls
Loading required package: gam
Loading required package: splines
Loaded gam 1.22-7

Super Learner
Version: 2.0-40
Package created on 2025-12-14

Loading required package: mgcv
Loading required package: nlme

Attaching package: ‘nlme’

The following object is masked from ‘package:dplyr’:

    collapse

This is mgcv 1.9-4. For overview type '?mgcv'.

Attaching package: ‘mgcv’

The following objects are masked from ‘package:gam’:

    gam, gam.control, gam.fit, s

Loading required package: xgboost
Loading required package: gbm
Loaded gbm 2.3.1
This version of gbm is no longer under development. Consider transitioning to gbm3, https://github.com/gbm-developers/gbm3
Loading required package: caret
Loading required package: biglasso
Loading required package: bigmemory
Loading required package: ncvreg

Attaching package: ‘ncvreg’

The following object is masked from ‘package:nlme’:

    intervals

Loading required package: lme4

Attaching package: ‘lme4’

The following object is masked from ‘package:nlme’:

    lmList

The following object is masked from ‘package:mice’:

    toenail


arm (Version 1.15-3, built: 2026-4-15)

Working directory is /Users/petelin/Desktop/test/GRB_app/runs/emcee_100split_formulasearch


Attaching package: ‘arm’

The following object is masked from ‘package:plotrix’:

    rescale

     log10T90       log10Fa       log10Ta         Alpha          Beta 
 0.0110604221 -0.0268705227 -0.0543201247  0.0137576441  0.0006161548 
        Gamma  log10Fluence   PhotonIndex       log10NH log10PeakFlux 
 0.0000000000  0.0000000000 -0.0579437345  0.0580272167 -0.0686437235 
[1] 14
[1] 91
[1] 364
[1] 1001
[1] 2002
[1] 3003
[1] 3432
[1] 3003
[1] 2002
[1] 1001
[1] 364
[1] 91
[1] 14
[1] 1
[1] 7
[1] 21
[1] 35
[1] 35
[1] 21
[1] 7
[1] 1
[1] 35
[1] 7
[1] 21
[1] 35
[1] 35
[1] 21
[1] 7
[1] 1
Formulas: 16383 | GRBs: 285 
split 1 already done, skipping
split 2/100 done in 2.6 min | best test r=0.672
split 3/100 done in 2.6 min | best test r=0.465
split 4/100 done in 152.8 min | best test r=0.549
split 5/100 done in 24.6 min | best test r=0.561
split 6/100 done in 54.6 min | best test r=0.563
split 7/100 done in 19.0 min | best test r=0.517
split 8/100 done in 11.1 min | best test r=0.544
split 9/100 done in 16.8 min | best test r=0.316
split 10/100 done in 3.9 min | best test r=0.639
split 11/100 done in 2.7 min | best test r=0.567
split 12/100 done in 2.7 min | best test r=0.506
split 13/100 done in 2.8 min | best test r=0.625
split 14/100 done in 2.9 min | best test r=0.630
split 15/100 done in 2.9 min | best test r=0.411
split 16/100 done in 2.9 min | best test r=0.406
split 17/100 done in 2.9 min | best test r=0.630
split 18/100 done in 2.9 min | best test r=0.493
split 19/100 done in 2.9 min | best test r=0.674
split 20/100 done in 3.0 min | best test r=0.647
split 21/100 done in 3.1 min | best test r=0.446
split 22/100 done in 2.9 min | best test r=0.381
split 23/100 done in 3.0 min | best test r=0.585
split 24/100 done in 2.9 min | best test r=0.392
split 25/100 done in 2.8 min | best test r=0.643
split 26/100 done in 2.8 min | best test r=0.414
split 27/100 done in 2.9 min | best test r=0.514
split 28/100 done in 2.8 min | best test r=0.481
split 29/100 done in 2.9 min | best test r=0.623
split 30/100 done in 2.8 min | best test r=0.550
split 31/100 done in 2.8 min | best test r=0.439
split 32/100 done in 2.8 min | best test r=0.620
split 33/100 done in 2.9 min | best test r=0.545
split 34/100 done in 2.8 min | best test r=0.617
split 35/100 done in 2.8 min | best test r=0.575
split 36/100 done in 2.8 min | best test r=0.537
split 37/100 done in 2.8 min | best test r=0.644
split 38/100 done in 2.8 min | best test r=0.670
split 39/100 done in 2.9 min | best test r=0.443
split 40/100 done in 2.8 min | best test r=0.649
split 41/100 done in 2.8 min | best test r=0.564
split 42/100 done in 3.0 min | best test r=0.625
split 43/100 done in 2.9 min | best test r=0.480
split 44/100 done in 2.8 min | best test r=0.470
split 45/100 done in 2.8 min | best test r=0.462
split 46/100 done in 2.7 min | best test r=0.316
split 47/100 done in 2.9 min | best test r=0.551
split 48/100 done in 2.9 min | best test r=0.517
split 49/100 done in 2.8 min | best test r=0.454
split 50/100 done in 2.9 min | best test r=0.612
split 51/100 done in 2.8 min | best test r=0.440
split 52/100 done in 2.9 min | best test r=0.497
split 53/100 done in 2.8 min | best test r=0.606
split 54/100 done in 2.8 min | best test r=0.526
split 55/100 done in 2.8 min | best test r=0.678
split 56/100 done in 2.8 min | best test r=0.479
split 57/100 done in 2.8 min | best test r=0.419
split 58/100 done in 2.8 min | best test r=0.361
split 59/100 done in 2.8 min | best test r=0.546
split 60/100 done in 2.8 min | best test r=0.676
split 61/100 done in 2.7 min | best test r=0.447
split 62/100 done in 2.7 min | best test r=0.651
split 63/100 done in 2.8 min | best test r=0.597
split 64/100 done in 2.8 min | best test r=0.536
split 65/100 done in 2.7 min | best test r=0.583
split 66/100 done in 2.8 min | best test r=0.383
split 67/100 done in 3.1 min | best test r=0.516
split 68/100 done in 3.8 min | best test r=0.366
split 69/100 done in 3.8 min | best test r=0.651
split 70/100 done in 4.0 min | best test r=0.490
split 71/100 done in 4.1 min | best test r=0.696
split 72/100 done in 4.2 min | best test r=0.693
split 73/100 done in 4.0 min | best test r=0.469
split 74/100 done in 6.1 min | best test r=0.622
split 75/100 done in 9.1 min | best test r=0.504
split 76/100 done in 7.5 min | best test r=0.696
split 77/100 done in 6.4 min | best test r=0.411
split 78/100 done in 5.7 min | best test r=0.358
split 79/100 done in 5.8 min | best test r=0.623
split 80/100 done in 6.0 min | best test r=0.591
split 81/100 done in 5.9 min | best test r=0.487
split 82/100 done in 6.0 min | best test r=0.517
split 83/100 done in 5.9 min | best test r=0.676
split 84/100 done in 6.0 min | best test r=0.596
split 85/100 done in 6.0 min | best test r=0.551
split 86/100 done in 5.8 min | best test r=0.580
split 87/100 done in 5.7 min | best test r=0.513
split 88/100 done in 5.2 min | best test r=0.489
split 89/100 done in 4.7 min | best test r=0.547
split 90/100 done in 5.7 min | best test r=0.371
split 91/100 done in 5.8 min | best test r=0.612
split 92/100 done in 6.0 min | best test r=0.680
split 93/100 done in 5.9 min | best test r=0.534
split 94/100 done in 5.9 min | best test r=0.528
split 95/100 done in 5.8 min | best test r=0.628
split 96/100 done in 5.4 min | best test r=0.558
split 97/100 done in 4.8 min | best test r=0.615
split 98/100 done in 4.9 min | best test r=0.666
split 99/100 done in 5.2 min | best test r=0.595
split 100/100 done in 5.3 min | best test r=0.560
Splits completed: 100 | top formulas written to formula_win_frequency.csv
   formula_idx wins
1          145   28
2          597   25
3         1883   21
4          666   16
5          552   13
6          663   11
7         2050   10
8         1697    9
9          648    8
10         774    4
                                                                                                                                                                  formula
1  Response ~  (log10FaSqr+log10Fa+log10PeakFlux)^2+log10NH+PhotonIndex+log10Ta+Alpha+log10T90+log10PeakFluxSqr+log10NHSqr+PhotonIndexSqr+log10TaSqr+AlphaSqr+log10T90Sqr
2  Response ~  (log10FaSqr+log10Fa+log10Ta+log10PeakFlux)^2+log10NH+PhotonIndex+Alpha+log10T90+log10PeakFluxSqr+log10NHSqr+PhotonIndexSqr+log10TaSqr+AlphaSqr+log10T90Sqr
3  Response ~  (log10FaSqr+PhotonIndexSqr+log10Fa+log10Ta+log10PeakFlux)^2+log10NH+PhotonIndex+Alpha+log10T90+log10PeakFluxSqr+log10NHSqr+log10TaSqr+AlphaSqr+log10T90Sqr
4  Response ~  (log10FaSqr+log10TaSqr+log10Fa+log10PeakFlux)^2+log10NH+PhotonIndex+log10Ta+Alpha+log10T90+log10PeakFluxSqr+log10NHSqr+PhotonIndexSqr+AlphaSqr+log10T90Sqr
5  Response ~  (log10FaSqr+log10Fa+PhotonIndex+log10PeakFlux)^2+log10NH+log10Ta+Alpha+log10T90+log10PeakFluxSqr+log10NHSqr+PhotonIndexSqr+log10TaSqr+AlphaSqr+log10T90Sqr
6  Response ~  (log10FaSqr+PhotonIndexSqr+log10Fa+log10PeakFlux)^2+log10NH+PhotonIndex+log10Ta+Alpha+log10T90+log10PeakFluxSqr+log10NHSqr+log10TaSqr+AlphaSqr+log10T90Sqr
7  Response ~  (log10FaSqr+log10TaSqr+PhotonIndexSqr+log10Fa+log10PeakFlux)^2+log10NH+PhotonIndex+log10Ta+Alpha+log10T90+log10PeakFluxSqr+log10NHSqr+AlphaSqr+log10T90Sqr
8  Response ~  (log10FaSqr+log10Fa+log10Ta+PhotonIndex+log10PeakFlux)^2+log10NH+Alpha+log10T90+log10PeakFluxSqr+log10NHSqr+PhotonIndexSqr+log10TaSqr+AlphaSqr+log10T90Sqr
9  Response ~  (log10FaSqr+log10T90+log10Fa+log10PeakFlux)^2+log10NH+PhotonIndex+log10Ta+Alpha+log10PeakFluxSqr+log10NHSqr+PhotonIndexSqr+log10TaSqr+AlphaSqr+log10T90Sqr
10 Response ~  (log10T90Sqr+log10Fa+PhotonIndex+log10NH)^2+log10PeakFlux+log10Ta+Alpha+log10T90+log10PeakFluxSqr+log10NHSqr+PhotonIndexSqr+log10TaSqr+log10FaSqr+AlphaSqr
