Loading required package: doParallel
Loading required package: foreach
Loading required package: iterators
Loading required package: parallel
Loading required package: mice

Attaching package: ‘mice’

The following object is masked from ‘package:stats’:

    filter

The following objects are masked from ‘package:base’:

    cbind, rbind

Loading required package: ggplot2
Loading required package: lattice
Loading required package: stringr
Loading required package: dplyr

Attaching package: ‘dplyr’

The following objects are masked from ‘package:stats’:

    filter, lag

The following objects are masked from ‘package:base’:

    intersect, setdiff, setequal, union

Loading required package: MASS

Attaching package: ‘MASS’

The following object is masked from ‘package:dplyr’:

    select

Loading required package: randomForest
randomForest 4.7-1.2
Type rfNews() to see new features/changes/bug fixes.

Attaching package: ‘randomForest’

The following object is masked from ‘package:dplyr’:

    combine

The following object is masked from ‘package:ggplot2’:

    margin

Loading required package: earth
Loading required package: Formula
Loading required package: plotmo
Loading required package: plotrix
Loading required package: Matrix
Loaded glmnet 5.0
Loading required package: SuperLearner
Loading required package: nnls
Loading required package: gam
Loading required package: splines
Loaded gam 1.22-7

Super Learner
Version: 2.0-40
Package created on 2025-12-14

Loading required package: mgcv
Loading required package: nlme

Attaching package: ‘nlme’

The following object is masked from ‘package:dplyr’:

    collapse

This is mgcv 1.9-4. For overview type '?mgcv'.

Attaching package: ‘mgcv’

The following objects are masked from ‘package:gam’:

    gam, gam.control, gam.fit, s

Loading required package: xgboost
Loading required package: gbm
Loaded gbm 2.3.1
This version of gbm is no longer under development. Consider transitioning to gbm3, https://github.com/gbm-developers/gbm3
Loading required package: caret
Loading required package: biglasso
Loading required package: bigmemory
Loading required package: ncvreg

Attaching package: ‘ncvreg’

The following object is masked from ‘package:nlme’:

    intervals

Loading required package: lme4

Attaching package: ‘lme4’

The following object is masked from ‘package:nlme’:

    lmList

The following object is masked from ‘package:mice’:

    toenail


arm (Version 1.15-3, built: 2026-4-15)

Working directory is /Users/petelin/Desktop/test/GRB_app/GAM_supercomputer/hardzero_domain_v2_formula_generation


Attaching package: ‘arm’

The following object is masked from ‘package:plotrix’:

    rescale

[hardzero_domain_v2] N=285 | flagged=4 (hard=1, err>value Alpha/Beta/Fa/Ta=NA) | drop list: 4 manual + 4 automatic = 4 unique
  -> 090516A, 100621A, 131117A, 230328B 
Wrote: ./candidate_outliers_hardzero_domain_v2.csv and ./confirmed_outliers_to_drop.txt 
Removed 4 GRB(s) confirmed physically infeasible -- see removed_outliers_final.csv
     log10T90       log10Fa       log10Ta         Alpha          Beta 
  0.012115814  -0.008408618  -0.023312034   0.006119583   0.033830436 
  log10Fa_opt   log10Ta_opt     Alpha_opt      Beta_opt         Gamma 
 -0.003276449  -0.022140518   0.015321608   0.060866444  -0.032986784 
 log10Fluence   PhotonIndex       log10NH log10PeakFlux 
 -0.001785067  -0.072561098   0.082489717  -0.077123800 
[1] 14
[1] 91
[1] 364
[1] 1001
[1] 2002
[1] 3003
[1] 3432
[1] 3003
[1] 2002
[1] 1001
[1] 364
[1] 91
[1] 14
[1] 1
[1] 7
[1] 21
[1] 35
[1] 35
[1] 21
[1] 7
[1] 1
[1] 35
[1] 7
[1] 21
[1] 35
[1] 35
[1] 21
[1] 7
[1] 1
Formulas: 16383 | GRBs: 281 
split 1/100 done in 2.6 min | best test r=0.553
split 2/100 done in 2.7 min | best test r=0.717
split 3/100 done in 2.7 min | best test r=0.515
split 4/100 done in 2.8 min | best test r=0.344
split 5/100 done in 2.7 min | best test r=0.335
split 6/100 done in 2.7 min | best test r=0.581
split 7/100 done in 2.7 min | best test r=0.403
split 8/100 done in 2.7 min | best test r=0.679
split 9/100 done in 2.7 min | best test r=0.536
split 10/100 done in 2.6 min | best test r=0.558
split 11/100 done in 2.6 min | best test r=0.571
split 12/100 done in 2.7 min | best test r=0.563
split 13/100 done in 2.7 min | best test r=0.565
split 14/100 done in 2.7 min | best test r=0.577
split 15/100 done in 2.7 min | best test r=0.333
split 16/100 done in 2.7 min | best test r=0.729
split 17/100 done in 2.7 min | best test r=0.523
split 18/100 done in 2.7 min | best test r=0.464
split 19/100 done in 2.7 min | best test r=0.536
split 20/100 done in 2.7 min | best test r=0.586
split 21/100 done in 2.7 min | best test r=0.431
split 22/100 done in 2.7 min | best test r=0.348
split 23/100 done in 2.7 min | best test r=0.382
split 24/100 done in 2.7 min | best test r=0.497
split 25/100 done in 2.7 min | best test r=0.783
split 26/100 done in 2.7 min | best test r=0.545
split 27/100 done in 2.7 min | best test r=0.515
split 28/100 done in 2.7 min | best test r=0.269
split 29/100 done in 2.7 min | best test r=0.480
split 30/100 done in 2.7 min | best test r=0.512
split 31/100 done in 2.7 min | best test r=0.190
split 32/100 done in 2.7 min | best test r=0.541
split 33/100 done in 2.7 min | best test r=0.591
split 34/100 done in 2.7 min | best test r=0.610
split 35/100 done in 2.7 min | best test r=0.503
split 36/100 done in 2.7 min | best test r=0.610
split 37/100 done in 2.7 min | best test r=0.654
split 38/100 done in 2.7 min | best test r=0.718
split 39/100 done in 2.7 min | best test r=0.552
split 40/100 done in 2.7 min | best test r=0.508
split 41/100 done in 2.7 min | best test r=0.291
split 42/100 done in 2.7 min | best test r=0.426
split 43/100 done in 2.7 min | best test r=0.450
split 44/100 done in 2.7 min | best test r=0.399
split 45/100 done in 2.7 min | best test r=0.625
split 46/100 done in 2.7 min | best test r=0.464
split 47/100 done in 2.7 min | best test r=0.642
split 48/100 done in 2.7 min | best test r=0.546
split 49/100 done in 2.7 min | best test r=0.319
split 50/100 done in 2.7 min | best test r=0.476
split 51/100 done in 2.7 min | best test r=0.452
split 52/100 done in 2.8 min | best test r=0.506
split 53/100 done in 2.7 min | best test r=0.348
split 54/100 done in 2.7 min | best test r=0.689
split 55/100 done in 2.6 min | best test r=0.696
split 56/100 done in 2.7 min | best test r=0.411
split 57/100 done in 2.7 min | best test r=0.372
split 58/100 done in 2.7 min | best test r=0.409
split 59/100 done in 2.8 min | best test r=0.445
split 60/100 done in 2.8 min | best test r=0.654
split 61/100 done in 2.7 min | best test r=0.383
split 62/100 done in 2.8 min | best test r=0.680
split 63/100 done in 2.7 min | best test r=0.582
split 64/100 done in 2.7 min | best test r=0.711
split 65/100 done in 2.8 min | best test r=0.667
split 66/100 done in 2.7 min | best test r=0.542
split 67/100 done in 2.6 min | best test r=0.542
split 68/100 done in 2.6 min | best test r=0.350
split 69/100 done in 2.7 min | best test r=0.651
split 70/100 done in 2.7 min | best test r=0.423
split 71/100 done in 2.7 min | best test r=0.639
split 72/100 done in 2.7 min | best test r=0.650
split 73/100 done in 2.8 min | best test r=0.510
split 74/100 done in 2.7 min | best test r=0.505
split 75/100 done in 2.7 min | best test r=0.408
split 76/100 done in 2.7 min | best test r=0.581
split 77/100 done in 2.7 min | best test r=0.368
split 78/100 done in 2.7 min | best test r=0.454
split 79/100 done in 2.7 min | best test r=0.589
split 80/100 done in 2.7 min | best test r=0.435
split 81/100 done in 2.7 min | best test r=0.603
split 82/100 done in 2.7 min | best test r=0.509
split 83/100 done in 2.7 min | best test r=0.665
split 84/100 done in 2.7 min | best test r=0.547
split 85/100 done in 2.8 min | best test r=0.647
split 86/100 done in 2.7 min | best test r=0.475
split 87/100 done in 2.7 min | best test r=0.697
split 88/100 done in 2.7 min | best test r=0.412
split 89/100 done in 2.8 min | best test r=0.256
split 90/100 done in 2.7 min | best test r=0.552
split 91/100 done in 2.7 min | best test r=0.583
split 92/100 done in 2.7 min | best test r=0.747
split 93/100 done in 2.7 min | best test r=0.498
split 94/100 done in 2.8 min | best test r=0.491
split 95/100 done in 2.7 min | best test r=0.370
split 96/100 done in 2.7 min | best test r=0.468
split 97/100 done in 2.7 min | best test r=0.430
split 98/100 done in 2.7 min | best test r=0.526
split 99/100 done in 2.8 min | best test r=0.440
split 100/100 done in 2.7 min | best test r=0.567
Splits completed: 100 | top formulas written to formula_win_frequency.csv
   formula_idx wins
1          210   16
2          687    4
3          850    4
4          882    4
5          887    4
6         1268    4
7         1575    4
8         1602    4
9         2242    4
10        2374    4
                                                                                                                                                            formula
1  Response ~  (Beta_optSqr+Beta+log10PeakFlux)^2+log10NH+PhotonIndex+Beta_opt+Gamma+log10Ta+log10NHSqr+log10PeakFluxSqr+PhotonIndexSqr+BetaSqr+GammaSqr+log10TaSqr
2  Response ~  (BetaSqr+log10PeakFluxSqr+Gamma+log10NH)^2+log10PeakFlux+PhotonIndex+Beta_opt+Beta+log10Ta+log10NHSqr+PhotonIndexSqr+Beta_optSqr+GammaSqr+log10TaSqr
3  Response ~  (BetaSqr+Beta_optSqr+Beta_opt+log10PeakFlux)^2+log10NH+PhotonIndex+Beta+Gamma+log10Ta+log10NHSqr+log10PeakFluxSqr+PhotonIndexSqr+GammaSqr+log10TaSqr
4  Response ~  (Beta_optSqr+PhotonIndexSqr+Beta+log10PeakFlux)^2+log10NH+PhotonIndex+Beta_opt+Gamma+log10Ta+log10NHSqr+log10PeakFluxSqr+BetaSqr+GammaSqr+log10TaSqr
5  Response ~  (GammaSqr+Beta_optSqr+Beta+log10PeakFlux)^2+log10NH+PhotonIndex+Beta_opt+Gamma+log10Ta+log10NHSqr+log10PeakFluxSqr+PhotonIndexSqr+BetaSqr+log10TaSqr
6  Response ~  (log10PeakFluxSqr+log10NHSqr+Gamma+Beta)^2+log10NH+log10PeakFlux+PhotonIndex+Beta_opt+log10Ta+PhotonIndexSqr+Beta_optSqr+BetaSqr+GammaSqr+log10TaSqr
7  Response ~  (Beta_optSqr+Gamma+Beta+log10PeakFlux+log10NH)^2+PhotonIndex+Beta_opt+log10Ta+log10NHSqr+log10PeakFluxSqr+PhotonIndexSqr+BetaSqr+GammaSqr+log10TaSqr
8  Response ~  (GammaSqr+Beta_optSqr+Beta+log10PeakFlux+log10NH)^2+PhotonIndex+Beta_opt+Gamma+log10Ta+log10NHSqr+log10PeakFluxSqr+PhotonIndexSqr+BetaSqr+log10TaSqr
9  Response ~  (Beta_optSqr+log10Ta+Beta+PhotonIndex+log10PeakFlux)^2+log10NH+Beta_opt+Gamma+log10NHSqr+log10PeakFluxSqr+PhotonIndexSqr+BetaSqr+GammaSqr+log10TaSqr
10 Response ~  (BetaSqr+log10PeakFluxSqr+Beta+Beta_opt+log10PeakFlux)^2+log10NH+PhotonIndex+Gamma+log10Ta+log10NHSqr+PhotonIndexSqr+Beta_optSqr+GammaSqr+log10TaSqr
M-estimator formula rank 1 (idx 210 ) FAILED -- 'x' is singular: singular fits are not implemented in 'rlm' -- trying next-ranked formula
M-estimator formula: rank 2 (formula_idx 687 , wins 4 / 100 )
Response ~ (BetaSqr + log10PeakFluxSqr + Gamma + log10NH)^2 + 
    log10PeakFlux + PhotonIndex + Beta_opt + Beta + log10Ta + 
    log10NHSqr + PhotonIndexSqr + Beta_optSqr + GammaSqr + log10TaSqr
M-estimator outlier cut: 15 of 281 GRBs removed (weight <= 0.6837 )
Final outlier-removed data saved: 266 GRBs -> final_outliers_removed.csv
