Loading required package: foreach
Loading required package: iterators
Loading required package: parallel

Attaching package: ‘mice’

The following object is masked from ‘package:stats’:

    filter

The following objects are masked from ‘package:base’:

    cbind, rbind

Loading required package: colorspace
Loading required package: grid
Registered S3 method overwritten by 'car':
  method           from
  na.action.merMod lme4
VIM is ready to use.

Suggestions and bug-reports can be submitted at: https://github.com/statistikat/VIM/issues

Attaching package: ‘VIM’

The following object is masked from ‘package:datasets’:

    sleep


Attaching package: ‘dplyr’

The following objects are masked from ‘package:stats’:

    filter, lag

The following objects are masked from ‘package:base’:

    intersect, setdiff, setequal, union


Attaching package: ‘MASS’

The following object is masked from ‘package:dplyr’:

    select

randomForest 4.7-1.2
Type rfNews() to see new features/changes/bug fixes.

Attaching package: ‘randomForest’

The following object is masked from ‘package:dplyr’:

    combine

The following object is masked from ‘package:ggplot2’:

    margin

Loading required package: Formula
Loading required package: plotmo
Loading required package: plotrix
Loading required package: Matrix
Loaded glmnet 5.0
Loading required package: nnls
Loading required package: gam
Loading required package: splines
Loaded gam 1.22-7

Super Learner
Version: 2.0-40
Package created on 2025-12-14

Loading required package: nlme

Attaching package: ‘nlme’

The following object is masked from ‘package:dplyr’:

    collapse

This is mgcv 1.9-4. For overview type '?mgcv'.

Attaching package: ‘mgcv’

The following objects are masked from ‘package:gam’:

    gam, gam.control, gam.fit, s

Loaded gbm 2.3.1
This version of gbm is no longer under development. Consider transitioning to gbm3, https://github.com/gbm-developers/gbm3
Loading required package: mvtnorm
Loading required package: modeltools
Loading required package: stats4
Loading required package: strucchange
Loading required package: zoo

Attaching package: ‘zoo’

The following objects are masked from ‘package:base’:

    as.Date, as.Date.numeric

Loading required package: sandwich

Attaching package: ‘strucchange’

The following object is masked from ‘package:stringr’:

    boundary


Attaching package: ‘party’

The following object is masked from ‘package:dplyr’:

    where

Loading required package: lme4

Attaching package: ‘lme4’

The following object is masked from ‘package:modeltools’:

    refit

The following object is masked from ‘package:nlme’:

    lmList

The following object is masked from ‘package:mice’:

    toenail


arm (Version 1.15-3, built: 2026-4-15)

Working directory is /Users/petelin/Desktop/test/GRB_app


Attaching package: ‘arm’

The following object is masked from ‘package:mvtnorm’:

    standardize

The following object is masked from ‘package:plotrix’:

    rescale


Attaching package: ‘dgof’

The following object is masked from ‘package:stats’:

    ks.test

Loading required package: SuppDists

Attaching package: ‘latticeExtra’

The following object is masked from ‘package:ggplot2’:

    layer

Loading required package: bigmemory
Loading required package: ncvreg

Attaching package: ‘ncvreg’

The following object is masked from ‘package:nlme’:

    intervals


Attaching package: ‘e1071’

The following object is masked from ‘package:ggplot2’:

    element

[1] "not running locally"
Column names found:
 [1] "log10T90"            "log10Fa"             "log10Ta"            
 [4] "Alpha"               "Beta"                "Gamma"              
 [7] "log10Fluence"        "PhotonIndex"         "log10NH"            
[10] "log10PeakFlux"       "T90Err"              "log10FaErr"         
[13] "log10TaErr"          "AlphaErr"            "BetaErr"            
[16] "log10FluenceErr"     "PhotonIndexErr"      "log10PeakFluxErr"   
[19] "Redshift_crosscheck" "GRB"                 "FluenceErr"         
[22] "PeakFluxErr"        
 /\     /\
{  `---'  }
{  O   O  }
==>  V <==  No need for mice. This data set is completely observed.
 \  \|/  /
  `-----'

Assertion OK: no NA in GRBPred after imputation ( 281 rows x 18 cols )
MC errors frame built for 281 rows
Assertion OK: GRBPred has no NA/NaN/Inf ( 281 rows )
grb_errors synced for 281 rows (post upsampling/outlier removal)
The number of NAs in GRBPred is: 0 
GAM vars missing from GRBPred:  
CV repetitions (loop): 10 
Assertion OK: SuperLearner inputs valid; 225 rows, 20 predictors
Parallelizing 10 CV repetition(s) across 10 core(s)
[rep 1] starting
[rep 2] starting
[rep 3] starting
[rep 4] starting
[rep 5] starting
[rep 1] Iteration 1 out of 10
[rep 6] starting
[rep 2] Iteration 1 out of 10
[rep 3] Iteration 1 out of 10
[rep 7] starting
[rep 4] Iteration 1 out of 10
[rep 5] Iteration 1 out of 10
[rep 8] starting
[rep 9] starting
[rep 6] Iteration 1 out of 10
[rep 7] Iteration 1 out of 10
[rep 10] starting
[rep 8] Iteration 1 out of 10
[rep 9] Iteration 1 out of 10
[rep 10] Iteration 1 out of 10
[rep 1] Iteration 2 out of 10
[rep 4] Iteration 2 out of 10
[rep 7] Iteration 2 out of 10
[rep 6] Iteration 2 out of 10
[rep 9] Iteration 2 out of 10
[rep 8] Iteration 2 out of 10
[rep 3] Iteration 2 out of 10
[rep 10] Iteration 2 out of 10
[rep 2] Iteration 2 out of 10
[rep 5] Iteration 2 out of 10
[rep 1] Iteration 3 out of 10
[rep 8] Iteration 3 out of 10
[rep 9] Iteration 3 out of 10
[rep 4] Iteration 3 out of 10
[rep 7] Iteration 3 out of 10
[rep 10] Iteration 3 out of 10
[rep 2] Iteration 3 out of 10
[rep 6] Iteration 3 out of 10
[rep 3] Iteration 3 out of 10
[rep 5] Iteration 3 out of 10
[rep 8] Iteration 4 out of 10
[rep 1] Iteration 4 out of 10
[rep 9] Iteration 4 out of 10
[rep 4] Iteration 4 out of 10
[rep 5] Iteration 4 out of 10
[rep 10] Iteration 4 out of 10
[rep 7] Iteration 4 out of 10
[rep 3] Iteration 4 out of 10
[rep 6] Iteration 4 out of 10
[rep 2] Iteration 4 out of 10
[rep 4] Iteration 5 out of 10
[rep 8] Iteration 5 out of 10
[rep 1] Iteration 5 out of 10
[rep 10] Iteration 5 out of 10
[rep 5] Iteration 5 out of 10
[rep 3] Iteration 5 out of 10
[rep 9] Iteration 5 out of 10
[rep 7] Iteration 5 out of 10
[rep 6] Iteration 5 out of 10
[rep 2] Iteration 5 out of 10
[rep 10] Iteration 6 out of 10
[rep 4] Iteration 6 out of 10
[rep 1] Iteration 6 out of 10
[rep 8] Iteration 6 out of 10
[rep 7] Iteration 6 out of 10
[rep 5] Iteration 6 out of 10
[rep 3] Iteration 6 out of 10
[rep 6] Iteration 6 out of 10
[rep 9] Iteration 6 out of 10
[rep 2] Iteration 6 out of 10
[rep 4] Iteration 7 out of 10
[rep 1] Iteration 7 out of 10
[rep 8] Iteration 7 out of 10
[rep 7] Iteration 7 out of 10
[rep 5] Iteration 7 out of 10
[rep 10] Iteration 7 out of 10
[rep 6] Iteration 7 out of 10
[rep 9] Iteration 7 out of 10
[rep 3] Iteration 7 out of 10
[rep 2] Iteration 7 out of 10
[rep 4] Iteration 8 out of 10
[rep 5] Iteration 8 out of 10
[rep 7] Iteration 8 out of 10
[rep 6] Iteration 8 out of 10
[rep 1] Iteration 8 out of 10
[rep 10] Iteration 8 out of 10
[rep 9] Iteration 8 out of 10
[rep 8] Iteration 8 out of 10
[rep 3] Iteration 8 out of 10
[rep 2] Iteration 8 out of 10
[rep 4] Iteration 9 out of 10
[rep 5] Iteration 9 out of 10
[rep 1] Iteration 9 out of 10
[rep 7] Iteration 9 out of 10
[rep 9] Iteration 9 out of 10
[rep 10] Iteration 9 out of 10
[rep 6] Iteration 9 out of 10
[rep 3] Iteration 9 out of 10
[rep 8] Iteration 9 out of 10
[rep 2] Iteration 9 out of 10
[rep 1] Iteration 10 out of 10
[rep 5] Iteration 10 out of 10
[rep 7] Iteration 10 out of 10
[rep 4] Iteration 10 out of 10
[rep 6] Iteration 10 out of 10
[rep 3] Iteration 10 out of 10
[rep 8] Iteration 10 out of 10
[rep 10] Iteration 10 out of 10
[rep 2] Iteration 10 out of 10
[rep 9] Iteration 10 out of 10
Flattening MC samples across 10 repetitions...
MC matrix: 225 rows x 1000 samples
MC coverage: 10.7% of rows have truth inside 95% MC interval
MC metrics [all   ] log10(z+1): n=225 r=0.510 RMSE=0.158 | z: r=0.526 RMSE=1.112
MC metrics [inside] log10(z+1): n=24 r=0.981 RMSE=0.019 | z: r=0.976 RMSE=0.114
Wrote OutputFiles/mc_predictions.csv and OutputFiles/mc_raw.rds
Wrote MC plots to plateau_ablation_experiments/runs/baseline_no_optcols/Plot_Output/ 
null device 
          1 
  [1] "000926A" "050315A" "050318A" "050319A" "050401A" "050416A" "050502A"
  [8] "050502B" "050505A" "050525A" "050603A" "050730A" "050801A" "050802A"
 [15] "050820A" "050824A" "050908A" "050922C" "051016B" "051028A" "051109A"
 [22] "051111A" "060115A" "060206A" "060210A" "060223A" "060306A" "060418A"
 [29] "060502A" "060512A" "060526A" "060604A" "060605A" "060607A" "060614A"
 [36] "060707A" "060708A" "060729A" "060814A" "060904B" "060906A" "060908A"
 [43] "060912A" "060926A" "060927A" "061007A" "061021A" "061121A" "061126A"
 [50] "061222A" "070110A" "070125A" "070208A" "070223A" "070306A" "070411A"
 [57] "070508A" "070521A" "070529A" "070612A" "070802A" "070810A" "071003A"
 [64] "071010A" "071010B" "071020A" "071112C" "071117A" "080310A" "080319B"
 [71] "080319C" "080330A" "080413B" "080516A" "080603A" "080603B" "080607A"
 [78] "080710A" "080810A" "080905B" "080916A" "081007A" "081008A" "081203A"
 [85] "081221A" "081230A" "090102A" "090418A" "090423A" "090424A" "090529A"
 [92] "090618A" "090809A" "090812A" "090927A" "091020A" "091024A" "091029A"
 [99] "091109A" "091127A" "100316D" "100418A" "100425A" "100513A" "100728A"
[106] "100816A" "100901A" "100906A" "101219B" "101225A" "110205A" "110213A"
[113] "110503A" "110715A" "110801A" "110808A" "110818A" "111123A" "111209A"
[120] "120119A" "120327A" "120404A" "120422A" "120711A" "120729A" "120811C"
[127] "120815A" "120907A" "120922A" "121024A" "121027A" "121128A" "121211A"
[134] "121217A" "130215A" "130408A" "130427A" "130511A" "130514A" "130604A"
[141] "130831A" "131105A" "140206A" "140213A" "140419A" "140423A" "140430A"
[148] "140506A" "140509A" "140512A" "140518A" "140629A" "140801A" "140907A"
[155] "141004A" "141121A" "141220A" "141221A" "150120B" "150314A" "150323A"
[162] "150403A" "150821A" "150910A" "151021A" "151215A" "160117B" "160203A"
[169] "160227A" "160314A" "160327A" "160425A" "160804A" "161014A" "161023A"
[176] "161108A" "161129A" "170113A" "170202A" "170405A" "170519A" "170531B"
[183] "170607A" "170705A" "170714A" "170903A" "171222A" "180115A" "180205A"
[190] "180325A" "180329B" "180620B" "180720B" "180728A" "181020A" "190114A"
[197] "190719C" "190829A" "191011A" "191221B" "200205B" "200613A" "200829A"
[204] "201015A" "201020A" "201021C" "201104B" "210210A" "210610B" "210619B"
[211] "210722A" "210822A" "220117A" "230116D" "230818A" "231210B"
[1] "_with_catOutl_correlation_plot"
Scale for x is already present.
Adding another scale for x, which will replace the existing scale.
Scale for y is already present.
Adding another scale for y, which will replace the existing scale.
Ignoring unknown labels:
• colour : ""
Ignoring unknown labels:
• colour : ""
[1] "_with_catOutl_correlation_plot"
Scale for x is already present.
Adding another scale for x, which will replace the existing scale.
Scale for y is already present.
Adding another scale for y, which will replace the existing scale.
Warning messages:
1: The `size` argument of `element_rect()` is deprecated as of ggplot2 3.4.0.
ℹ Please use the `linewidth` argument instead. 
2: In fortify(data, ...) : Arguments in `...` must be used.
✖ Problematic argument:
• col = "black"
ℹ Did you misspell an argument name?
3: The `size` argument of `element_line()` is deprecated as of ggplot2 3.4.0.
ℹ Please use the `linewidth` argument instead. 
4: In fortify(data, ...) : Arguments in `...` must be used.
✖ Problematic argument:
• col = "black"
ℹ Did you misspell an argument name?
+ Fold01: mtry=6 
- Fold01: mtry=6 
+ Fold02: mtry=6 
- Fold02: mtry=6 
+ Fold03: mtry=6 
- Fold03: mtry=6 
+ Fold04: mtry=6 
- Fold04: mtry=6 
+ Fold05: mtry=6 
- Fold05: mtry=6 
+ Fold06: mtry=6 
- Fold06: mtry=6 
+ Fold07: mtry=6 
- Fold07: mtry=6 
+ Fold08: mtry=6 
- Fold08: mtry=6 
+ Fold09: mtry=6 
- Fold09: mtry=6 
+ Fold10: mtry=6 
- Fold10: mtry=6 
Aggregating results
Fitting final model on full training set
+ Fold01: cp=0.05612 
- Fold01: cp=0.05612 
+ Fold02: cp=0.05612 
- Fold02: cp=0.05612 
+ Fold03: cp=0.05612 
- Fold03: cp=0.05612 
+ Fold04: cp=0.05612 
- Fold04: cp=0.05612 
+ Fold05: cp=0.05612 
- Fold05: cp=0.05612 
+ Fold06: cp=0.05612 
- Fold06: cp=0.05612 
+ Fold07: cp=0.05612 
- Fold07: cp=0.05612 
+ Fold08: cp=0.05612 
- Fold08: cp=0.05612 
+ Fold09: cp=0.05612 
- Fold09: cp=0.05612 
+ Fold10: cp=0.05612 
- Fold10: cp=0.05612 
Aggregating results
Selecting tuning parameters
Fitting cp = 0.106 on full training set
+ Fold01: mtry=6 
- Fold01: mtry=6 
+ Fold02: mtry=6 
- Fold02: mtry=6 
+ Fold03: mtry=6 
- Fold03: mtry=6 
+ Fold04: mtry=6 
- Fold04: mtry=6 
+ Fold05: mtry=6 
- Fold05: mtry=6 
+ Fold06: mtry=6 
- Fold06: mtry=6 
+ Fold07: mtry=6 
- Fold07: mtry=6 
+ Fold08: mtry=6 
- Fold08: mtry=6 
+ Fold09: mtry=6 
- Fold09: mtry=6 
+ Fold10: mtry=6 
- Fold10: mtry=6 
Aggregating results
Fitting final model on full training set
+ Fold01: cp=0.05448 
- Fold01: cp=0.05448 
+ Fold02: cp=0.05448 
- Fold02: cp=0.05448 
+ Fold03: cp=0.05448 
- Fold03: cp=0.05448 
+ Fold04: cp=0.05448 
- Fold04: cp=0.05448 
+ Fold05: cp=0.05448 
- Fold05: cp=0.05448 
+ Fold06: cp=0.05448 
- Fold06: cp=0.05448 
+ Fold07: cp=0.05448 
- Fold07: cp=0.05448 
+ Fold08: cp=0.05448 
- Fold08: cp=0.05448 
+ Fold09: cp=0.05448 
- Fold09: cp=0.05448 
+ Fold10: cp=0.05448 
- Fold10: cp=0.05448 
Aggregating results
Selecting tuning parameters
Fitting cp = 0.0703 on full training set
+ Fold01: mtry=6 
- Fold01: mtry=6 
+ Fold02: mtry=6 
- Fold02: mtry=6 
+ Fold03: mtry=6 
- Fold03: mtry=6 
+ Fold04: mtry=6 
- Fold04: mtry=6 
+ Fold05: mtry=6 
- Fold05: mtry=6 
+ Fold06: mtry=6 
- Fold06: mtry=6 
+ Fold07: mtry=6 
- Fold07: mtry=6 
+ Fold08: mtry=6 
- Fold08: mtry=6 
+ Fold09: mtry=6 
- Fold09: mtry=6 
+ Fold10: mtry=6 
- Fold10: mtry=6 
Aggregating results
Fitting final model on full training set
+ Fold01: cp=0.05194 
- Fold01: cp=0.05194 
+ Fold02: cp=0.05194 
- Fold02: cp=0.05194 
+ Fold03: cp=0.05194 
- Fold03: cp=0.05194 
+ Fold04: cp=0.05194 
- Fold04: cp=0.05194 
+ Fold05: cp=0.05194 
- Fold05: cp=0.05194 
+ Fold06: cp=0.05194 
- Fold06: cp=0.05194 
+ Fold07: cp=0.05194 
- Fold07: cp=0.05194 
+ Fold08: cp=0.05194 
- Fold08: cp=0.05194 
+ Fold09: cp=0.05194 
- Fold09: cp=0.05194 
+ Fold10: cp=0.05194 
- Fold10: cp=0.05194 
Aggregating results
Selecting tuning parameters
Fitting cp = 0.0519 on full training set
+ Fold01: mtry=6 
- Fold01: mtry=6 
+ Fold02: mtry=6 
- Fold02: mtry=6 
+ Fold03: mtry=6 
- Fold03: mtry=6 
+ Fold04: mtry=6 
- Fold04: mtry=6 
+ Fold05: mtry=6 
- Fold05: mtry=6 
+ Fold06: mtry=6 
- Fold06: mtry=6 
+ Fold07: mtry=6 
- Fold07: mtry=6 
+ Fold08: mtry=6 
- Fold08: mtry=6 
+ Fold09: mtry=6 
- Fold09: mtry=6 
+ Fold10: mtry=6 
- Fold10: mtry=6 
Aggregating results
Fitting final model on full training set
+ Fold01: cp=0.0614 
- Fold01: cp=0.0614 
+ Fold02: cp=0.0614 
- Fold02: cp=0.0614 
+ Fold03: cp=0.0614 
- Fold03: cp=0.0614 
+ Fold04: cp=0.0614 
- Fold04: cp=0.0614 
+ Fold05: cp=0.0614 
- Fold05: cp=0.0614 
+ Fold06: cp=0.0614 
- Fold06: cp=0.0614 
+ Fold07: cp=0.0614 
- Fold07: cp=0.0614 
+ Fold08: cp=0.0614 
- Fold08: cp=0.0614 
+ Fold09: cp=0.0614 
- Fold09: cp=0.0614 
+ Fold10: cp=0.0614 
- Fold10: cp=0.0614 
Aggregating results
Selecting tuning parameters
Fitting cp = 0.0614 on full training set
+ Fold01: mtry=6 
- Fold01: mtry=6 
+ Fold02: mtry=6 
- Fold02: mtry=6 
+ Fold03: mtry=6 
- Fold03: mtry=6 
+ Fold04: mtry=6 
- Fold04: mtry=6 
+ Fold05: mtry=6 
- Fold05: mtry=6 
+ Fold06: mtry=6 
- Fold06: mtry=6 
+ Fold07: mtry=6 
- Fold07: mtry=6 
+ Fold08: mtry=6 
- Fold08: mtry=6 
+ Fold09: mtry=6 
- Fold09: mtry=6 
+ Fold10: mtry=6 
- Fold10: mtry=6 
Aggregating results
Fitting final model on full training set
+ Fold01: cp=0.05454 
- Fold01: cp=0.05454 
+ Fold02: cp=0.05454 
- Fold02: cp=0.05454 
+ Fold03: cp=0.05454 
- Fold03: cp=0.05454 
+ Fold04: cp=0.05454 
- Fold04: cp=0.05454 
+ Fold05: cp=0.05454 
- Fold05: cp=0.05454 
+ Fold06: cp=0.05454 
- Fold06: cp=0.05454 
+ Fold07: cp=0.05454 
- Fold07: cp=0.05454 
+ Fold08: cp=0.05454 
- Fold08: cp=0.05454 
+ Fold09: cp=0.05454 
- Fold09: cp=0.05454 
+ Fold10: cp=0.05454 
- Fold10: cp=0.05454 
Aggregating results
Selecting tuning parameters
Fitting cp = 0.0545 on full training set
+ Fold01: mtry=6 
- Fold01: mtry=6 
+ Fold02: mtry=6 
- Fold02: mtry=6 
+ Fold03: mtry=6 
- Fold03: mtry=6 
+ Fold04: mtry=6 
- Fold04: mtry=6 
+ Fold05: mtry=6 
- Fold05: mtry=6 
+ Fold06: mtry=6 
- Fold06: mtry=6 
+ Fold07: mtry=6 
- Fold07: mtry=6 
+ Fold08: mtry=6 
- Fold08: mtry=6 
+ Fold09: mtry=6 
- Fold09: mtry=6 
+ Fold10: mtry=6 
- Fold10: mtry=6 
Aggregating results
Fitting final model on full training set
+ Fold01: cp=0.05128 
- Fold01: cp=0.05128 
+ Fold02: cp=0.05128 
- Fold02: cp=0.05128 
+ Fold03: cp=0.05128 
- Fold03: cp=0.05128 
+ Fold04: cp=0.05128 
- Fold04: cp=0.05128 
+ Fold05: cp=0.05128 
- Fold05: cp=0.05128 
+ Fold06: cp=0.05128 
- Fold06: cp=0.05128 
+ Fold07: cp=0.05128 
- Fold07: cp=0.05128 
+ Fold08: cp=0.05128 
- Fold08: cp=0.05128 
+ Fold09: cp=0.05128 
- Fold09: cp=0.05128 
+ Fold10: cp=0.05128 
- Fold10: cp=0.05128 
Aggregating results
Selecting tuning parameters
Fitting cp = 0.0513 on full training set
Warning messages:
1: In nominalTrainWorkflow(x = x, y = y, wts = weights, info = trainInfo,  :
  There were missing values in resampled performance measures.
2: In nominalTrainWorkflow(x = x, y = y, wts = weights, info = trainInfo,  :
  There were missing values in resampled performance measures.
3: In nominalTrainWorkflow(x = x, y = y, wts = weights, info = trainInfo,  :
  There were missing values in resampled performance measures.
4: In nominalTrainWorkflow(x = x, y = y, wts = weights, info = trainInfo,  :
  There were missing values in resampled performance measures.
5: In nominalTrainWorkflow(x = x, y = y, wts = weights, info = trainInfo,  :
  There were missing values in resampled performance measures.
6: In nominalTrainWorkflow(x = x, y = y, wts = weights, info = trainInfo,  :
  There were missing values in resampled performance measures.
  [1] "000926A" "050315A" "050318A" "050319A" "050401A" "050416A" "050502A"
  [8] "050502B" "050505A" "050525A" "050603A" "050730A" "050801A" "050802A"
 [15] "050820A" "050824A" "050908A" "050922C" "051016B" "051028A" "051109A"
 [22] "051111A" "060115A" "060206A" "060210A" "060223A" "060306A" "060418A"
 [29] "060502A" "060526A" "060604A" "060605A" "060607A" "060614A" "060707A"
 [36] "060708A" "060729A" "060814A" "060904B" "060906A" "060908A" "060912A"
 [43] "060926A" "060927A" "061007A" "061121A" "061126A" "061222A" "070110A"
 [50] "070125A" "070208A" "070223A" "070306A" "070411A" "070508A" "070521A"
 [57] "070529A" "070612A" "070802A" "070810A" "071003A" "071010A" "071010B"
 [64] "071020A" "071112C" "071117A" "080310A" "080319B" "080319C" "080330A"
 [71] "080413B" "080516A" "080603A" "080603B" "080607A" "080710A" "080810A"
 [78] "080905B" "081007A" "081008A" "081203A" "081221A" "081230A" "090102A"
 [85] "090418A" "090423A" "090424A" "090529A" "090618A" "090809A" "090812A"
 [92] "090927A" "091020A" "091029A" "091109A" "091127A" "100418A" "100425A"
 [99] "100513A" "100728A" "100816A" "100901A" "100906A" "110205A" "110213A"
[106] "110503A" "110715A" "110801A" "110808A" "110818A" "111123A" "111209A"
[113] "120119A" "120327A" "120404A" "120422A" "120711A" "120729A" "120811C"
[120] "120815A" "120907A" "120922A" "121024A" "121027A" "121128A" "121211A"
[127] "121217A" "130215A" "130408A" "130427A" "130511A" "130514A" "130604A"
[134] "130831A" "131105A" "140206A" "140213A" "140419A" "140423A" "140430A"
[141] "140506A" "140509A" "140512A" "140518A" "140629A" "140801A" "140907A"
[148] "141004A" "141121A" "141220A" "141221A" "150120B" "150314A" "150323A"
[155] "150403A" "150821A" "150910A" "151021A" "151215A" "160117B" "160203A"
[162] "160227A" "160314A" "160425A" "160804A" "161014A" "161023A" "161108A"
[169] "161129A" "170113A" "170202A" "170405A" "170519A" "170531B" "170607A"
[176] "170705A" "170714A" "170903A" "171222A" "180115A" "180205A" "180325A"
[183] "180329B" "180620B" "180720B" "180728A" "181020A" "190114A" "190719C"
[190] "191011A" "191221B" "200205B" "200613A" "200829A" "201015A" "201020A"
[197] "201021C" "201104B" "210210A" "210610B" "210619B" "210722A" "210822A"
[204] "220117A" "230116D" "230818A" "231210B"
[1] "_without_catOutl_correlation_plot"
Scale for x is already present.
Adding another scale for x, which will replace the existing scale.
Scale for y is already present.
Adding another scale for y, which will replace the existing scale.
Ignoring unknown labels:
• colour : ""
Ignoring unknown labels:
• colour : ""
[1] "_without_catOutl_correlation_plot"
Scale for x is already present.
Adding another scale for x, which will replace the existing scale.
Scale for y is already present.
Adding another scale for y, which will replace the existing scale.
Warning messages:
1: In fortify(data, ...) : Arguments in `...` must be used.
✖ Problematic argument:
• col = "black"
ℹ Did you misspell an argument name?
2: In fortify(data, ...) : Arguments in `...` must be used.
✖ Problematic argument:
• col = "black"
ℹ Did you misspell an argument name?
