Loading required package: foreach
Loading required package: iterators
Loading required package: parallel

Attaching package: ‘mice’

The following object is masked from ‘package:stats’:

    filter

The following objects are masked from ‘package:base’:

    cbind, rbind

Loading required package: colorspace
Loading required package: grid
Registered S3 method overwritten by 'car':
  method           from
  na.action.merMod lme4
VIM is ready to use.

Suggestions and bug-reports can be submitted at: https://github.com/statistikat/VIM/issues

Attaching package: ‘VIM’

The following object is masked from ‘package:datasets’:

    sleep


Attaching package: ‘dplyr’

The following objects are masked from ‘package:stats’:

    filter, lag

The following objects are masked from ‘package:base’:

    intersect, setdiff, setequal, union


Attaching package: ‘MASS’

The following object is masked from ‘package:dplyr’:

    select

randomForest 4.7-1.2
Type rfNews() to see new features/changes/bug fixes.

Attaching package: ‘randomForest’

The following object is masked from ‘package:dplyr’:

    combine

The following object is masked from ‘package:ggplot2’:

    margin

Loading required package: Formula
Loading required package: plotmo
Loading required package: plotrix
Loading required package: Matrix
Loaded glmnet 5.0
Loading required package: nnls
Loading required package: gam
Loading required package: splines
Loaded gam 1.22-7

Super Learner
Version: 2.0-40
Package created on 2025-12-14

Loading required package: nlme

Attaching package: ‘nlme’

The following object is masked from ‘package:dplyr’:

    collapse

This is mgcv 1.9-4. For overview type '?mgcv'.

Attaching package: ‘mgcv’

The following objects are masked from ‘package:gam’:

    gam, gam.control, gam.fit, s

Loaded gbm 2.3.1
This version of gbm is no longer under development. Consider transitioning to gbm3, https://github.com/gbm-developers/gbm3
Loading required package: mvtnorm
Loading required package: modeltools
Loading required package: stats4
Loading required package: strucchange
Loading required package: zoo

Attaching package: ‘zoo’

The following objects are masked from ‘package:base’:

    as.Date, as.Date.numeric

Loading required package: sandwich

Attaching package: ‘strucchange’

The following object is masked from ‘package:stringr’:

    boundary


Attaching package: ‘party’

The following object is masked from ‘package:dplyr’:

    where

Loading required package: lme4

Attaching package: ‘lme4’

The following object is masked from ‘package:modeltools’:

    refit

The following object is masked from ‘package:nlme’:

    lmList

The following object is masked from ‘package:mice’:

    toenail


arm (Version 1.15-3, built: 2026-4-15)

Working directory is /Users/petelin/Desktop/test/GRB_app


Attaching package: ‘arm’

The following object is masked from ‘package:mvtnorm’:

    standardize

The following object is masked from ‘package:plotrix’:

    rescale


Attaching package: ‘dgof’

The following object is masked from ‘package:stats’:

    ks.test

Loading required package: SuppDists

Attaching package: ‘latticeExtra’

The following object is masked from ‘package:ggplot2’:

    layer

Loading required package: bigmemory
Loading required package: ncvreg

Attaching package: ‘ncvreg’

The following object is masked from ‘package:nlme’:

    intervals


Attaching package: ‘e1071’

The following object is masked from ‘package:ggplot2’:

    element

[1] "not running locally"
Column names found:
 [1] "X"                   "Redshift_crosscheck" "log10T90"           
 [4] "log10Fa"             "log10Ta"             "Alpha"              
 [7] "Beta"                "Gamma"               "log10Fluence"       
[10] "PhotonIndex"         "log10NH"             "log10PeakFlux"      
[13] "T90Err"              "log10FaErr"          "log10TaErr"         
[16] "AlphaErr"            "BetaErr"             "FluenceErr"         
[19] "PhotonIndexErr"      "PeakFluxErr"         "is_optical"         
[22] "GRB"                
Assertion OK: no NA in GRBPred after imputation ( 250 rows x 18 cols )
MC errors frame built for 250 rows
Added is_optical + 10 Daume-scaled domain columns (c=0.25)
Assertion OK: GRBPred has no NA/NaN/Inf ( 250 rows )
grb_errors synced for 250 rows (post upsampling/outlier removal)
The number of NAs in GRBPred is: 0 
GAM vars missing from GRBPred:  
CV repetitions (loop): 10 
Assertion OK: SuperLearner inputs valid; 200 rows, 20 predictors
Parallelizing 10 CV repetition(s) across 10 core(s)
[rep 3] starting
[rep 4] starting
[rep 2] starting
[rep 1] starting
[rep 3] Iteration 1 out of 10
[rep 4] Iteration 1 out of 10
[rep 5] starting
[rep 1] Iteration 1 out of 10
[rep 2] Iteration 1 out of 10
[rep 6] starting
[rep 8] starting
[rep 6] Iteration 1 out of 10
[rep 7] starting
[rep 8] Iteration 1 out of 10
[rep 5] Iteration 1 out of 10
[rep 9] starting
[rep 7] Iteration 1 out of 10
[rep 10] starting
[rep 9] Iteration 1 out of 10
[rep 10] Iteration 1 out of 10
[rep 5] Iteration 2 out of 10
[rep 9] Iteration 2 out of 10
[rep 6] Iteration 2 out of 10
[rep 8] Iteration 2 out of 10
[rep 7] Iteration 2 out of 10
[rep 10] Iteration 2 out of 10
[rep 3] Iteration 2 out of 10
[rep 1] Iteration 2 out of 10
[rep 2] Iteration 2 out of 10
[rep 4] Iteration 2 out of 10
[rep 9] Iteration 3 out of 10
[rep 6] Iteration 3 out of 10
[rep 3] Iteration 3 out of 10
[rep 5] Iteration 3 out of 10
[rep 7] Iteration 3 out of 10
[rep 8] Iteration 3 out of 10
[rep 1] Iteration 3 out of 10
[rep 2] Iteration 3 out of 10
[rep 10] Iteration 3 out of 10
[rep 4] Iteration 3 out of 10
[rep 9] Iteration 4 out of 10
[rep 3] Iteration 4 out of 10
[rep 2] Iteration 4 out of 10
[rep 6] Iteration 4 out of 10
[rep 5] Iteration 4 out of 10
[rep 10] Iteration 4 out of 10
[rep 8] Iteration 4 out of 10
[rep 1] Iteration 4 out of 10
[rep 7] Iteration 4 out of 10
[rep 4] Iteration 4 out of 10
[rep 2] Iteration 5 out of 10
[rep 9] Iteration 5 out of 10
[rep 10] Iteration 5 out of 10
[rep 5] Iteration 5 out of 10
[rep 6] Iteration 5 out of 10
[rep 4] Iteration 5 out of 10
[rep 1] Iteration 5 out of 10
[rep 7] Iteration 5 out of 10
[rep 8] Iteration 5 out of 10
[rep 3] Iteration 5 out of 10
[rep 2] Iteration 6 out of 10
[rep 6] Iteration 6 out of 10
[rep 10] Iteration 6 out of 10
[rep 5] Iteration 6 out of 10
[rep 4] Iteration 6 out of 10
[rep 9] Iteration 6 out of 10
[rep 3] Iteration 6 out of 10
[rep 7] Iteration 6 out of 10
[rep 8] Iteration 6 out of 10
[rep 1] Iteration 6 out of 10
[rep 2] Iteration 7 out of 10
[rep 10] Iteration 7 out of 10
[rep 9] Iteration 7 out of 10
[rep 5] Iteration 7 out of 10
[rep 6] Iteration 7 out of 10
[rep 3] Iteration 7 out of 10
[rep 7] Iteration 7 out of 10
[rep 1] Iteration 7 out of 10
[rep 8] Iteration 7 out of 10
[rep 2] Iteration 8 out of 10
[rep 9] Iteration 8 out of 10
[rep 4] Iteration 7 out of 10
[rep 10] Iteration 8 out of 10
[rep 1] Iteration 8 out of 10
[rep 5] Iteration 8 out of 10
[rep 7] Iteration 8 out of 10
[rep 6] Iteration 8 out of 10
[rep 3] Iteration 8 out of 10
[rep 8] Iteration 8 out of 10
[rep 2] Iteration 9 out of 10
[rep 9] Iteration 9 out of 10
[rep 4] Iteration 8 out of 10
[rep 1] Iteration 9 out of 10
[rep 6] Iteration 9 out of 10
[rep 5] Iteration 9 out of 10
[rep 3] Iteration 9 out of 10
[rep 8] Iteration 9 out of 10
[rep 10] Iteration 9 out of 10
[rep 7] Iteration 9 out of 10
[rep 2] Iteration 10 out of 10
[rep 4] Iteration 9 out of 10
[rep 9] Iteration 10 out of 10
[rep 1] Iteration 10 out of 10
[rep 5] Iteration 10 out of 10
[rep 6] Iteration 10 out of 10
[rep 3] Iteration 10 out of 10
[rep 7] Iteration 10 out of 10
[rep 8] Iteration 10 out of 10
