Loading required package: foreach
Loading required package: iterators
Loading required package: parallel

Attaching package: ‘mice’

The following object is masked from ‘package:stats’:

    filter

The following objects are masked from ‘package:base’:

    cbind, rbind

Loading required package: colorspace
Loading required package: grid
VIM is ready to use.

Suggestions and bug-reports can be submitted at: https://github.com/statistikat/VIM/issues

Attaching package: ‘VIM’

The following object is masked from ‘package:datasets’:

    sleep


Attaching package: ‘dplyr’

The following objects are masked from ‘package:stats’:

    filter, lag

The following objects are masked from ‘package:base’:

    intersect, setdiff, setequal, union


Attaching package: ‘MASS’

The following object is masked from ‘package:dplyr’:

    select

randomForest 4.7-1.2
Type rfNews() to see new features/changes/bug fixes.

Attaching package: ‘randomForest’

The following object is masked from ‘package:dplyr’:

    combine

The following object is masked from ‘package:ggplot2’:

    margin

Loading required package: Formula
Loading required package: plotmo
Loading required package: plotrix
Loading required package: Matrix
Loaded glmnet 4.1-10
Loading required package: nnls
Loading required package: gam
Loading required package: splines
Loaded gam 1.22-6

Super Learner
Version: 2.0-29
Package created on 2024-02-06

Loading required package: nlme

Attaching package: ‘nlme’

The following object is masked from ‘package:dplyr’:

    collapse

This is mgcv 1.9-3. For overview type 'help("mgcv-package")'.

Attaching package: ‘mgcv’

The following objects are masked from ‘package:gam’:

    gam, gam.control, gam.fit, s

Loaded gbm 2.2.2
This version of gbm is no longer under development. Consider transitioning to gbm3, https://github.com/gbm-developers/gbm3
Loading required package: mvtnorm
Loading required package: modeltools
Loading required package: stats4
Loading required package: strucchange
Loading required package: zoo

Attaching package: ‘zoo’

The following objects are masked from ‘package:base’:

    as.Date, as.Date.numeric

Loading required package: sandwich

Attaching package: ‘strucchange’

The following object is masked from ‘package:stringr’:

    boundary


Attaching package: ‘party’

The following object is masked from ‘package:dplyr’:

    where

Loading required package: lme4

Attaching package: ‘lme4’

The following object is masked from ‘package:modeltools’:

    refit

The following object is masked from ‘package:nlme’:

    lmList


arm (Version 1.14-4, built: 2024-4-1)

Working directory is /Users/peterlin/Desktop/test/GRB_app


Attaching package: ‘arm’

The following object is masked from ‘package:mvtnorm’:

    standardize

The following object is masked from ‘package:plotrix’:

    rescale


Attaching package: ‘dgof’

The following object is masked from ‘package:stats’:

    ks.test

Loading required package: SuppDists

Attaching package: ‘latticeExtra’

The following object is masked from ‘package:ggplot2’:

    layer

Loading required package: bigmemory
Loading required package: ncvreg

Attaching package: ‘e1071’

The following object is masked from ‘package:ggplot2’:

    element

[1] "not running locally"
Column names found:
 [1] "GRB"                 "Redshift_crosscheck" "log10T90"           
 [4] "log10Fa"             "log10Ta"             "Alpha"              
 [7] "Beta"                "Gamma"               "log10Fluence"       
[10] "PhotonIndex"         "log10NH"             "log10PeakFlux"      
[13] "T90Err"              "log10FaErr"          "log10TaErr"         
[16] "AlphaErr"            "BetaErr"             "FluenceErr"         
[19] "PhotonIndexErr"      "PeakFluxErr"        
Assertion OK: no NA in GRBPred after imputation ( 307 rows x 18 cols )
MC errors frame built for 307 rows
[1] "050826A" "051109B" "080913A" "130702A"
Assertion OK: GRBPred has no NA/NaN/Inf ( 303 rows )
The number of NAs in GRBPred is: 0 
GAM vars missing from GRBPred:  
CV repetitions (loop): 10 
Assertion OK: SuperLearner inputs valid; 243 rows, 20 predictors
Parallelizing 10 CV repetition(s) across 8 core(s)
[rep 1] starting
[rep 2] starting
[rep 3] starting
[rep 4] starting
[rep 5] starting
[rep 6] starting
[rep 1] Iteration 1 out of 10
[rep 2] Iteration 1 out of 10
[rep 8] starting
[rep 3] Iteration 1 out of 10
[rep 7] starting
[rep 4] Iteration 1 out of 10
[rep 8] Iteration 1 out of 10
[rep 7] Iteration 1 out of 10
[rep 5] Iteration 1 out of 10
[rep 6] Iteration 1 out of 10
[rep 3] Iteration 2 out of 10
[rep 7] Iteration 2 out of 10
[rep 4] Iteration 2 out of 10
[rep 2] Iteration 2 out of 10
[rep 6] Iteration 2 out of 10
[rep 5] Iteration 2 out of 10
[rep 8] Iteration 2 out of 10
[rep 1] Iteration 2 out of 10
[rep 3] Iteration 3 out of 10
[rep 7] Iteration 3 out of 10
[rep 6] Iteration 3 out of 10
[rep 2] Iteration 3 out of 10
[rep 8] Iteration 3 out of 10
[rep 4] Iteration 3 out of 10
[rep 1] Iteration 3 out of 10
[rep 5] Iteration 3 out of 10
[rep 3] Iteration 4 out of 10
[rep 7] Iteration 4 out of 10
[rep 2] Iteration 4 out of 10
[rep 8] Iteration 4 out of 10
[rep 6] Iteration 4 out of 10
[rep 1] Iteration 4 out of 10
[rep 4] Iteration 4 out of 10
[rep 5] Iteration 4 out of 10
[rep 3] Iteration 5 out of 10
[rep 2] Iteration 5 out of 10
[rep 6] Iteration 5 out of 10
[rep 4] Iteration 5 out of 10
[rep 1] Iteration 5 out of 10
[rep 7] Iteration 5 out of 10
[rep 8] Iteration 5 out of 10
[rep 5] Iteration 5 out of 10
[rep 3] Iteration 6 out of 10
[rep 2] Iteration 6 out of 10
[rep 6] Iteration 6 out of 10
[rep 4] Iteration 6 out of 10
[rep 7] Iteration 6 out of 10
[rep 8] Iteration 6 out of 10
[rep 5] Iteration 6 out of 10
[rep 1] Iteration 6 out of 10
[rep 3] Iteration 7 out of 10
[rep 2] Iteration 7 out of 10
[rep 6] Iteration 7 out of 10
[rep 4] Iteration 7 out of 10
[rep 7] Iteration 7 out of 10
[rep 8] Iteration 7 out of 10
[rep 5] Iteration 7 out of 10
[rep 1] Iteration 7 out of 10
[rep 3] Iteration 8 out of 10
[rep 6] Iteration 8 out of 10
[rep 4] Iteration 8 out of 10
[rep 2] Iteration 8 out of 10
[rep 8] Iteration 8 out of 10
[rep 7] Iteration 8 out of 10
[rep 5] Iteration 8 out of 10
[rep 1] Iteration 8 out of 10
[rep 3] Iteration 9 out of 10
[rep 6] Iteration 9 out of 10
[rep 4] Iteration 9 out of 10
[rep 2] Iteration 9 out of 10
[rep 8] Iteration 9 out of 10
[rep 5] Iteration 9 out of 10
[rep 7] Iteration 9 out of 10
[rep 1] Iteration 9 out of 10
[rep 3] Iteration 10 out of 10
[rep 6] Iteration 10 out of 10
[rep 4] Iteration 10 out of 10
[rep 2] Iteration 10 out of 10
[rep 8] Iteration 10 out of 10
[rep 7] Iteration 10 out of 10
[rep 5] Iteration 10 out of 10
[rep 1] Iteration 10 out of 10
[rep 10] starting
[rep 10] Iteration 1 out of 10
[rep 9] starting
[rep 9] Iteration 1 out of 10
[rep 10] Iteration 2 out of 10
[rep 9] Iteration 2 out of 10
[rep 10] Iteration 3 out of 10
[rep 9] Iteration 3 out of 10
[rep 10] Iteration 4 out of 10
[rep 9] Iteration 4 out of 10
[rep 10] Iteration 5 out of 10
[rep 9] Iteration 5 out of 10
[rep 10] Iteration 6 out of 10
[rep 9] Iteration 6 out of 10
[rep 10] Iteration 7 out of 10
[rep 9] Iteration 7 out of 10
[rep 10] Iteration 8 out of 10
[rep 9] Iteration 8 out of 10
[rep 10] Iteration 9 out of 10
[rep 9] Iteration 9 out of 10
[rep 10] Iteration 10 out of 10
[rep 9] Iteration 10 out of 10
Flattening MC samples across 10 repetitions...
MC matrix: 243 rows x 1000 samples
MC coverage: 16.9% of rows have truth inside 95% MC interval
MC metrics [all   ] log10(z+1): n=243 r=0.479 RMSE=0.164 | z: r=0.456 RMSE=1.171
MC metrics [inside] log10(z+1): n=41 r=0.845 RMSE=0.044 | z: r=0.831 RMSE=0.300
Wrote OutputFiles/mc_predictions.csv and OutputFiles/mc_raw.rds
Wrote MC plots to runs/mest_1pct//Plot_Output/ 
null device 
          1 
  [1] "000926A" "011211A" "030329A" "050315A" "050318A" "050319A" "050401A"
  [8] "050416A" "050502A" "050502B" "050505A" "050525A" "050730A" "050801A"
 [15] "050802A" "050820A" "050824A" "050904A" "050922C" "051016B" "051028A"
 [22] "051109A" "051111A" "060115A" "060124A" "060206A" "060306A" "060418A"
 [29] "060502A" "060510B" "060526A" "060604A" "060605A" "060607A" "060614A"
 [36] "060707A" "060708A" "060714A" "060814A" "060904B" "060906A" "060908A"
 [43] "060912A" "060926A" "060927A" "061007A" "061021A" "061110A" "061121A"
 [50] "061126A" "061222A" "070110A" "070125A" "070208A" "070223A" "070306A"
 [57] "070411A" "070521A" "070529A" "070612A" "070714B" "070802A" "071003A"
 [64] "071010A" "071010B" "071020A" "071025A" "071117A" "080310A" "080319B"
 [71] "080319C" "080330A" "080411A" "080430A" "080516A" "080603A" "080603B"
 [78] "080607A" "080710A" "080721A" "080810A" "080905B" "080916A" "080928A"
 [85] "081008A" "081029A" "081109A" "081203A" "081221A" "081228A" "090205A"
 [92] "090313A" "090424A" "090516A" "090519A" "090530A" "090618A" "090726A"
 [99] "090812A" "090927A" "091018A" "091020A" "091024A" "091109A" "091208B"
[106] "100219A" "100316B" "100316D" "100418A" "100508A" "100621A" "100704A"
[113] "100728A" "100814A" "100816A" "100901A" "100906A" "110106B" "110205A"
[120] "110213A" "110422A" "110726A" "110731A" "110801A" "111107A" "111123A"
[127] "111209A" "111228A" "120118B" "120327A" "120404A" "120422A" "120711A"
[134] "120729A" "120802A" "120811C" "120815A" "120907A" "120922A" "121024A"
[141] "121027A" "121128A" "121211A" "121217A" "130215A" "130408A" "130418A"
[148] "130420A" "130427A" "130511A" "130514A" "130604A" "130831A" "130925A"
[155] "131030A" "131105A" "131117A" "140206A" "140419A" "140423A" "140430A"
[162] "140506A" "140509A" "140512A" "140518A" "140614A" "140629A" "140801A"
[169] "140907A" "141004A" "141121A" "141220A" "150120B" "150314A" "150403A"
[176] "150821A" "150910A" "151021A" "151031A" "151215A" "160117B" "160131A"
[183] "160227A" "160314A" "160327A" "160425A" "160804A" "161014A" "161023A"
[190] "161108A" "161117A" "161219B" "170113A" "170202A" "170405A" "170519A"
[197] "170531B" "170607A" "170705A" "170903A" "171222A" "180205A" "180325A"
[204] "180404A" "180620B" "180728A" "181010A" "181110A" "181201A" "190106A"
[211] "190114A" "190719C" "190829A" "191011A" "191221B" "200205B" "200829A"
[218] "201015A" "201020A" "201021C" "201104B" "201221A" "210222B" "210517A"
[225] "210610A" "210610B" "210731A" "210822A" "211024B" "220117A" "230116D"
[232] "230325A" "230328B" "230818A" "231210B"
[1] "_with_catOutl_correlation_plot"
Scale for x is already present.
Adding another scale for x, which will replace the existing scale.
Scale for y is already present.
Adding another scale for y, which will replace the existing scale.
Ignoring unknown labels:
• colour : ""
Ignoring unknown labels:
• colour : ""
[1] "_with_catOutl_correlation_plot"
Scale for x is already present.
Adding another scale for x, which will replace the existing scale.
Scale for y is already present.
Adding another scale for y, which will replace the existing scale.
Warning messages:
1: The `size` argument of `element_rect()` is deprecated as of ggplot2 3.4.0.
ℹ Please use the `linewidth` argument instead. 
2: In fortify(data, ...) : Arguments in `...` must be used.
✖ Problematic argument:
• col = "black"
ℹ Did you misspell an argument name?
3: The `size` argument of `element_line()` is deprecated as of ggplot2 3.4.0.
ℹ Please use the `linewidth` argument instead. 
4: In fortify(data, ...) : Arguments in `...` must be used.
✖ Problematic argument:
• col = "black"
ℹ Did you misspell an argument name?
+ Fold01: mtry=6 
- Fold01: mtry=6 
+ Fold02: mtry=6 
- Fold02: mtry=6 
+ Fold03: mtry=6 
- Fold03: mtry=6 
+ Fold04: mtry=6 
- Fold04: mtry=6 
+ Fold05: mtry=6 
- Fold05: mtry=6 
+ Fold06: mtry=6 
- Fold06: mtry=6 
+ Fold07: mtry=6 
- Fold07: mtry=6 
+ Fold08: mtry=6 
- Fold08: mtry=6 
+ Fold09: mtry=6 
- Fold09: mtry=6 
+ Fold10: mtry=6 
- Fold10: mtry=6 
Aggregating results
Fitting final model on full training set
+ Fold01: cp=0.04539 
- Fold01: cp=0.04539 
+ Fold02: cp=0.04539 
- Fold02: cp=0.04539 
+ Fold03: cp=0.04539 
- Fold03: cp=0.04539 
+ Fold04: cp=0.04539 
- Fold04: cp=0.04539 
+ Fold05: cp=0.04539 
- Fold05: cp=0.04539 
+ Fold06: cp=0.04539 
- Fold06: cp=0.04539 
+ Fold07: cp=0.04539 
- Fold07: cp=0.04539 
+ Fold08: cp=0.04539 
- Fold08: cp=0.04539 
+ Fold09: cp=0.04539 
- Fold09: cp=0.04539 
+ Fold10: cp=0.04539 
- Fold10: cp=0.04539 
Aggregating results
Selecting tuning parameters
Fitting cp = 0.0694 on full training set
+ Fold01: mtry=6 
- Fold01: mtry=6 
+ Fold02: mtry=6 
- Fold02: mtry=6 
+ Fold03: mtry=6 
- Fold03: mtry=6 
+ Fold04: mtry=6 
- Fold04: mtry=6 
+ Fold05: mtry=6 
- Fold05: mtry=6 
+ Fold06: mtry=6 
- Fold06: mtry=6 
+ Fold07: mtry=6 
- Fold07: mtry=6 
+ Fold08: mtry=6 
- Fold08: mtry=6 
+ Fold09: mtry=6 
- Fold09: mtry=6 
+ Fold10: mtry=6 
- Fold10: mtry=6 
Aggregating results
Fitting final model on full training set
+ Fold01: cp=0.07209 
- Fold01: cp=0.07209 
+ Fold02: cp=0.07209 
- Fold02: cp=0.07209 
+ Fold03: cp=0.07209 
- Fold03: cp=0.07209 
+ Fold04: cp=0.07209 
- Fold04: cp=0.07209 
+ Fold05: cp=0.07209 
- Fold05: cp=0.07209 
+ Fold06: cp=0.07209 
- Fold06: cp=0.07209 
+ Fold07: cp=0.07209 
- Fold07: cp=0.07209 
+ Fold08: cp=0.07209 
- Fold08: cp=0.07209 
+ Fold09: cp=0.07209 
- Fold09: cp=0.07209 
+ Fold10: cp=0.07209 
- Fold10: cp=0.07209 
Aggregating results
Selecting tuning parameters
Fitting cp = 0.0721 on full training set
+ Fold01: mtry=6 
- Fold01: mtry=6 
+ Fold02: mtry=6 
- Fold02: mtry=6 
+ Fold03: mtry=6 
- Fold03: mtry=6 
+ Fold04: mtry=6 
- Fold04: mtry=6 
+ Fold05: mtry=6 
- Fold05: mtry=6 
+ Fold06: mtry=6 
- Fold06: mtry=6 
+ Fold07: mtry=6 
- Fold07: mtry=6 
+ Fold08: mtry=6 
- Fold08: mtry=6 
+ Fold09: mtry=6 
- Fold09: mtry=6 
+ Fold10: mtry=6 
- Fold10: mtry=6 
Aggregating results
Fitting final model on full training set
+ Fold01: cp=0.04726 
- Fold01: cp=0.04726 
+ Fold02: cp=0.04726 
- Fold02: cp=0.04726 
+ Fold03: cp=0.04726 
- Fold03: cp=0.04726 
+ Fold04: cp=0.04726 
- Fold04: cp=0.04726 
+ Fold05: cp=0.04726 
- Fold05: cp=0.04726 
+ Fold06: cp=0.04726 
- Fold06: cp=0.04726 
+ Fold07: cp=0.04726 
- Fold07: cp=0.04726 
+ Fold08: cp=0.04726 
- Fold08: cp=0.04726 
+ Fold09: cp=0.04726 
- Fold09: cp=0.04726 
+ Fold10: cp=0.04726 
- Fold10: cp=0.04726 
Aggregating results
Selecting tuning parameters
Fitting cp = 0.0936 on full training set
+ Fold01: mtry=6 
- Fold01: mtry=6 
+ Fold02: mtry=6 
- Fold02: mtry=6 
+ Fold03: mtry=6 
- Fold03: mtry=6 
+ Fold04: mtry=6 
- Fold04: mtry=6 
+ Fold05: mtry=6 
- Fold05: mtry=6 
+ Fold06: mtry=6 
- Fold06: mtry=6 
+ Fold07: mtry=6 
- Fold07: mtry=6 
+ Fold08: mtry=6 
- Fold08: mtry=6 
+ Fold09: mtry=6 
- Fold09: mtry=6 
+ Fold10: mtry=6 
- Fold10: mtry=6 
Aggregating results
Fitting final model on full training set
+ Fold01: cp=0.04601 
- Fold01: cp=0.04601 
+ Fold02: cp=0.04601 
- Fold02: cp=0.04601 
+ Fold03: cp=0.04601 
- Fold03: cp=0.04601 
+ Fold04: cp=0.04601 
- Fold04: cp=0.04601 
+ Fold05: cp=0.04601 
- Fold05: cp=0.04601 
+ Fold06: cp=0.04601 
- Fold06: cp=0.04601 
+ Fold07: cp=0.04601 
- Fold07: cp=0.04601 
+ Fold08: cp=0.04601 
- Fold08: cp=0.04601 
+ Fold09: cp=0.04601 
- Fold09: cp=0.04601 
+ Fold10: cp=0.04601 
- Fold10: cp=0.04601 
Aggregating results
Selecting tuning parameters
Fitting cp = 0.0909 on full training set
+ Fold01: mtry=6 
- Fold01: mtry=6 
+ Fold02: mtry=6 
- Fold02: mtry=6 
+ Fold03: mtry=6 
- Fold03: mtry=6 
+ Fold04: mtry=6 
- Fold04: mtry=6 
+ Fold05: mtry=6 
- Fold05: mtry=6 
+ Fold06: mtry=6 
- Fold06: mtry=6 
+ Fold07: mtry=6 
- Fold07: mtry=6 
+ Fold08: mtry=6 
- Fold08: mtry=6 
+ Fold09: mtry=6 
- Fold09: mtry=6 
+ Fold10: mtry=6 
- Fold10: mtry=6 
Aggregating results
Fitting final model on full training set
+ Fold01: cp=0.056 
- Fold01: cp=0.056 
+ Fold02: cp=0.056 
- Fold02: cp=0.056 
+ Fold03: cp=0.056 
- Fold03: cp=0.056 
+ Fold04: cp=0.056 
- Fold04: cp=0.056 
+ Fold05: cp=0.056 
- Fold05: cp=0.056 
+ Fold06: cp=0.056 
- Fold06: cp=0.056 
+ Fold07: cp=0.056 
- Fold07: cp=0.056 
+ Fold08: cp=0.056 
- Fold08: cp=0.056 
+ Fold09: cp=0.056 
- Fold09: cp=0.056 
+ Fold10: cp=0.056 
- Fold10: cp=0.056 
Aggregating results
Selecting tuning parameters
Fitting cp = 0.056 on full training set
+ Fold01: mtry=6 
- Fold01: mtry=6 
+ Fold02: mtry=6 
- Fold02: mtry=6 
+ Fold03: mtry=6 
- Fold03: mtry=6 
+ Fold04: mtry=6 
- Fold04: mtry=6 
+ Fold05: mtry=6 
- Fold05: mtry=6 
+ Fold06: mtry=6 
- Fold06: mtry=6 
+ Fold07: mtry=6 
- Fold07: mtry=6 
+ Fold08: mtry=6 
- Fold08: mtry=6 
+ Fold09: mtry=6 
- Fold09: mtry=6 
+ Fold10: mtry=6 
- Fold10: mtry=6 
Aggregating results
Fitting final model on full training set
+ Fold01: cp=0.0563 
- Fold01: cp=0.0563 
+ Fold02: cp=0.0563 
- Fold02: cp=0.0563 
+ Fold03: cp=0.0563 
- Fold03: cp=0.0563 
+ Fold04: cp=0.0563 
- Fold04: cp=0.0563 
+ Fold05: cp=0.0563 
- Fold05: cp=0.0563 
+ Fold06: cp=0.0563 
- Fold06: cp=0.0563 
+ Fold07: cp=0.0563 
- Fold07: cp=0.0563 
+ Fold08: cp=0.0563 
- Fold08: cp=0.0563 
+ Fold09: cp=0.0563 
- Fold09: cp=0.0563 
+ Fold10: cp=0.0563 
- Fold10: cp=0.0563 
Aggregating results
Selecting tuning parameters
Fitting cp = 0.0563 on full training set
Warning messages:
1: In nominalTrainWorkflow(x = x, y = y, wts = weights, info = trainInfo,  :
  There were missing values in resampled performance measures.
2: In nominalTrainWorkflow(x = x, y = y, wts = weights, info = trainInfo,  :
  There were missing values in resampled performance measures.
3: In nominalTrainWorkflow(x = x, y = y, wts = weights, info = trainInfo,  :
  There were missing values in resampled performance measures.
4: In nominalTrainWorkflow(x = x, y = y, wts = weights, info = trainInfo,  :
  There were missing values in resampled performance measures.
5: In nominalTrainWorkflow(x = x, y = y, wts = weights, info = trainInfo,  :
  There were missing values in resampled performance measures.
6: In nominalTrainWorkflow(x = x, y = y, wts = weights, info = trainInfo,  :
  There were missing values in resampled performance measures.
  [1] "000926A" "011211A" "030329A" "050315A" "050318A" "050319A" "050401A"
  [8] "050416A" "050502A" "050502B" "050505A" "050525A" "050730A" "050801A"
 [15] "050802A" "050820A" "050824A" "050904A" "050922C" "051016B" "051028A"
 [22] "051109A" "051111A" "060115A" "060124A" "060206A" "060306A" "060418A"
 [29] "060502A" "060510B" "060526A" "060604A" "060605A" "060607A" "060614A"
 [36] "060707A" "060708A" "060714A" "060814A" "060904B" "060906A" "060908A"
 [43] "060912A" "060926A" "060927A" "061007A" "061021A" "061110A" "061121A"
 [50] "061126A" "061222A" "070110A" "070125A" "070208A" "070223A" "070306A"
 [57] "070411A" "070521A" "070529A" "070612A" "070714B" "070802A" "071003A"
 [64] "071010A" "071010B" "071020A" "071025A" "071117A" "080310A" "080319B"
 [71] "080319C" "080330A" "080411A" "080430A" "080516A" "080603A" "080603B"
 [78] "080607A" "080710A" "080721A" "080810A" "080905B" "080916A" "080928A"
 [85] "081008A" "081029A" "081109A" "081203A" "081221A" "081228A" "090205A"
 [92] "090313A" "090424A" "090516A" "090519A" "090530A" "090618A" "090726A"
 [99] "090812A" "090927A" "091018A" "091020A" "091024A" "091109A" "091208B"
[106] "100316B" "100316D" "100418A" "100508A" "100621A" "100704A" "100728A"
[113] "100814A" "100816A" "100901A" "100906A" "110106B" "110205A" "110213A"
[120] "110422A" "110726A" "110731A" "110801A" "111107A" "111123A" "111209A"
[127] "111228A" "120118B" "120327A" "120404A" "120422A" "120711A" "120729A"
[134] "120802A" "120811C" "120815A" "120907A" "120922A" "121024A" "121027A"
[141] "121128A" "121211A" "121217A" "130215A" "130408A" "130418A" "130420A"
[148] "130511A" "130514A" "130604A" "130831A" "130925A" "131030A" "131105A"
[155] "131117A" "140206A" "140419A" "140423A" "140430A" "140506A" "140509A"
[162] "140512A" "140518A" "140614A" "140629A" "140801A" "140907A" "141004A"
[169] "141121A" "141220A" "150120B" "150314A" "150403A" "150821A" "150910A"
[176] "151021A" "151031A" "151215A" "160117B" "160131A" "160227A" "160314A"
[183] "160327A" "160425A" "160804A" "161014A" "161023A" "161108A" "161117A"
[190] "161219B" "170113A" "170202A" "170405A" "170519A" "170531B" "170607A"
[197] "170705A" "170903A" "171222A" "180205A" "180325A" "180404A" "180620B"
[204] "180728A" "181010A" "181110A" "181201A" "190106A" "190114A" "190719C"
[211] "190829A" "191011A" "191221B" "200205B" "200829A" "201020A" "201021C"
[218] "201104B" "201221A" "210222B" "210517A" "210610A" "210610B" "210731A"
[225] "210822A" "211024B" "230116D" "230325A" "230818A" "231210B"
[1] "_without_catOutl_correlation_plot"
Scale for x is already present.
Adding another scale for x, which will replace the existing scale.
Scale for y is already present.
Adding another scale for y, which will replace the existing scale.
Ignoring unknown labels:
• colour : ""
Ignoring unknown labels:
• colour : ""
[1] "_without_catOutl_correlation_plot"
Scale for x is already present.
Adding another scale for x, which will replace the existing scale.
Scale for y is already present.
Adding another scale for y, which will replace the existing scale.
Warning messages:
1: In fortify(data, ...) : Arguments in `...` must be used.
✖ Problematic argument:
• col = "black"
ℹ Did you misspell an argument name?
2: In fortify(data, ...) : Arguments in `...` must be used.
✖ Problematic argument:
• col = "black"
ℹ Did you misspell an argument name?
