Loading required package: doParallel
Loading required package: foreach
Loading required package: iterators
Loading required package: parallel
Loading required package: mice

Attaching package: ‘mice’

The following object is masked from ‘package:stats’:

    filter

The following objects are masked from ‘package:base’:

    cbind, rbind

Loading required package: ggplot2
Loading required package: lattice
Loading required package: stringr
Loading required package: dplyr

Attaching package: ‘dplyr’

The following objects are masked from ‘package:stats’:

    filter, lag

The following objects are masked from ‘package:base’:

    intersect, setdiff, setequal, union

Loading required package: MASS

Attaching package: ‘MASS’

The following object is masked from ‘package:dplyr’:

    select

Loading required package: randomForest
randomForest 4.7-1.2
Type rfNews() to see new features/changes/bug fixes.

Attaching package: ‘randomForest’

The following object is masked from ‘package:dplyr’:

    combine

The following object is masked from ‘package:ggplot2’:

    margin

Loading required package: earth
Loading required package: Formula
Loading required package: plotmo
Loading required package: plotrix
Loading required package: Matrix
Loaded glmnet 5.0
Loading required package: SuperLearner
Loading required package: nnls
Loading required package: gam
Loading required package: splines
Loaded gam 1.22-7

Super Learner
Version: 2.0-40
Package created on 2025-12-14

Loading required package: mgcv
Loading required package: nlme

Attaching package: ‘nlme’

The following object is masked from ‘package:dplyr’:

    collapse

This is mgcv 1.9-4. For overview type '?mgcv'.

Attaching package: ‘mgcv’

The following objects are masked from ‘package:gam’:

    gam, gam.control, gam.fit, s

Loading required package: xgboost
Loading required package: gbm
Loaded gbm 2.3.1
This version of gbm is no longer under development. Consider transitioning to gbm3, https://github.com/gbm-developers/gbm3
Loading required package: caret
Loading required package: biglasso
Loading required package: bigmemory
Loading required package: ncvreg

Attaching package: ‘ncvreg’

The following object is masked from ‘package:nlme’:

    intervals

Loading required package: lme4

Attaching package: ‘lme4’

The following object is masked from ‘package:nlme’:

    lmList

The following object is masked from ‘package:mice’:

    toenail


arm (Version 1.15-3, built: 2026-4-15)

Working directory is /Users/petelin/Desktop/test/GRB_app/runs/ot_100split_formulasearch


Attaching package: ‘arm’

The following object is masked from ‘package:plotrix’:

    rescale

     log10T90       log10Fa       log10Ta         Alpha          Beta 
  0.014894053  -0.032349778  -0.063964480   0.019139075   0.001159172 
        Gamma  log10Fluence   PhotonIndex       log10NH log10PeakFlux 
  0.000000000   0.000000000  -0.061091876   0.034200643  -0.072869906 
[1] 14
[1] 91
[1] 364
[1] 1001
[1] 2002
[1] 3003
[1] 3432
[1] 3003
[1] 2002
[1] 1001
[1] 364
[1] 91
[1] 14
[1] 1
[1] 7
[1] 21
[1] 35
[1] 35
[1] 21
[1] 7
[1] 1
[1] 35
[1] 7
[1] 21
[1] 35
[1] 35
[1] 21
[1] 7
[1] 1
Formulas: 16383 | GRBs: 285 
split 1/100 done in 5.5 min | best test r=0.474
split 2/100 done in 5.8 min | best test r=0.625
split 3/100 done in 6.0 min | best test r=0.544
split 4/100 done in 5.8 min | best test r=0.374
split 5/100 done in 6.0 min | best test r=0.598
split 6/100 done in 6.0 min | best test r=0.528
split 7/100 done in 5.8 min | best test r=0.456
split 8/100 done in 5.8 min | best test r=0.477
split 9/100 done in 5.5 min | best test r=0.623
split 10/100 done in 5.2 min | best test r=0.505
split 11/100 done in 5.3 min | best test r=0.539
split 12/100 done in 5.2 min | best test r=0.506
split 13/100 done in 5.4 min | best test r=0.566
split 14/100 done in 5.5 min | best test r=0.359
split 15/100 done in 5.7 min | best test r=0.541
split 16/100 done in 6.0 min | best test r=0.511
split 17/100 done in 5.9 min | best test r=0.605
split 18/100 done in 5.9 min | best test r=0.522
split 19/100 done in 5.8 min | best test r=0.485
split 20/100 done in 5.4 min | best test r=0.522
split 21/100 done in 5.4 min | best test r=0.429
split 22/100 done in 5.3 min | best test r=0.689
split 23/100 done in 5.3 min | best test r=0.469
split 24/100 done in 5.4 min | best test r=0.548
split 25/100 done in 5.3 min | best test r=0.503
split 26/100 done in 5.6 min | best test r=0.588
split 27/100 done in 5.9 min | best test r=0.604
split 28/100 done in 5.8 min | best test r=0.605
split 29/100 done in 6.0 min | best test r=0.556
split 30/100 done in 5.9 min | best test r=0.428
split 31/100 done in 5.6 min | best test r=0.480
split 32/100 done in 5.5 min | best test r=0.620
split 33/100 done in 5.2 min | best test r=0.506
split 34/100 done in 5.4 min | best test r=0.631
split 35/100 done in 5.3 min | best test r=0.452
split 36/100 done in 5.3 min | best test r=0.571
split 37/100 done in 5.5 min | best test r=0.492
split 38/100 done in 5.5 min | best test r=0.633
split 39/100 done in 5.8 min | best test r=0.566
split 40/100 done in 6.0 min | best test r=0.605
split 41/100 done in 5.9 min | best test r=0.532
split 42/100 done in 6.0 min | best test r=0.358
split 43/100 done in 5.6 min | best test r=0.455
split 44/100 done in 5.4 min | best test r=0.673
split 45/100 done in 5.3 min | best test r=0.615
split 46/100 done in 5.2 min | best test r=0.458
split 47/100 done in 5.3 min | best test r=0.540
split 48/100 done in 5.3 min | best test r=0.487
split 49/100 done in 5.4 min | best test r=0.481
split 50/100 done in 5.8 min | best test r=0.497
split 51/100 done in 5.8 min | best test r=0.601
split 52/100 done in 5.9 min | best test r=0.579
split 53/100 done in 6.0 min | best test r=0.631
split 54/100 done in 5.7 min | best test r=0.513
split 55/100 done in 5.6 min | best test r=0.532
split 56/100 done in 5.3 min | best test r=0.604
split 57/100 done in 5.3 min | best test r=0.478
split 58/100 done in 5.3 min | best test r=0.546
split 59/100 done in 5.2 min | best test r=0.562
split 60/100 done in 5.4 min | best test r=0.624
split 61/100 done in 5.6 min | best test r=0.313
split 62/100 done in 5.8 min | best test r=0.616
split 63/100 done in 6.0 min | best test r=0.540
split 64/100 done in 5.9 min | best test r=0.502
split 65/100 done in 5.8 min | best test r=0.642
split 66/100 done in 5.7 min | best test r=0.591
split 67/100 done in 5.3 min | best test r=0.583
split 68/100 done in 5.4 min | best test r=0.566
split 69/100 done in 5.3 min | best test r=0.637
split 70/100 done in 5.2 min | best test r=0.570
split 71/100 done in 5.3 min | best test r=0.513
split 72/100 done in 5.4 min | best test r=0.628
split 73/100 done in 5.7 min | best test r=0.426
split 74/100 done in 5.9 min | best test r=0.571
split 75/100 done in 6.1 min | best test r=0.354
split 76/100 done in 6.7 min | best test r=0.489
split 77/100 done in 5.6 min | best test r=0.589
split 78/100 done in 4.6 min | best test r=0.401
split 79/100 done in 4.3 min | best test r=0.701
split 80/100 done in 4.2 min | best test r=0.582
split 81/100 done in 4.3 min | best test r=0.389
split 82/100 done in 4.2 min | best test r=0.472
split 83/100 done in 4.2 min | best test r=0.614
split 84/100 done in 4.3 min | best test r=0.507
split 85/100 done in 4.2 min | best test r=0.500
split 86/100 done in 4.3 min | best test r=0.481
split 87/100 done in 4.2 min | best test r=0.592
split 88/100 done in 4.2 min | best test r=0.427
split 89/100 done in 4.3 min | best test r=0.429
split 90/100 done in 4.2 min | best test r=0.505
split 91/100 done in 4.2 min | best test r=0.680
split 92/100 done in 4.3 min | best test r=0.451
split 93/100 done in 4.2 min | best test r=0.564
split 94/100 done in 4.4 min | best test r=0.572
split 95/100 done in 4.2 min | best test r=0.417
split 96/100 done in 4.2 min | best test r=0.531
split 97/100 done in 4.4 min | best test r=0.439
split 98/100 done in 4.2 min | best test r=0.582
split 99/100 done in 4.3 min | best test r=0.549
split 100/100 done in 4.3 min | best test r=0.481
Splits completed: 100 | top formulas written to formula_win_frequency.csv
   formula_idx wins
1          145   43
2          663   21
3          552   20
4          497   17
5         1598   11
6          659    9
7         1487    8
8         1759    8
9          353    7
10         597    7
                                                                                                                                                                  formula
1  Response ~  (log10FaSqr+log10Fa+log10PeakFlux)^2+log10Ta+PhotonIndex+log10NH+Alpha+log10T90+log10PeakFluxSqr+log10TaSqr+PhotonIndexSqr+log10NHSqr+AlphaSqr+log10T90Sqr
2  Response ~  (log10FaSqr+PhotonIndexSqr+log10Fa+log10PeakFlux)^2+log10Ta+PhotonIndex+log10NH+Alpha+log10T90+log10PeakFluxSqr+log10TaSqr+log10NHSqr+AlphaSqr+log10T90Sqr
3  Response ~  (log10FaSqr+log10Fa+PhotonIndex+log10PeakFlux)^2+log10Ta+log10NH+Alpha+log10T90+log10PeakFluxSqr+log10TaSqr+PhotonIndexSqr+log10NHSqr+AlphaSqr+log10T90Sqr
4  Response ~  (log10FaSqr+log10Fa+log10Ta+log10PeakFlux)^2+PhotonIndex+log10NH+Alpha+log10T90+log10PeakFluxSqr+log10TaSqr+PhotonIndexSqr+log10NHSqr+AlphaSqr+log10T90Sqr
5  Response ~  (log10FaSqr+PhotonIndexSqr+log10Fa+log10Ta+log10PeakFlux)^2+PhotonIndex+log10NH+Alpha+log10T90+log10PeakFluxSqr+log10TaSqr+log10NHSqr+AlphaSqr+log10T90Sqr
6  Response ~  (log10FaSqr+log10TaSqr+log10Fa+log10PeakFlux)^2+log10Ta+PhotonIndex+log10NH+Alpha+log10T90+log10PeakFluxSqr+PhotonIndexSqr+log10NHSqr+AlphaSqr+log10T90Sqr
7  Response ~  (log10FaSqr+log10Fa+PhotonIndex+log10Ta+log10PeakFlux)^2+log10NH+Alpha+log10T90+log10PeakFluxSqr+log10TaSqr+PhotonIndexSqr+log10NHSqr+AlphaSqr+log10T90Sqr
8  Response ~  (log10FaSqr+log10TaSqr+log10Fa+PhotonIndex+log10PeakFlux)^2+log10Ta+log10NH+Alpha+log10T90+log10PeakFluxSqr+PhotonIndexSqr+log10NHSqr+AlphaSqr+log10T90Sqr
9  Response ~  (PhotonIndexSqr+Alpha+log10Fa)^2+log10PeakFlux+log10Ta+PhotonIndex+log10NH+log10T90+log10PeakFluxSqr+log10TaSqr+log10NHSqr+log10FaSqr+AlphaSqr+log10T90Sqr
10 Response ~  (log10FaSqr+log10Fa+log10NH+log10PeakFlux)^2+log10Ta+PhotonIndex+Alpha+log10T90+log10PeakFluxSqr+log10TaSqr+PhotonIndexSqr+log10NHSqr+AlphaSqr+log10T90Sqr
