Loading required package: foreach
Loading required package: iterators
Loading required package: parallel

Attaching package: ‘mice’

The following object is masked from ‘package:stats’:

    filter

The following objects are masked from ‘package:base’:

    cbind, rbind

Loading required package: colorspace
Loading required package: grid
Registered S3 method overwritten by 'car':
  method           from
  na.action.merMod lme4
VIM is ready to use.

Suggestions and bug-reports can be submitted at: https://github.com/statistikat/VIM/issues

Attaching package: ‘VIM’

The following object is masked from ‘package:datasets’:

    sleep


Attaching package: ‘dplyr’

The following objects are masked from ‘package:stats’:

    filter, lag

The following objects are masked from ‘package:base’:

    intersect, setdiff, setequal, union


Attaching package: ‘MASS’

The following object is masked from ‘package:dplyr’:

    select

randomForest 4.7-1.2
Type rfNews() to see new features/changes/bug fixes.

Attaching package: ‘randomForest’

The following object is masked from ‘package:dplyr’:

    combine

The following object is masked from ‘package:ggplot2’:

    margin

Loading required package: Formula
Loading required package: plotmo
Loading required package: plotrix
Loading required package: Matrix
Loaded glmnet 5.0
Loading required package: nnls
Loading required package: gam
Loading required package: splines
Loaded gam 1.22-7

Super Learner
Version: 2.0-40
Package created on 2025-12-14

Loading required package: nlme

Attaching package: ‘nlme’

The following object is masked from ‘package:dplyr’:

    collapse

This is mgcv 1.9-4. For overview type '?mgcv'.

Attaching package: ‘mgcv’

The following objects are masked from ‘package:gam’:

    gam, gam.control, gam.fit, s

Loaded gbm 2.3.1
This version of gbm is no longer under development. Consider transitioning to gbm3, https://github.com/gbm-developers/gbm3
Loading required package: mvtnorm
Loading required package: modeltools
Loading required package: stats4
Loading required package: strucchange
Loading required package: zoo

Attaching package: ‘zoo’

The following objects are masked from ‘package:base’:

    as.Date, as.Date.numeric

Loading required package: sandwich

Attaching package: ‘strucchange’

The following object is masked from ‘package:stringr’:

    boundary


Attaching package: ‘party’

The following object is masked from ‘package:dplyr’:

    where

Loading required package: lme4

Attaching package: ‘lme4’

The following object is masked from ‘package:modeltools’:

    refit

The following object is masked from ‘package:nlme’:

    lmList

The following object is masked from ‘package:mice’:

    toenail


arm (Version 1.15-3, built: 2026-4-15)

Working directory is /Users/petelin/Desktop/test/GRB_app


Attaching package: ‘arm’

The following object is masked from ‘package:mvtnorm’:

    standardize

The following object is masked from ‘package:plotrix’:

    rescale


Attaching package: ‘dgof’

The following object is masked from ‘package:stats’:

    ks.test

Loading required package: SuppDists

Attaching package: ‘latticeExtra’

The following object is masked from ‘package:ggplot2’:

    layer

Loading required package: bigmemory
Loading required package: ncvreg

Attaching package: ‘ncvreg’

The following object is masked from ‘package:nlme’:

    intervals


Attaching package: ‘e1071’

The following object is masked from ‘package:ggplot2’:

    element

[1] "not running locally"
Column names found:
 [1] "X"                   "Redshift_crosscheck" "log10T90"           
 [4] "log10Fa"             "log10Ta"             "Alpha"              
 [7] "Beta"                "Gamma"               "log10Fluence"       
[10] "PhotonIndex"         "log10NH"             "log10PeakFlux"      
[13] "T90Err"              "log10FaErr"          "log10TaErr"         
[16] "AlphaErr"            "BetaErr"             "log10FluenceErr"    
[19] "PhotonIndexErr"      "log10PeakFluxErr"    "is_optical"         
[22] "GRB"                 "FluenceErr"          "PeakFluxErr"        
Removed 19 GRB(s) for physically-impossible feature values (recorded in removed_feature_outliers.csv):
       GRB     reason
1  050908A log10NH<20
2  060512A log10NH<20
3  060526A log10NH<20
4  080310A log10NH<20
5  090529A log10NH<20
6  100219A log10NH<20
7  100418A log10NH<20
8  110808A log10NH<20
9  120422A log10NH<20
10 130831A log10NH<20
11 140614A log10NH<20
12 151215A log10NH<20
13 160121A log10NH<20
14 160314A log10NH<20
15 170405A log10NH<20
16 170531B log10NH<20
17 191221B log10NH<20
18 200205B log10NH<20
19 230116D log10NH<20
impute_method: mice 
 /\     /\
{  `---'  }
{  O   O  }
==>  V <==  No need for mice. This data set is completely observed.
 \  \|/  /
  `-----'

Assertion OK: no NA in GRBPred after imputation ( 247 rows x 18 cols )
MC errors frame built for 247 rows
Added is_optical + 10 Daume-scaled domain columns (c=0.25)
Assertion OK: GRBPred has no NA/NaN/Inf ( 247 rows )
grb_errors synced for 247 rows (post upsampling/outlier removal)
The number of NAs in GRBPred is: 0 
GAM vars missing from GRBPred:  
CV repetitions (loop): 10 
Assertion OK: SuperLearner inputs valid; 198 rows, 20 predictors
Parallelizing 10 CV repetition(s) across 10 core(s)
[rep 1] starting
[rep 2] starting
[rep 3] starting
[rep 1] Iteration 1 out of 10
[rep 4] starting
[rep 2] Iteration 1 out of 10
[rep 3] Iteration 1 out of 10
[rep 5] starting
[rep 4] Iteration 1 out of 10
[rep 6] starting
[rep 5] Iteration 1 out of 10
[rep 7] starting
[rep 6] Iteration 1 out of 10
[rep 8] starting
[rep 7] Iteration 1 out of 10
[rep 9] starting
[rep 8] Iteration 1 out of 10
[rep 10] starting
[rep 9] Iteration 1 out of 10
[rep 10] Iteration 1 out of 10
[rep 3] Iteration 2 out of 10
[rep 6] Iteration 2 out of 10
[rep 2] Iteration 2 out of 10
[rep 10] Iteration 2 out of 10
[rep 7] Iteration 2 out of 10
[rep 4] Iteration 2 out of 10
[rep 9] Iteration 2 out of 10
[rep 1] Iteration 2 out of 10
[rep 8] Iteration 2 out of 10
[rep 5] Iteration 2 out of 10
[rep 3] Iteration 3 out of 10
[rep 6] Iteration 3 out of 10
[rep 4] Iteration 3 out of 10
[rep 1] Iteration 3 out of 10
[rep 2] Iteration 3 out of 10
[rep 8] Iteration 3 out of 10
[rep 10] Iteration 3 out of 10
[rep 9] Iteration 3 out of 10
[rep 7] Iteration 3 out of 10
[rep 5] Iteration 3 out of 10
[rep 4] Iteration 4 out of 10
[rep 8] Iteration 4 out of 10
[rep 3] Iteration 4 out of 10
[rep 1] Iteration 4 out of 10
[rep 2] Iteration 4 out of 10
[rep 6] Iteration 4 out of 10
[rep 9] Iteration 4 out of 10
[rep 10] Iteration 4 out of 10
[rep 7] Iteration 4 out of 10
[rep 5] Iteration 4 out of 10
[rep 4] Iteration 5 out of 10
[rep 6] Iteration 5 out of 10
[rep 2] Iteration 5 out of 10
[rep 3] Iteration 5 out of 10
[rep 8] Iteration 5 out of 10
[rep 10] Iteration 5 out of 10
[rep 9] Iteration 5 out of 10
[rep 1] Iteration 5 out of 10
[rep 5] Iteration 5 out of 10
[rep 7] Iteration 5 out of 10
[rep 4] Iteration 6 out of 10
[rep 3] Iteration 6 out of 10
[rep 2] Iteration 6 out of 10
[rep 8] Iteration 6 out of 10
[rep 10] Iteration 6 out of 10
[rep 1] Iteration 6 out of 10
[rep 9] Iteration 6 out of 10
[rep 7] Iteration 6 out of 10
[rep 5] Iteration 6 out of 10
[rep 6] Iteration 6 out of 10
[rep 4] Iteration 7 out of 10
[rep 3] Iteration 7 out of 10
[rep 10] Iteration 7 out of 10
[rep 1] Iteration 7 out of 10
[rep 8] Iteration 7 out of 10
[rep 2] Iteration 7 out of 10
[rep 7] Iteration 7 out of 10
[rep 9] Iteration 7 out of 10
[rep 6] Iteration 7 out of 10
[rep 5] Iteration 7 out of 10
[rep 3] Iteration 8 out of 10
[rep 4] Iteration 8 out of 10
[rep 10] Iteration 8 out of 10
[rep 7] Iteration 8 out of 10
[rep 9] Iteration 8 out of 10
[rep 8] Iteration 8 out of 10
[rep 1] Iteration 8 out of 10
[rep 2] Iteration 8 out of 10
[rep 6] Iteration 8 out of 10
[rep 5] Iteration 8 out of 10
[rep 3] Iteration 9 out of 10
[rep 10] Iteration 9 out of 10
[rep 7] Iteration 9 out of 10
[rep 9] Iteration 9 out of 10
[rep 4] Iteration 9 out of 10
[rep 1] Iteration 9 out of 10
[rep 2] Iteration 9 out of 10
[rep 8] Iteration 9 out of 10
[rep 6] Iteration 9 out of 10
[rep 5] Iteration 9 out of 10
[rep 10] Iteration 10 out of 10
[rep 9] Iteration 10 out of 10
[rep 4] Iteration 10 out of 10
[rep 2] Iteration 10 out of 10
[rep 8] Iteration 10 out of 10
[rep 7] Iteration 10 out of 10
[rep 3] Iteration 10 out of 10
[rep 6] Iteration 10 out of 10
[rep 1] Iteration 10 out of 10
[rep 5] Iteration 10 out of 10
Flattening MC samples across 10 repetitions...
MC matrix: 198 rows x 1000 samples
MC coverage: 23.7% of rows have truth inside 95% MC interval
MC metrics [all   ] log10(z+1): n=198 r=0.651 RMSE=0.132 | z: r=0.641 RMSE=0.989
MC metrics [inside] log10(z+1): n=47 r=0.929 RMSE=0.043 | z: r=0.927 RMSE=0.316
Wrote OutputFiles/mc_predictions.csv and OutputFiles/mc_raw.rds
Wrote MC plots to runs/theilsen_cleaned_linearz_5pct_mice20_RETRAIN/Plot_Output/ 
null device 
          1 
  [1] "000926A" "011211A" "050315A" "050318A" "050319A" "050401A" "050416A"
  [8] "050502A" "050502B" "050505A" "050525A" "050603A" "050730A" "050801A"
 [15] "050802A" "050820A" "050824A" "050904A" "051016B" "051028A" "051111A"
 [22] "060115A" "060124A" "060206A" "060210A" "060223A" "060306A" "060418A"
 [29] "060510B" "060604A" "060605A" "060607A" "060714A" "060729A" "060814A"
 [36] "060906A" "060912A" "060926A" "060927A" "061007A" "061121A" "061126A"
 [43] "061222A" "070125A" "070208A" "070223A" "070306A" "070411A" "070508A"
 [50] "070529A" "070612A" "070802A" "070810A" "071010A" "071010B" "071112C"
 [57] "071117A" "080319B" "080319C" "080330A" "080411A" "080413B" "080516A"
 [64] "080603A" "080603B" "080607A" "080710A" "080810A" "080928A" "081007A"
 [71] "081028A" "081029A" "081203A" "081221A" "081228A" "081230A" "090102A"
 [78] "090313A" "090418A" "090423A" "090519A" "090530A" "090618A" "090726A"
 [85] "091018A" "091020A" "091029A" "091109A" "091127A" "091208B" "100316B"
 [92] "100425A" "100513A" "100728A" "100814A" "100816A" "100901A" "100906A"
 [99] "110205A" "110213A" "110503A" "110715A" "110731A" "110801A" "111107A"
[106] "111123A" "111209A" "111228A" "120118B" "120119A" "120404A" "120711A"
[113] "120802A" "120811C" "120815A" "120922A" "121024A" "121211A" "121217A"
[120] "130215A" "130418A" "130420A" "130427A" "130514A" "131030A" "131105A"
[127] "140206A" "140213A" "140419A" "140423A" "140430A" "140506A" "140509A"
[134] "140512A" "140518A" "140629A" "140801A" "140907A" "141004A" "141121A"
[141] "141220A" "141221A" "150120B" "150314A" "150323A" "150403A" "150821A"
[148] "150910A" "151021A" "151027A" "160117B" "160131A" "160203A" "160227A"
[155] "161014A" "161023A" "161108A" "161117A" "170113A" "170202A" "170519A"
[162] "170607A" "170705A" "170903A" "171222A" "180115A" "180325A" "180620B"
[169] "180624A" "180728A" "181010A" "181020A" "190114A" "190719C" "190829A"
[176] "191011A" "200613A" "200829A" "201020A" "201021C" "201104B" "210210A"
[183] "210411C" "210610B" "210619B" "210722A" "210822A" "220117A" "230325A"
[190] "230506C" "230818A" "231210B"
[1] "_with_catOutl_correlation_plot"
Scale for x is already present.
Adding another scale for x, which will replace the existing scale.
Scale for y is already present.
Adding another scale for y, which will replace the existing scale.
Ignoring unknown labels:
• colour : ""
Ignoring unknown labels:
• colour : ""
[1] "_with_catOutl_correlation_plot"
Scale for x is already present.
Adding another scale for x, which will replace the existing scale.
Scale for y is already present.
Adding another scale for y, which will replace the existing scale.
Warning messages:
1: The `size` argument of `element_rect()` is deprecated as of ggplot2 3.4.0.
ℹ Please use the `linewidth` argument instead. 
2: In fortify(data, ...) : Arguments in `...` must be used.
✖ Problematic argument:
• col = "black"
ℹ Did you misspell an argument name?
3: The `size` argument of `element_line()` is deprecated as of ggplot2 3.4.0.
ℹ Please use the `linewidth` argument instead. 
4: In fortify(data, ...) : Arguments in `...` must be used.
✖ Problematic argument:
• col = "black"
ℹ Did you misspell an argument name?
+ Fold01: mtry=6 
- Fold01: mtry=6 
+ Fold02: mtry=6 
- Fold02: mtry=6 
+ Fold03: mtry=6 
- Fold03: mtry=6 
+ Fold04: mtry=6 
- Fold04: mtry=6 
+ Fold05: mtry=6 
- Fold05: mtry=6 
+ Fold06: mtry=6 
- Fold06: mtry=6 
+ Fold07: mtry=6 
- Fold07: mtry=6 
+ Fold08: mtry=6 
- Fold08: mtry=6 
+ Fold09: mtry=6 
- Fold09: mtry=6 
+ Fold10: mtry=6 
- Fold10: mtry=6 
Aggregating results
Fitting final model on full training set
+ Fold01: cp=0.04989 
- Fold01: cp=0.04989 
+ Fold02: cp=0.04989 
- Fold02: cp=0.04989 
+ Fold03: cp=0.04989 
- Fold03: cp=0.04989 
+ Fold04: cp=0.04989 
- Fold04: cp=0.04989 
+ Fold05: cp=0.04989 
- Fold05: cp=0.04989 
+ Fold06: cp=0.04989 
- Fold06: cp=0.04989 
+ Fold07: cp=0.04989 
- Fold07: cp=0.04989 
+ Fold08: cp=0.04989 
- Fold08: cp=0.04989 
+ Fold09: cp=0.04989 
- Fold09: cp=0.04989 
+ Fold10: cp=0.04989 
- Fold10: cp=0.04989 
Aggregating results
Selecting tuning parameters
Fitting cp = 0.0499 on full training set
+ Fold01: mtry=6 
- Fold01: mtry=6 
+ Fold02: mtry=6 
- Fold02: mtry=6 
+ Fold03: mtry=6 
- Fold03: mtry=6 
+ Fold04: mtry=6 
- Fold04: mtry=6 
+ Fold05: mtry=6 
- Fold05: mtry=6 
+ Fold06: mtry=6 
- Fold06: mtry=6 
+ Fold07: mtry=6 
- Fold07: mtry=6 
+ Fold08: mtry=6 
- Fold08: mtry=6 
+ Fold09: mtry=6 
- Fold09: mtry=6 
+ Fold10: mtry=6 
- Fold10: mtry=6 
Aggregating results
Fitting final model on full training set
+ Fold01: cp=0.05039 
- Fold01: cp=0.05039 
+ Fold02: cp=0.05039 
- Fold02: cp=0.05039 
+ Fold03: cp=0.05039 
- Fold03: cp=0.05039 
+ Fold04: cp=0.05039 
- Fold04: cp=0.05039 
+ Fold05: cp=0.05039 
- Fold05: cp=0.05039 
+ Fold06: cp=0.05039 
- Fold06: cp=0.05039 
+ Fold07: cp=0.05039 
- Fold07: cp=0.05039 
+ Fold08: cp=0.05039 
- Fold08: cp=0.05039 
+ Fold09: cp=0.05039 
- Fold09: cp=0.05039 
+ Fold10: cp=0.05039 
- Fold10: cp=0.05039 
Aggregating results
Selecting tuning parameters
Fitting cp = 0.0504 on full training set
+ Fold01: mtry=6 
- Fold01: mtry=6 
+ Fold02: mtry=6 
- Fold02: mtry=6 
+ Fold03: mtry=6 
- Fold03: mtry=6 
+ Fold04: mtry=6 
- Fold04: mtry=6 
+ Fold05: mtry=6 
- Fold05: mtry=6 
+ Fold06: mtry=6 
- Fold06: mtry=6 
+ Fold07: mtry=6 
- Fold07: mtry=6 
+ Fold08: mtry=6 
- Fold08: mtry=6 
+ Fold09: mtry=6 
- Fold09: mtry=6 
+ Fold10: mtry=6 
- Fold10: mtry=6 
Aggregating results
Fitting final model on full training set
+ Fold01: cp=0.04053 
- Fold01: cp=0.04053 
+ Fold02: cp=0.04053 
- Fold02: cp=0.04053 
+ Fold03: cp=0.04053 
- Fold03: cp=0.04053 
+ Fold04: cp=0.04053 
- Fold04: cp=0.04053 
+ Fold05: cp=0.04053 
- Fold05: cp=0.04053 
+ Fold06: cp=0.04053 
- Fold06: cp=0.04053 
+ Fold07: cp=0.04053 
- Fold07: cp=0.04053 
+ Fold08: cp=0.04053 
- Fold08: cp=0.04053 
+ Fold09: cp=0.04053 
- Fold09: cp=0.04053 
+ Fold10: cp=0.04053 
- Fold10: cp=0.04053 
Aggregating results
Selecting tuning parameters
Fitting cp = 0.0405 on full training set
+ Fold01: mtry=6 
- Fold01: mtry=6 
+ Fold02: mtry=6 
- Fold02: mtry=6 
+ Fold03: mtry=6 
- Fold03: mtry=6 
+ Fold04: mtry=6 
- Fold04: mtry=6 
+ Fold05: mtry=6 
- Fold05: mtry=6 
+ Fold06: mtry=6 
- Fold06: mtry=6 
+ Fold07: mtry=6 
- Fold07: mtry=6 
+ Fold08: mtry=6 
- Fold08: mtry=6 
+ Fold09: mtry=6 
- Fold09: mtry=6 
+ Fold10: mtry=6 
- Fold10: mtry=6 
Aggregating results
Fitting final model on full training set
+ Fold01: cp=0.05649 
- Fold01: cp=0.05649 
+ Fold02: cp=0.05649 
- Fold02: cp=0.05649 
+ Fold03: cp=0.05649 
- Fold03: cp=0.05649 
+ Fold04: cp=0.05649 
- Fold04: cp=0.05649 
+ Fold05: cp=0.05649 
- Fold05: cp=0.05649 
+ Fold06: cp=0.05649 
- Fold06: cp=0.05649 
+ Fold07: cp=0.05649 
- Fold07: cp=0.05649 
+ Fold08: cp=0.05649 
- Fold08: cp=0.05649 
+ Fold09: cp=0.05649 
- Fold09: cp=0.05649 
+ Fold10: cp=0.05649 
- Fold10: cp=0.05649 
Aggregating results
Selecting tuning parameters
Fitting cp = 0.0565 on full training set
+ Fold01: mtry=6 
- Fold01: mtry=6 
+ Fold02: mtry=6 
- Fold02: mtry=6 
+ Fold03: mtry=6 
- Fold03: mtry=6 
+ Fold04: mtry=6 
- Fold04: mtry=6 
+ Fold05: mtry=6 
- Fold05: mtry=6 
+ Fold06: mtry=6 
- Fold06: mtry=6 
+ Fold07: mtry=6 
- Fold07: mtry=6 
+ Fold08: mtry=6 
- Fold08: mtry=6 
+ Fold09: mtry=6 
- Fold09: mtry=6 
+ Fold10: mtry=6 
- Fold10: mtry=6 
Aggregating results
Fitting final model on full training set
+ Fold01: cp=0.06397 
- Fold01: cp=0.06397 
+ Fold02: cp=0.06397 
- Fold02: cp=0.06397 
+ Fold03: cp=0.06397 
- Fold03: cp=0.06397 
+ Fold04: cp=0.06397 
- Fold04: cp=0.06397 
+ Fold05: cp=0.06397 
- Fold05: cp=0.06397 
+ Fold06: cp=0.06397 
- Fold06: cp=0.06397 
+ Fold07: cp=0.06397 
- Fold07: cp=0.06397 
+ Fold08: cp=0.06397 
- Fold08: cp=0.06397 
+ Fold09: cp=0.06397 
- Fold09: cp=0.06397 
+ Fold10: cp=0.06397 
- Fold10: cp=0.06397 
Aggregating results
Selecting tuning parameters
Fitting cp = 0.064 on full training set
+ Fold01: mtry=6 
- Fold01: mtry=6 
+ Fold02: mtry=6 
- Fold02: mtry=6 
+ Fold03: mtry=6 
- Fold03: mtry=6 
+ Fold04: mtry=6 
- Fold04: mtry=6 
+ Fold05: mtry=6 
- Fold05: mtry=6 
+ Fold06: mtry=6 
- Fold06: mtry=6 
+ Fold07: mtry=6 
- Fold07: mtry=6 
+ Fold08: mtry=6 
- Fold08: mtry=6 
+ Fold09: mtry=6 
- Fold09: mtry=6 
+ Fold10: mtry=6 
- Fold10: mtry=6 
Aggregating results
Fitting final model on full training set
+ Fold01: cp=0.04663 
- Fold01: cp=0.04663 
+ Fold02: cp=0.04663 
- Fold02: cp=0.04663 
+ Fold03: cp=0.04663 
- Fold03: cp=0.04663 
+ Fold04: cp=0.04663 
- Fold04: cp=0.04663 
+ Fold05: cp=0.04663 
- Fold05: cp=0.04663 
+ Fold06: cp=0.04663 
- Fold06: cp=0.04663 
+ Fold07: cp=0.04663 
- Fold07: cp=0.04663 
+ Fold08: cp=0.04663 
- Fold08: cp=0.04663 
+ Fold09: cp=0.04663 
- Fold09: cp=0.04663 
+ Fold10: cp=0.04663 
- Fold10: cp=0.04663 
Aggregating results
Selecting tuning parameters
Fitting cp = 0.0466 on full training set
Warning messages:
1: In nominalTrainWorkflow(x = x, y = y, wts = weights, info = trainInfo,  :
  There were missing values in resampled performance measures.
2: In nominalTrainWorkflow(x = x, y = y, wts = weights, info = trainInfo,  :
  There were missing values in resampled performance measures.
3: In nominalTrainWorkflow(x = x, y = y, wts = weights, info = trainInfo,  :
  There were missing values in resampled performance measures.
4: In nominalTrainWorkflow(x = x, y = y, wts = weights, info = trainInfo,  :
  There were missing values in resampled performance measures.
5: In nominalTrainWorkflow(x = x, y = y, wts = weights, info = trainInfo,  :
  There were missing values in resampled performance measures.
6: In nominalTrainWorkflow(x = x, y = y, wts = weights, info = trainInfo,  :
  There were missing values in resampled performance measures.
  [1] "000926A" "011211A" "050315A" "050318A" "050319A" "050401A" "050416A"
  [8] "050502A" "050502B" "050505A" "050525A" "050603A" "050730A" "050801A"
 [15] "050802A" "050820A" "050824A" "050904A" "051016B" "051028A" "051111A"
 [22] "060115A" "060124A" "060206A" "060210A" "060223A" "060306A" "060418A"
 [29] "060510B" "060604A" "060605A" "060607A" "060714A" "060729A" "060814A"
 [36] "060906A" "060912A" "060926A" "060927A" "061007A" "061121A" "061126A"
 [43] "061222A" "070125A" "070208A" "070223A" "070306A" "070411A" "070508A"
 [50] "070529A" "070612A" "070802A" "070810A" "071010A" "071010B" "071112C"
 [57] "071117A" "080319B" "080319C" "080330A" "080411A" "080413B" "080516A"
 [64] "080603A" "080603B" "080607A" "080810A" "080928A" "081007A" "081028A"
 [71] "081029A" "081203A" "081221A" "081228A" "081230A" "090102A" "090313A"
 [78] "090418A" "090423A" "090519A" "090530A" "090618A" "090726A" "091018A"
 [85] "091020A" "091029A" "091109A" "091127A" "091208B" "100316B" "100425A"
 [92] "100513A" "100728A" "100814A" "100816A" "100901A" "100906A" "110205A"
 [99] "110213A" "110503A" "110715A" "110731A" "110801A" "111107A" "111123A"
[106] "111209A" "111228A" "120118B" "120119A" "120404A" "120711A" "120802A"
[113] "120811C" "120815A" "120922A" "121024A" "121211A" "121217A" "130215A"
[120] "130418A" "130420A" "130427A" "130514A" "131030A" "131105A" "140206A"
[127] "140213A" "140419A" "140423A" "140430A" "140506A" "140509A" "140512A"
[134] "140518A" "140629A" "140801A" "140907A" "141004A" "141121A" "141220A"
[141] "141221A" "150120B" "150314A" "150403A" "150821A" "150910A" "151021A"
[148] "151027A" "160117B" "160131A" "160203A" "160227A" "161014A" "161023A"
[155] "161108A" "161117A" "170113A" "170202A" "170519A" "170607A" "170705A"
[162] "170903A" "171222A" "180115A" "180325A" "180620B" "180624A" "180728A"
[169] "181020A" "190114A" "190829A" "191011A" "200613A" "200829A" "201020A"
[176] "201021C" "201104B" "210210A" "210411C" "210610B" "210619B" "210722A"
[183] "210822A" "230325A" "230506C" "230818A" "231210B"
[1] "_without_catOutl_correlation_plot"
Scale for x is already present.
Adding another scale for x, which will replace the existing scale.
Scale for y is already present.
Adding another scale for y, which will replace the existing scale.
Ignoring unknown labels:
• colour : ""
Ignoring unknown labels:
• colour : ""
[1] "_without_catOutl_correlation_plot"
Scale for x is already present.
Adding another scale for x, which will replace the existing scale.
Scale for y is already present.
Adding another scale for y, which will replace the existing scale.
Warning messages:
1: In fortify(data, ...) : Arguments in `...` must be used.
✖ Problematic argument:
• col = "black"
ℹ Did you misspell an argument name?
2: In fortify(data, ...) : Arguments in `...` must be used.
✖ Problematic argument:
• col = "black"
ℹ Did you misspell an argument name?
