Loading required package: doParallel
Loading required package: foreach
Loading required package: iterators
Loading required package: parallel
Loading required package: mice

Attaching package: ‘mice’

The following object is masked from ‘package:stats’:

    filter

The following objects are masked from ‘package:base’:

    cbind, rbind

Loading required package: ggplot2
Loading required package: lattice
Loading required package: stringr
Loading required package: dplyr

Attaching package: ‘dplyr’

The following objects are masked from ‘package:stats’:

    filter, lag

The following objects are masked from ‘package:base’:

    intersect, setdiff, setequal, union

Loading required package: MASS

Attaching package: ‘MASS’

The following object is masked from ‘package:dplyr’:

    select

Loading required package: randomForest
randomForest 4.7-1.2
Type rfNews() to see new features/changes/bug fixes.

Attaching package: ‘randomForest’

The following object is masked from ‘package:dplyr’:

    combine

The following object is masked from ‘package:ggplot2’:

    margin

Loading required package: earth
Loading required package: Formula
Loading required package: plotmo
Loading required package: plotrix
Loading required package: Matrix
Loaded glmnet 5.0
Loading required package: SuperLearner
Loading required package: nnls
Loading required package: gam
Loading required package: splines
Loaded gam 1.22-7

Super Learner
Version: 2.0-40
Package created on 2025-12-14

Loading required package: mgcv
Loading required package: nlme

Attaching package: ‘nlme’

The following object is masked from ‘package:dplyr’:

    collapse

This is mgcv 1.9-4. For overview type '?mgcv'.

Attaching package: ‘mgcv’

The following objects are masked from ‘package:gam’:

    gam, gam.control, gam.fit, s

Loading required package: xgboost
Loading required package: gbm
Loaded gbm 2.3.1
This version of gbm is no longer under development. Consider transitioning to gbm3, https://github.com/gbm-developers/gbm3
Loading required package: caret
Loading required package: biglasso
Loading required package: bigmemory
Loading required package: ncvreg

Attaching package: ‘ncvreg’

The following object is masked from ‘package:nlme’:

    intervals

Loading required package: lme4

Attaching package: ‘lme4’

The following object is masked from ‘package:nlme’:

    lmList

The following object is masked from ‘package:mice’:

    toenail


arm (Version 1.15-3, built: 2026-4-15)

Working directory is /Users/petelin/Desktop/test/GRB_app/GAM_supercomputer/ot_v3_cleaned_formula_generation


Attaching package: ‘arm’

The following object is masked from ‘package:plotrix’:

    rescale

Removed 4 GRB(s) confirmed physically infeasible -- see removed_outliers_final.csv
     log10T90       log10Fa       log10Ta         Alpha          Beta 
  0.014073994  -0.032616097  -0.061984535   0.016468037   0.003582196 
        Gamma  log10Fluence   PhotonIndex       log10NH log10PeakFlux 
  0.000000000   0.000000000  -0.063309780   0.046223364  -0.065231728 
[1] 14
[1] 91
[1] 364
[1] 1001
[1] 2002
[1] 3003
[1] 3432
[1] 3003
[1] 2002
[1] 1001
[1] 364
[1] 91
[1] 14
[1] 1
[1] 7
[1] 21
[1] 35
[1] 35
[1] 21
[1] 7
[1] 1
[1] 35
[1] 7
[1] 21
[1] 35
[1] 35
[1] 21
[1] 7
[1] 1
Formulas: 16383 | GRBs: 281 
split 1/100 done in 4.9 min | best test r=0.578
split 2/100 done in 4.9 min | best test r=0.634
split 3/100 done in 4.9 min | best test r=0.527
split 4/100 done in 4.9 min | best test r=0.335
split 5/100 done in 4.9 min | best test r=0.571
split 6/100 done in 4.9 min | best test r=0.426
split 7/100 done in 4.9 min | best test r=0.565
split 8/100 done in 4.9 min | best test r=0.389
split 9/100 done in 4.9 min | best test r=0.653
split 10/100 done in 4.9 min | best test r=0.553
split 11/100 done in 4.8 min | best test r=0.612
split 12/100 done in 4.9 min | best test r=0.560
split 13/100 done in 5.0 min | best test r=0.580
split 14/100 done in 5.0 min | best test r=0.607
split 15/100 done in 5.0 min | best test r=0.489
split 16/100 done in 4.9 min | best test r=0.402
split 17/100 done in 4.9 min | best test r=0.677
split 18/100 done in 4.9 min | best test r=0.541
split 19/100 done in 5.0 min | best test r=0.599
Loading required package: doParallel
Loading required package: foreach
Loading required package: iterators
Loading required package: parallel
Loading required package: mice

Attaching package: ‘mice’

The following object is masked from ‘package:stats’:

    filter

The following objects are masked from ‘package:base’:

    cbind, rbind

Loading required package: ggplot2
Loading required package: lattice
Loading required package: stringr
Loading required package: dplyr

Attaching package: ‘dplyr’

The following objects are masked from ‘package:stats’:

    filter, lag

The following objects are masked from ‘package:base’:

    intersect, setdiff, setequal, union

Loading required package: MASS

Attaching package: ‘MASS’

The following object is masked from ‘package:dplyr’:

    select

Loading required package: randomForest
randomForest 4.7-1.2
Type rfNews() to see new features/changes/bug fixes.

Attaching package: ‘randomForest’

The following object is masked from ‘package:dplyr’:

    combine

The following object is masked from ‘package:ggplot2’:

    margin

Loading required package: earth
Loading required package: Formula
Loading required package: plotmo
Loading required package: plotrix
Loading required package: Matrix
Loaded glmnet 5.0
Loading required package: SuperLearner
Loading required package: nnls
Loading required package: gam
Loading required package: splines
Loaded gam 1.22-7

Super Learner
Version: 2.0-40
Package created on 2025-12-14

Loading required package: mgcv
Loading required package: nlme

Attaching package: ‘nlme’

The following object is masked from ‘package:dplyr’:

    collapse

This is mgcv 1.9-4. For overview type '?mgcv'.

Attaching package: ‘mgcv’

The following objects are masked from ‘package:gam’:

    gam, gam.control, gam.fit, s

Loading required package: xgboost
Loading required package: gbm
Loaded gbm 2.3.1
This version of gbm is no longer under development. Consider transitioning to gbm3, https://github.com/gbm-developers/gbm3
Loading required package: caret
Loading required package: biglasso
Loading required package: bigmemory
Loading required package: ncvreg

Attaching package: ‘ncvreg’

The following object is masked from ‘package:nlme’:

    intervals

Loading required package: lme4

Attaching package: ‘lme4’

The following object is masked from ‘package:nlme’:

    lmList

The following object is masked from ‘package:mice’:

    toenail


arm (Version 1.15-3, built: 2026-4-15)

Working directory is /Users/petelin/Desktop/test/GRB_app/GAM_supercomputer/ot_v3_cleaned_formula_generation


Attaching package: ‘arm’

The following object is masked from ‘package:plotrix’:

    rescale

Removed 4 GRB(s) confirmed physically infeasible -- see removed_outliers_final.csv
     log10T90       log10Fa       log10Ta         Alpha          Beta 
  0.014073994  -0.032616097  -0.061984535   0.016468037   0.003582196 
        Gamma  log10Fluence   PhotonIndex       log10NH log10PeakFlux 
  0.000000000   0.000000000  -0.063309780   0.046223364  -0.065231728 
[1] 14
[1] 91
[1] 364
[1] 1001
[1] 2002
[1] 3003
[1] 3432
[1] 3003
[1] 2002
[1] 1001
[1] 364
[1] 91
[1] 14
[1] 1
[1] 7
[1] 21
[1] 35
[1] 35
[1] 21
[1] 7
[1] 1
[1] 35
[1] 7
[1] 21
[1] 35
[1] 35
[1] 21
[1] 7
[1] 1
Formulas: 16383 | GRBs: 281 
split 1 already done, skipping
split 2 already done, skipping
split 3 already done, skipping
split 4 already done, skipping
split 5 already done, skipping
split 6 already done, skipping
split 7 already done, skipping
split 8 already done, skipping
split 9 already done, skipping
split 10 already done, skipping
split 11 already done, skipping
split 12 already done, skipping
split 13 already done, skipping
split 14 already done, skipping
split 15 already done, skipping
split 16 already done, skipping
split 17 already done, skipping
split 18 already done, skipping
split 19 already done, skipping
Loading required package: doParallel
Loading required package: foreach
Loading required package: iterators
Loading required package: parallel
Loading required package: mice

Attaching package: ‘mice’

The following object is masked from ‘package:stats’:

    filter

The following objects are masked from ‘package:base’:

    cbind, rbind

Loading required package: ggplot2
Loading required package: lattice
Loading required package: stringr
Loading required package: dplyr

Attaching package: ‘dplyr’

The following objects are masked from ‘package:stats’:

    filter, lag

The following objects are masked from ‘package:base’:

    intersect, setdiff, setequal, union

Loading required package: MASS

Attaching package: ‘MASS’

The following object is masked from ‘package:dplyr’:

    select

Loading required package: randomForest
randomForest 4.7-1.2
Type rfNews() to see new features/changes/bug fixes.

Attaching package: ‘randomForest’

The following object is masked from ‘package:dplyr’:

    combine

The following object is masked from ‘package:ggplot2’:

    margin

Loading required package: earth
Loading required package: Formula
Loading required package: plotmo
Loading required package: plotrix
Loading required package: Matrix
Loaded glmnet 5.0
Loading required package: SuperLearner
Loading required package: nnls
Loading required package: gam
Loading required package: splines
Loaded gam 1.22-7

Super Learner
Version: 2.0-40
Package created on 2025-12-14

Loading required package: mgcv
Loading required package: nlme

Attaching package: ‘nlme’

The following object is masked from ‘package:dplyr’:

    collapse

This is mgcv 1.9-4. For overview type '?mgcv'.

Attaching package: ‘mgcv’

The following objects are masked from ‘package:gam’:

    gam, gam.control, gam.fit, s

Loading required package: xgboost
Loading required package: gbm
Loaded gbm 2.3.1
This version of gbm is no longer under development. Consider transitioning to gbm3, https://github.com/gbm-developers/gbm3
Loading required package: caret
Loading required package: biglasso
Loading required package: bigmemory
Loading required package: ncvreg

Attaching package: ‘ncvreg’

The following object is masked from ‘package:nlme’:

    intervals

Loading required package: lme4

Attaching package: ‘lme4’

The following object is masked from ‘package:nlme’:

    lmList

The following object is masked from ‘package:mice’:

    toenail


arm (Version 1.15-3, built: 2026-4-15)

Working directory is /Users/petelin/Desktop/test/GRB_app/GAM_supercomputer/ot_v3_cleaned_formula_generation


Attaching package: ‘arm’

The following object is masked from ‘package:plotrix’:

    rescale

Removed 4 GRB(s) confirmed physically infeasible -- see removed_outliers_final.csv
     log10T90       log10Fa       log10Ta         Alpha          Beta 
  0.014073994  -0.032616097  -0.061984535   0.016468037   0.003582196 
        Gamma  log10Fluence   PhotonIndex       log10NH log10PeakFlux 
  0.000000000   0.000000000  -0.063309780   0.046223364  -0.065231728 
[1] 14
[1] 91
[1] 364
[1] 1001
[1] 2002
[1] 3003
[1] 3432
[1] 3003
[1] 2002
[1] 1001
[1] 364
[1] 91
[1] 14
[1] 1
[1] 7
[1] 21
[1] 35
[1] 35
[1] 21
[1] 7
[1] 1
[1] 35
[1] 7
[1] 21
[1] 35
[1] 35
[1] 21
[1] 7
[1] 1
Formulas: 16383 | GRBs: 281 
split 1 already done, skipping
split 2 already done, skipping
split 3 already done, skipping
split 4 already done, skipping
split 5 already done, skipping
split 6 already done, skipping
split 7 already done, skipping
split 8 already done, skipping
split 9 already done, skipping
split 10 already done, skipping
split 11 already done, skipping
split 12 already done, skipping
split 13 already done, skipping
split 14 already done, skipping
split 15 already done, skipping
split 16 already done, skipping
split 17 already done, skipping
split 18 already done, skipping
split 19 already done, skipping
split 20/100 done in 17.5 min | best test r=0.529
split 21/100 done in 10.7 min | best test r=0.563
Loading required package: doParallel
Loading required package: foreach
Loading required package: iterators
Loading required package: parallel
Loading required package: mice

Attaching package: ‘mice’

The following object is masked from ‘package:stats’:

    filter

The following objects are masked from ‘package:base’:

    cbind, rbind

Loading required package: ggplot2
Loading required package: lattice
Loading required package: stringr
Loading required package: dplyr

Attaching package: ‘dplyr’

The following objects are masked from ‘package:stats’:

    filter, lag

The following objects are masked from ‘package:base’:

    intersect, setdiff, setequal, union

Loading required package: MASS

Attaching package: ‘MASS’

The following object is masked from ‘package:dplyr’:

    select

Loading required package: randomForest
randomForest 4.7-1.2
Type rfNews() to see new features/changes/bug fixes.

Attaching package: ‘randomForest’

The following object is masked from ‘package:dplyr’:

    combine

The following object is masked from ‘package:ggplot2’:

    margin

Loading required package: earth
Loading required package: Formula
Loading required package: plotmo
Loading required package: plotrix
Loading required package: Matrix
Loaded glmnet 5.0
Loading required package: SuperLearner
Loading required package: nnls
Loading required package: gam
Loading required package: splines
Loaded gam 1.22-7

Super Learner
Version: 2.0-40
Package created on 2025-12-14

Loading required package: mgcv
Loading required package: nlme

Attaching package: ‘nlme’

The following object is masked from ‘package:dplyr’:

    collapse

This is mgcv 1.9-4. For overview type '?mgcv'.

Attaching package: ‘mgcv’

The following objects are masked from ‘package:gam’:

    gam, gam.control, gam.fit, s

Loading required package: xgboost
Loading required package: gbm
Loaded gbm 2.3.1
This version of gbm is no longer under development. Consider transitioning to gbm3, https://github.com/gbm-developers/gbm3
Loading required package: caret
Loading required package: biglasso
Loading required package: bigmemory
Loading required package: ncvreg

Attaching package: ‘ncvreg’

The following object is masked from ‘package:nlme’:

    intervals

Loading required package: lme4

Attaching package: ‘lme4’

The following object is masked from ‘package:nlme’:

    lmList

The following object is masked from ‘package:mice’:

    toenail


arm (Version 1.15-3, built: 2026-4-15)

Working directory is /Users/petelin/Desktop/test/GRB_app/GAM_supercomputer/ot_v3_cleaned_formula_generation


Attaching package: ‘arm’

The following object is masked from ‘package:plotrix’:

    rescale

Removed 4 GRB(s) confirmed physically infeasible -- see removed_outliers_final.csv
     log10T90       log10Fa       log10Ta         Alpha          Beta 
  0.014073994  -0.032616097  -0.061984535   0.016468037   0.003582196 
        Gamma  log10Fluence   PhotonIndex       log10NH log10PeakFlux 
  0.000000000   0.000000000  -0.063309780   0.046223364  -0.065231728 
[1] 14
[1] 91
[1] 364
[1] 1001
[1] 2002
[1] 3003
[1] 3432
[1] 3003
[1] 2002
[1] 1001
[1] 364
[1] 91
[1] 14
[1] 1
[1] 7
[1] 21
[1] 35
[1] 35
[1] 21
[1] 7
[1] 1
[1] 35
[1] 7
[1] 21
[1] 35
[1] 35
[1] 21
[1] 7
[1] 1
Formulas: 16383 | GRBs: 281 
split 1 already done, skipping
split 2 already done, skipping
split 3 already done, skipping
split 4 already done, skipping
split 5 already done, skipping
split 6 already done, skipping
split 7 already done, skipping
split 8 already done, skipping
split 9 already done, skipping
split 10 already done, skipping
split 11 already done, skipping
split 12 already done, skipping
split 13 already done, skipping
split 14 already done, skipping
split 15 already done, skipping
split 16 already done, skipping
split 17 already done, skipping
split 18 already done, skipping
split 19 already done, skipping
split 20 already done, skipping
split 21 already done, skipping
split 22/100 done in 5.3 min | best test r=0.633
split 23/100 done in 5.3 min | best test r=0.506
split 24/100 done in 5.6 min | best test r=0.463
split 25/100 done in 5.7 min | best test r=0.496
split 26/100 done in 5.5 min | best test r=0.514
split 27/100 done in 5.2 min | best test r=0.548
split 28/100 done in 5.2 min | best test r=0.571
split 29/100 done in 5.2 min | best test r=0.468
split 30/100 done in 5.2 min | best test r=0.501
split 31/100 done in 5.2 min | best test r=0.412
split 32/100 done in 5.2 min | best test r=0.555
split 33/100 done in 5.2 min | best test r=0.555
split 34/100 done in 5.2 min | best test r=0.485
split 35/100 done in 5.2 min | best test r=0.476
split 36/100 done in 5.2 min | best test r=0.584
split 37/100 done in 5.2 min | best test r=0.637
split 38/100 done in 5.2 min | best test r=0.618
split 39/100 done in 5.2 min | best test r=0.645
split 40/100 done in 5.2 min | best test r=0.568
split 41/100 done in 5.2 min | best test r=0.354
split 42/100 done in 5.2 min | best test r=0.317
split 43/100 done in 5.2 min | best test r=0.471
split 44/100 done in 5.2 min | best test r=0.601
split 45/100 done in 5.2 min | best test r=0.526
split 46/100 done in 5.2 min | best test r=0.459
split 47/100 done in 5.2 min | best test r=0.475
split 48/100 done in 5.2 min | best test r=0.606
split 49/100 done in 5.2 min | best test r=0.519
split 50/100 done in 5.2 min | best test r=0.495
split 51/100 done in 5.1 min | best test r=0.517
split 52/100 done in 5.1 min | best test r=0.572
split 53/100 done in 5.1 min | best test r=0.608
split 54/100 done in 5.1 min | best test r=0.560
split 55/100 done in 5.2 min | best test r=0.579
split 56/100 done in 5.1 min | best test r=0.546
split 57/100 done in 5.2 min | best test r=0.550
split 58/100 done in 5.1 min | best test r=0.458
split 59/100 done in 5.1 min | best test r=0.391
split 60/100 done in 5.1 min | best test r=0.565
split 61/100 done in 5.1 min | best test r=0.369
split 62/100 done in 5.1 min | best test r=0.537
split 63/100 done in 5.1 min | best test r=0.631
split 64/100 done in 5.2 min | best test r=0.376
split 65/100 done in 5.1 min | best test r=0.581
split 66/100 done in 5.1 min | best test r=0.657
split 67/100 done in 5.1 min | best test r=0.551
split 68/100 done in 5.1 min | best test r=0.566
split 69/100 done in 5.1 min | best test r=0.677
split 70/100 done in 5.1 min | best test r=0.559
split 71/100 done in 5.1 min | best test r=0.547
split 72/100 done in 5.1 min | best test r=0.656
split 73/100 done in 5.1 min | best test r=0.496
split 74/100 done in 5.2 min | best test r=0.468
split 75/100 done in 5.2 min | best test r=0.413
split 76/100 done in 5.2 min | best test r=0.466
split 77/100 done in 5.2 min | best test r=0.604
split 78/100 done in 5.2 min | best test r=0.534
split 79/100 done in 5.1 min | best test r=0.704
split 80/100 done in 5.2 min | best test r=0.622
split 81/100 done in 5.2 min | best test r=0.440
split 82/100 done in 5.5 min | best test r=0.476
split 83/100 done in 5.3 min | best test r=0.679
split 84/100 done in 5.5 min | best test r=0.384
split 85/100 done in 5.6 min | best test r=0.635
split 86/100 done in 5.3 min | best test r=0.587
split 87/100 done in 5.4 min | best test r=0.563
split 88/100 done in 5.5 min | best test r=0.429
split 89/100 done in 5.4 min | best test r=0.474
split 90/100 done in 5.2 min | best test r=0.509
split 91/100 done in 21.0 min | best test r=0.613
split 92/100 done in 7.8 min | best test r=0.472
split 93/100 done in 7.4 min | best test r=0.563
split 94/100 done in 7.8 min | best test r=0.598
split 95/100 done in 8.0 min | best test r=0.482
split 96/100 done in 7.7 min | best test r=0.334
split 97/100 done in 7.6 min | best test r=0.514
split 98/100 done in 8.0 min | best test r=0.620
split 99/100 done in 8.0 min | best test r=0.650
split 100/100 done in 7.9 min | best test r=0.542
Splits completed: 100 | top formulas written to formula_win_frequency.csv
   formula_idx wins
1          145   23
2          497   12
3          597   11
4         1361    9
5          192    7
6          648    7
7          670    7
8          666    6
9          772    6
10        1310    6
                                                                                                                                                                  formula
1  Response ~  (log10FaSqr+log10Fa+log10PeakFlux)^2+PhotonIndex+log10Ta+log10NH+Alpha+log10T90+log10PeakFluxSqr+PhotonIndexSqr+log10TaSqr+log10NHSqr+AlphaSqr+log10T90Sqr
2  Response ~  (log10FaSqr+log10Fa+PhotonIndex+log10PeakFlux)^2+log10Ta+log10NH+Alpha+log10T90+log10PeakFluxSqr+PhotonIndexSqr+log10TaSqr+log10NHSqr+AlphaSqr+log10T90Sqr
3  Response ~  (log10FaSqr+log10Fa+log10NH+log10PeakFlux)^2+PhotonIndex+log10Ta+Alpha+log10T90+log10PeakFluxSqr+PhotonIndexSqr+log10TaSqr+log10NHSqr+AlphaSqr+log10T90Sqr
4  Response ~  (AlphaSqr+log10NHSqr+log10T90+Alpha)^2+log10PeakFlux+PhotonIndex+log10Ta+log10NH+log10Fa+log10PeakFluxSqr+PhotonIndexSqr+log10TaSqr+log10FaSqr+log10T90Sqr
5  Response ~  (log10FaSqr+log10Ta+PhotonIndex)^2+log10PeakFlux+log10NH+log10Fa+Alpha+log10T90+log10PeakFluxSqr+PhotonIndexSqr+log10TaSqr+log10NHSqr+AlphaSqr+log10T90Sqr
6  Response ~  (log10FaSqr+log10T90+log10Fa+log10PeakFlux)^2+PhotonIndex+log10Ta+log10NH+Alpha+log10PeakFluxSqr+PhotonIndexSqr+log10TaSqr+log10NHSqr+AlphaSqr+log10T90Sqr
7  Response ~  (log10T90Sqr+log10FaSqr+log10Fa+log10PeakFlux)^2+PhotonIndex+log10Ta+log10NH+Alpha+log10T90+log10PeakFluxSqr+PhotonIndexSqr+log10TaSqr+log10NHSqr+AlphaSqr
8  Response ~  (log10FaSqr+log10NHSqr+log10Fa+log10PeakFlux)^2+PhotonIndex+log10Ta+log10NH+Alpha+log10T90+log10PeakFluxSqr+PhotonIndexSqr+log10TaSqr+AlphaSqr+log10T90Sqr
9  Response ~  (log10FaSqr+log10Fa+log10Ta+PhotonIndex)^2+log10PeakFlux+log10NH+Alpha+log10T90+log10PeakFluxSqr+PhotonIndexSqr+log10TaSqr+log10NHSqr+AlphaSqr+log10T90Sqr
10 Response ~  (log10TaSqr+PhotonIndexSqr+log10PeakFluxSqr+log10Fa)^2+log10PeakFlux+PhotonIndex+log10Ta+log10NH+Alpha+log10T90+log10NHSqr+log10FaSqr+AlphaSqr+log10T90Sqr
Most-frequent winning formula ( 23 / 100 splits):
Response ~ (log10FaSqr + log10Fa + log10PeakFlux)^2 + PhotonIndex + 
    log10Ta + log10NH + Alpha + log10T90 + log10PeakFluxSqr + 
    PhotonIndexSqr + log10TaSqr + log10NHSqr + AlphaSqr + log10T90Sqr
<environment: 0x14b162a58>
M-estimator outlier cut: 15 of 281 GRBs removed (weight <= 0.743 )
Final outlier-removed data saved: 266 GRBs -> final_outliers_removed.csv
