(eval):2: no such file or directory: /opt/anaconda3/envs/grb/bin/Rscript
Loading required package: foreach
Loading required package: iterators
Loading required package: parallel

Attaching package: ‘mice’

The following object is masked from ‘package:stats’:

    filter

The following objects are masked from ‘package:base’:

    cbind, rbind

Loading required package: colorspace
Loading required package: grid
VIM is ready to use.

Suggestions and bug-reports can be submitted at: https://github.com/statistikat/VIM/issues

Attaching package: ‘VIM’

The following object is masked from ‘package:datasets’:

    sleep


Attaching package: ‘dplyr’

The following objects are masked from ‘package:stats’:

    filter, lag

The following objects are masked from ‘package:base’:

    intersect, setdiff, setequal, union


Attaching package: ‘MASS’

The following object is masked from ‘package:dplyr’:

    select

randomForest 4.7-1.2
Type rfNews() to see new features/changes/bug fixes.

Attaching package: ‘randomForest’

The following object is masked from ‘package:dplyr’:

    combine

The following object is masked from ‘package:ggplot2’:

    margin

Loading required package: Formula
Loading required package: plotmo
Loading required package: plotrix
Loading required package: Matrix
Loaded glmnet 4.1-10
Loading required package: nnls
Loading required package: gam
Loading required package: splines
Loaded gam 1.22-6

Super Learner
Version: 2.0-29
Package created on 2024-02-06

Loading required package: nlme

Attaching package: ‘nlme’

The following object is masked from ‘package:dplyr’:

    collapse

This is mgcv 1.9-3. For overview type 'help("mgcv-package")'.

Attaching package: ‘mgcv’

The following objects are masked from ‘package:gam’:

    gam, gam.control, gam.fit, s

Loaded gbm 2.2.2
This version of gbm is no longer under development. Consider transitioning to gbm3, https://github.com/gbm-developers/gbm3
Loading required package: mvtnorm
Loading required package: modeltools
Loading required package: stats4
Loading required package: strucchange
Loading required package: zoo

Attaching package: ‘zoo’

The following objects are masked from ‘package:base’:

    as.Date, as.Date.numeric

Loading required package: sandwich

Attaching package: ‘strucchange’

The following object is masked from ‘package:stringr’:

    boundary


Attaching package: ‘party’

The following object is masked from ‘package:dplyr’:

    where

Loading required package: lme4

Attaching package: ‘lme4’

The following object is masked from ‘package:modeltools’:

    refit

The following object is masked from ‘package:nlme’:

    lmList


arm (Version 1.14-4, built: 2024-4-1)

Working directory is /Users/peterlin/Desktop/test/GRB_app


Attaching package: ‘arm’

The following object is masked from ‘package:mvtnorm’:

    standardize

The following object is masked from ‘package:plotrix’:

    rescale


Attaching package: ‘dgof’

The following object is masked from ‘package:stats’:

    ks.test

Loading required package: SuppDists

Attaching package: ‘latticeExtra’

The following object is masked from ‘package:ggplot2’:

    layer

Loading required package: bigmemory
Loading required package: ncvreg

Attaching package: ‘e1071’

The following object is masked from ‘package:ggplot2’:

    element

[1] "not running locally"
Column names found:
 [1] "GRB"                 "Redshift_crosscheck" "log10T90"           
 [4] "log10Fa"             "log10Ta"             "Alpha"              
 [7] "Beta"                "Gamma"               "log10Fluence"       
[10] "PhotonIndex"         "log10NH"             "log10PeakFlux"      
[13] "T90Err"              "log10FaErr"          "log10TaErr"         
[16] "AlphaErr"            "BetaErr"             "FluenceErr"         
[19] "PhotonIndexErr"      "PeakFluxErr"        
Assertion OK: no NA in GRBPred after imputation ( 285 rows x 18 cols )
MC errors frame built for 285 rows
 [1] "5"   "10"  "15"  "25"  "31"  "50"  "54"  "58"  "65"  "71"  "80"  "113"
[13] "119" "142" "144" "145" "154" "158" "162" "276" "362"
Assertion OK: GRBPred has no NA/NaN/Inf ( 367 rows )
grb_errors synced for 367 rows (post upsampling/outlier removal)
The number of NAs in GRBPred is: 0 
GAM vars missing from GRBPred:  
CV repetitions (loop): 10 
Assertion OK: SuperLearner inputs valid; 294 rows, 20 predictors
Parallelizing 10 CV repetition(s) across 8 core(s)
[rep 1] starting
[rep 2] starting
[rep 3] starting
[rep 4] starting
[rep 5] starting
[rep 1] Iteration 1 out of 10
[rep 6] starting
[rep 2] Iteration 1 out of 10
[rep 7] starting
[rep 8] starting
[rep 3] Iteration 1 out of 10
[rep 4] Iteration 1 out of 10
[rep 6] Iteration 1 out of 10
[rep 5] Iteration 1 out of 10
[rep 8] Iteration 1 out of 10
[rep 7] Iteration 1 out of 10
[rep 6] Iteration 2 out of 10
[rep 2] Iteration 2 out of 10
[rep 5] Iteration 2 out of 10
[rep 8] Iteration 2 out of 10
[rep 3] Iteration 2 out of 10
[rep 4] Iteration 2 out of 10
[rep 1] Iteration 2 out of 10
[rep 7] Iteration 2 out of 10
[rep 5] Iteration 3 out of 10
[rep 3] Iteration 3 out of 10
[rep 6] Iteration 3 out of 10
[rep 2] Iteration 3 out of 10
[rep 4] Iteration 3 out of 10
[rep 8] Iteration 3 out of 10
[rep 7] Iteration 3 out of 10
[rep 1] Iteration 3 out of 10
[rep 3] Iteration 4 out of 10
[rep 2] Iteration 4 out of 10
[rep 5] Iteration 4 out of 10
[rep 6] Iteration 4 out of 10
[rep 4] Iteration 4 out of 10
[rep 1] Iteration 4 out of 10
[rep 5] Iteration 5 out of 10
[rep 3] Iteration 5 out of 10
[rep 2] Iteration 5 out of 10
[rep 7] Iteration 4 out of 10
[rep 6] Iteration 5 out of 10
[rep 4] Iteration 5 out of 10
[rep 1] Iteration 5 out of 10
[rep 3] Iteration 6 out of 10
[rep 7] Iteration 5 out of 10
[rep 4] Iteration 6 out of 10
[rep 8] Iteration 4 out of 10
[rep 6] Iteration 6 out of 10
[rep 5] Iteration 6 out of 10
[rep 1] Iteration 6 out of 10
[rep 6] Iteration 7 out of 10
[rep 3] Iteration 7 out of 10
[rep 8] Iteration 5 out of 10
[rep 4] Iteration 7 out of 10
[rep 5] Iteration 7 out of 10
[rep 7] Iteration 6 out of 10
[rep 1] Iteration 7 out of 10
[rep 2] Iteration 6 out of 10
[rep 3] Iteration 8 out of 10
[rep 6] Iteration 8 out of 10
[rep 8] Iteration 6 out of 10
[rep 5] Iteration 8 out of 10
[rep 4] Iteration 8 out of 10
[rep 1] Iteration 8 out of 10
[rep 7] Iteration 7 out of 10
[rep 3] Iteration 9 out of 10
[rep 6] Iteration 9 out of 10
[rep 8] Iteration 7 out of 10
[rep 5] Iteration 9 out of 10
[rep 2] Iteration 7 out of 10
[rep 7] Iteration 8 out of 10
[rep 1] Iteration 9 out of 10
[rep 3] Iteration 10 out of 10
[rep 4] Iteration 9 out of 10
[rep 8] Iteration 8 out of 10
[rep 6] Iteration 10 out of 10
[rep 5] Iteration 10 out of 10
[rep 2] Iteration 8 out of 10
[rep 1] Iteration 10 out of 10
[rep 7] Iteration 9 out of 10
[rep 4] Iteration 10 out of 10
[rep 8] Iteration 9 out of 10
[rep 2] Iteration 9 out of 10
[rep 9] starting
[rep 9] Iteration 1 out of 10
[rep 7] Iteration 10 out of 10
[rep 8] Iteration 10 out of 10
[rep 2] Iteration 10 out of 10
[rep 9] Iteration 2 out of 10
[rep 10] starting
[rep 10] Iteration 1 out of 10
[rep 9] Iteration 3 out of 10
[rep 10] Iteration 2 out of 10
[rep 9] Iteration 4 out of 10
[rep 10] Iteration 3 out of 10
[rep 9] Iteration 5 out of 10
[rep 10] Iteration 4 out of 10
[rep 9] Iteration 6 out of 10
[rep 10] Iteration 5 out of 10
[rep 9] Iteration 7 out of 10
[rep 10] Iteration 6 out of 10
[rep 10] Iteration 7 out of 10
[rep 10] Iteration 8 out of 10
[rep 9] Iteration 8 out of 10
[rep 9] Iteration 9 out of 10
[rep 10] Iteration 9 out of 10
[rep 9] Iteration 10 out of 10
[rep 10] Iteration 10 out of 10
Flattening MC samples across 10 repetitions...
MC matrix: 294 rows x 1000 samples
MC coverage: 93.5% of rows have truth inside 95% MC interval
MC metrics [all   ] log10(z+1): n=294 r=-0.045 RMSE=50408017122.964 | z: r=-0.000 RMSE=Inf
MC metrics [inside] log10(z+1): n=275 r=-0.047 RMSE=52119984301.973 | z: r=0.000 RMSE=Inf
Wrote OutputFiles/mc_predictions.csv and OutputFiles/mc_raw.rds
Wrote MC plots to runs/ot_v2_5pct_v2/Plot_Output/ 
null device 
          1 
  [1] "1"   "2"   "7"   "8"   "9"   "11"  "13"  "14"  "16"  "17"  "20"  "21" 
 [13] "22"  "24"  "26"  "29"  "30"  "32"  "34"  "35"  "36"  "37"  "39"  "41" 
 [25] "42"  "43"  "44"  "46"  "47"  "48"  "49"  "51"  "52"  "53"  "55"  "57" 
 [37] "59"  "60"  "61"  "63"  "64"  "67"  "68"  "69"  "70"  "72"  "73"  "74" 
 [49] "75"  "76"  "78"  "81"  "82"  "83"  "84"  "86"  "88"  "89"  "91"  "92" 
 [61] "94"  "95"  "96"  "97"  "98"  "101" "103" "105" "106" "107" "108" "109"
 [73] "110" "112" "116" "117" "118" "120" "121" "124" "125" "129" "130" "132"
 [85] "133" "134" "136" "137" "139" "140" "143" "147" "148" "149" "150" "151"
 [97] "153" "156" "157" "159" "160" "161" "163" "164" "166" "167" "169" "170"
[109] "171" "173" "174" "175" "178" "179" "180" "181" "182" "183" "185" "186"
[121] "187" "188" "189" "190" "191" "192" "193" "194" "195" "196" "197" "198"
[133] "199" "201" "202" "203" "204" "206" "207" "208" "209" "210" "211" "212"
[145] "213" "214" "217" "218" "219" "220" "221" "222" "223" "224" "225" "226"
[157] "227" "228" "229" "230" "232" "233" "235" "236" "237" "238" "241" "243"
[169] "244" "246" "248" "249" "250" "251" "252" "253" "254" "255" "256" "257"
[181] "258" "260" "261" "262" "263" "265" "266" "268" "269" "270" "271" "272"
[193] "273" "274" "275" "277" "280" "281" "283" "284" "286" "287" "288" "290"
[205] "291" "293" "294" "295" "296" "297" "298" "299" "300" "301" "302" "304"
[217] "305" "306" "307" "308" "309" "310" "311" "313" "314" "315" "320" "321"
[229] "322" "324" "325" "326" "327" "328" "329" "330" "331" "332" "333" "335"
[241] "336" "337" "338" "339" "340" "342" "343" "345" "348" "349" "350" "351"
[253] "352" "353" "355" "356" "357" "358" "359" "360" "361" "363" "366" "367"
[265] "370" "371" "372" "373" "375" "377" "379" "380" "381" "382" "385" "386"
[277] "387"
[1] "_with_catOutl_correlation_plot"
Scale for x is already present.
Adding another scale for x, which will replace the existing scale.
Scale for y is already present.
Adding another scale for y, which will replace the existing scale.
Ignoring unknown labels:
• colour : ""
Ignoring unknown labels:
• colour : ""
[1] "_with_catOutl_correlation_plot"
Scale for x is already present.
Adding another scale for x, which will replace the existing scale.
Scale for y is already present.
Adding another scale for y, which will replace the existing scale.
Warning messages:
1: The `size` argument of `element_rect()` is deprecated as of ggplot2 3.4.0.
ℹ Please use the `linewidth` argument instead. 
2: In fortify(data, ...) : Arguments in `...` must be used.
✖ Problematic argument:
• col = "black"
ℹ Did you misspell an argument name?
3: The `size` argument of `element_line()` is deprecated as of ggplot2 3.4.0.
ℹ Please use the `linewidth` argument instead. 
4: In fortify(data, ...) : Arguments in `...` must be used.
✖ Problematic argument:
• col = "black"
ℹ Did you misspell an argument name?
+ Fold01: mtry=6 
- Fold01: mtry=6 
+ Fold02: mtry=6 
- Fold02: mtry=6 
+ Fold03: mtry=6 
- Fold03: mtry=6 
+ Fold04: mtry=6 
- Fold04: mtry=6 
+ Fold05: mtry=6 
- Fold05: mtry=6 
+ Fold06: mtry=6 
- Fold06: mtry=6 
+ Fold07: mtry=6 
- Fold07: mtry=6 
+ Fold08: mtry=6 
- Fold08: mtry=6 
+ Fold09: mtry=6 
- Fold09: mtry=6 
+ Fold10: mtry=6 
- Fold10: mtry=6 
Aggregating results
Fitting final model on full training set
+ Fold01: cp=0.04802 
- Fold01: cp=0.04802 
+ Fold02: cp=0.04802 
- Fold02: cp=0.04802 
+ Fold03: cp=0.04802 
- Fold03: cp=0.04802 
+ Fold04: cp=0.04802 
- Fold04: cp=0.04802 
+ Fold05: cp=0.04802 
- Fold05: cp=0.04802 
+ Fold06: cp=0.04802 
- Fold06: cp=0.04802 
+ Fold07: cp=0.04802 
- Fold07: cp=0.04802 
+ Fold08: cp=0.04802 
- Fold08: cp=0.04802 
+ Fold09: cp=0.04802 
- Fold09: cp=0.04802 
+ Fold10: cp=0.04802 
- Fold10: cp=0.04802 
Aggregating results
Selecting tuning parameters
Fitting cp = 0.048 on full training set
+ Fold01: mtry=6 
- Fold01: mtry=6 
+ Fold02: mtry=6 
- Fold02: mtry=6 
+ Fold03: mtry=6 
- Fold03: mtry=6 
+ Fold04: mtry=6 
- Fold04: mtry=6 
+ Fold05: mtry=6 
- Fold05: mtry=6 
+ Fold06: mtry=6 
- Fold06: mtry=6 
+ Fold07: mtry=6 
- Fold07: mtry=6 
+ Fold08: mtry=6 
- Fold08: mtry=6 
+ Fold09: mtry=6 
- Fold09: mtry=6 
+ Fold10: mtry=6 
- Fold10: mtry=6 
Aggregating results
Fitting final model on full training set
+ Fold01: cp=0.0526 
- Fold01: cp=0.0526 
+ Fold02: cp=0.0526 
- Fold02: cp=0.0526 
+ Fold03: cp=0.0526 
- Fold03: cp=0.0526 
+ Fold04: cp=0.0526 
- Fold04: cp=0.0526 
+ Fold05: cp=0.0526 
- Fold05: cp=0.0526 
+ Fold06: cp=0.0526 
- Fold06: cp=0.0526 
+ Fold07: cp=0.0526 
- Fold07: cp=0.0526 
+ Fold08: cp=0.0526 
- Fold08: cp=0.0526 
+ Fold09: cp=0.0526 
- Fold09: cp=0.0526 
+ Fold10: cp=0.0526 
- Fold10: cp=0.0526 
Aggregating results
Selecting tuning parameters
Fitting cp = 0.0526 on full training set
+ Fold01: mtry=6 
- Fold01: mtry=6 
+ Fold02: mtry=6 
- Fold02: mtry=6 
+ Fold03: mtry=6 
- Fold03: mtry=6 
+ Fold04: mtry=6 
- Fold04: mtry=6 
+ Fold05: mtry=6 
- Fold05: mtry=6 
+ Fold06: mtry=6 
- Fold06: mtry=6 
+ Fold07: mtry=6 
- Fold07: mtry=6 
+ Fold08: mtry=6 
- Fold08: mtry=6 
+ Fold09: mtry=6 
- Fold09: mtry=6 
+ Fold10: mtry=6 
- Fold10: mtry=6 
Aggregating results
Fitting final model on full training set
+ Fold01: cp=0.06968 
- Fold01: cp=0.06968 
+ Fold02: cp=0.06968 
- Fold02: cp=0.06968 
+ Fold03: cp=0.06968 
- Fold03: cp=0.06968 
+ Fold04: cp=0.06968 
- Fold04: cp=0.06968 
+ Fold05: cp=0.06968 
- Fold05: cp=0.06968 
+ Fold06: cp=0.06968 
- Fold06: cp=0.06968 
+ Fold07: cp=0.06968 
- Fold07: cp=0.06968 
+ Fold08: cp=0.06968 
- Fold08: cp=0.06968 
+ Fold09: cp=0.06968 
- Fold09: cp=0.06968 
+ Fold10: cp=0.06968 
- Fold10: cp=0.06968 
Aggregating results
Selecting tuning parameters
Fitting cp = 0.0697 on full training set
+ Fold01: mtry=6 
- Fold01: mtry=6 
+ Fold02: mtry=6 
- Fold02: mtry=6 
+ Fold03: mtry=6 
- Fold03: mtry=6 
+ Fold04: mtry=6 
- Fold04: mtry=6 
+ Fold05: mtry=6 
- Fold05: mtry=6 
+ Fold06: mtry=6 
- Fold06: mtry=6 
+ Fold07: mtry=6 
- Fold07: mtry=6 
+ Fold08: mtry=6 
- Fold08: mtry=6 
+ Fold09: mtry=6 
- Fold09: mtry=6 
+ Fold10: mtry=6 
- Fold10: mtry=6 
Aggregating results
Fitting final model on full training set
+ Fold01: cp=0.06099 
- Fold01: cp=0.06099 
+ Fold02: cp=0.06099 
- Fold02: cp=0.06099 
+ Fold03: cp=0.06099 
- Fold03: cp=0.06099 
+ Fold04: cp=0.06099 
- Fold04: cp=0.06099 
+ Fold05: cp=0.06099 
- Fold05: cp=0.06099 
+ Fold06: cp=0.06099 
- Fold06: cp=0.06099 
+ Fold07: cp=0.06099 
- Fold07: cp=0.06099 
+ Fold08: cp=0.06099 
- Fold08: cp=0.06099 
+ Fold09: cp=0.06099 
- Fold09: cp=0.06099 
+ Fold10: cp=0.06099 
- Fold10: cp=0.06099 
Aggregating results
Selecting tuning parameters
Fitting cp = 0.061 on full training set
+ Fold01: mtry=6 
- Fold01: mtry=6 
+ Fold02: mtry=6 
- Fold02: mtry=6 
+ Fold03: mtry=6 
- Fold03: mtry=6 
+ Fold04: mtry=6 
- Fold04: mtry=6 
+ Fold05: mtry=6 
- Fold05: mtry=6 
+ Fold06: mtry=6 
- Fold06: mtry=6 
+ Fold07: mtry=6 
- Fold07: mtry=6 
+ Fold08: mtry=6 
- Fold08: mtry=6 
+ Fold09: mtry=6 
- Fold09: mtry=6 
+ Fold10: mtry=6 
- Fold10: mtry=6 
Aggregating results
Fitting final model on full training set
+ Fold01: cp=0.06977 
- Fold01: cp=0.06977 
+ Fold02: cp=0.06977 
- Fold02: cp=0.06977 
+ Fold03: cp=0.06977 
- Fold03: cp=0.06977 
+ Fold04: cp=0.06977 
- Fold04: cp=0.06977 
+ Fold05: cp=0.06977 
- Fold05: cp=0.06977 
+ Fold06: cp=0.06977 
- Fold06: cp=0.06977 
+ Fold07: cp=0.06977 
- Fold07: cp=0.06977 
+ Fold08: cp=0.06977 
- Fold08: cp=0.06977 
+ Fold09: cp=0.06977 
- Fold09: cp=0.06977 
+ Fold10: cp=0.06977 
- Fold10: cp=0.06977 
Aggregating results
Selecting tuning parameters
Fitting cp = 0.0698 on full training set
+ Fold01: mtry=6 
- Fold01: mtry=6 
+ Fold02: mtry=6 
- Fold02: mtry=6 
+ Fold03: mtry=6 
- Fold03: mtry=6 
+ Fold04: mtry=6 
- Fold04: mtry=6 
+ Fold05: mtry=6 
- Fold05: mtry=6 
+ Fold06: mtry=6 
- Fold06: mtry=6 
+ Fold07: mtry=6 
- Fold07: mtry=6 
+ Fold08: mtry=6 
- Fold08: mtry=6 
+ Fold09: mtry=6 
- Fold09: mtry=6 
+ Fold10: mtry=6 
- Fold10: mtry=6 
Aggregating results
Fitting final model on full training set
+ Fold01: cp=0.06224 
- Fold01: cp=0.06224 
+ Fold02: cp=0.06224 
- Fold02: cp=0.06224 
+ Fold03: cp=0.06224 
- Fold03: cp=0.06224 
+ Fold04: cp=0.06224 
- Fold04: cp=0.06224 
+ Fold05: cp=0.06224 
- Fold05: cp=0.06224 
+ Fold06: cp=0.06224 
- Fold06: cp=0.06224 
+ Fold07: cp=0.06224 
- Fold07: cp=0.06224 
+ Fold08: cp=0.06224 
- Fold08: cp=0.06224 
+ Fold09: cp=0.06224 
- Fold09: cp=0.06224 
+ Fold10: cp=0.06224 
- Fold10: cp=0.06224 
Aggregating results
Selecting tuning parameters
Fitting cp = 0.0622 on full training set
Warning messages:
1: In nominalTrainWorkflow(x = x, y = y, wts = weights, info = trainInfo,  :
  There were missing values in resampled performance measures.
2: In nominalTrainWorkflow(x = x, y = y, wts = weights, info = trainInfo,  :
  There were missing values in resampled performance measures.
3: In nominalTrainWorkflow(x = x, y = y, wts = weights, info = trainInfo,  :
  There were missing values in resampled performance measures.
4: In nominalTrainWorkflow(x = x, y = y, wts = weights, info = trainInfo,  :
  There were missing values in resampled performance measures.
5: In nominalTrainWorkflow(x = x, y = y, wts = weights, info = trainInfo,  :
  There were missing values in resampled performance measures.
6: In nominalTrainWorkflow(x = x, y = y, wts = weights, info = trainInfo,  :
  There were missing values in resampled performance measures.
  [1] "1"   "2"   "7"   "8"   "9"   "11"  "13"  "14"  "16"  "17"  "22"  "24" 
 [13] "26"  "29"  "30"  "32"  "34"  "35"  "36"  "37"  "41"  "42"  "43"  "44" 
 [25] "46"  "47"  "49"  "52"  "53"  "55"  "57"  "59"  "61"  "64"  "67"  "68" 
 [37] "69"  "70"  "72"  "73"  "74"  "76"  "78"  "81"  "82"  "83"  "84"  "86" 
 [49] "88"  "89"  "91"  "92"  "94"  "96"  "97"  "98"  "101" "103" "105" "106"
 [61] "107" "108" "109" "116" "120" "121" "124" "125" "129" "130" "132" "133"
 [73] "134" "136" "137" "139" "140" "143" "147" "148" "149" "150" "151" "153"
 [85] "156" "157" "159" "160" "161" "163" "164" "166" "167" "169" "171" "173"
 [97] "174" "178" "179" "180" "181" "182" "183" "185" "186" "187" "188" "189"
[109] "190" "191" "192" "193" "194" "195" "196" "197" "198" "199" "201" "202"
[121] "203" "204" "206" "207" "208" "209" "210" "211" "212" "213" "214" "217"
[133] "219" "220" "221" "222" "223" "224" "225" "226" "227" "228" "229" "230"
[145] "232" "233" "235" "236" "237" "238" "241" "243" "244" "246" "248" "249"
[157] "250" "251" "252" "253" "254" "255" "256" "257" "258" "260" "261" "263"
[169] "265" "266" "268" "269" "270" "271" "272" "273" "274" "275" "277" "280"
[181] "281" "284" "286" "287" "288" "290" "291" "293" "294" "295" "296" "297"
[193] "298" "299" "300" "301" "302" "304" "305" "306" "307" "308" "309" "310"
[205] "311" "313" "314" "315" "320" "321" "322" "324" "325" "326" "327" "328"
[217] "329" "330" "331" "332" "333" "335" "336" "337" "338" "339" "340" "342"
[229] "343" "345" "348" "349" "350" "351" "352" "353" "355" "356" "357" "358"
[241] "359" "360" "361" "363" "366" "367" "370" "371" "372" "373" "375" "377"
[253] "379" "380" "381" "382" "385" "386" "387"
[1] "_without_catOutl_correlation_plot"
Scale for x is already present.
Adding another scale for x, which will replace the existing scale.
Scale for y is already present.
Adding another scale for y, which will replace the existing scale.
Ignoring unknown labels:
• colour : ""
Ignoring unknown labels:
• colour : ""
[1] "_without_catOutl_correlation_plot"
Scale for x is already present.
Adding another scale for x, which will replace the existing scale.
Scale for y is already present.
Adding another scale for y, which will replace the existing scale.
Warning messages:
1: In fortify(data, ...) : Arguments in `...` must be used.
✖ Problematic argument:
• col = "black"
ℹ Did you misspell an argument name?
2: In fortify(data, ...) : Arguments in `...` must be used.
✖ Problematic argument:
• col = "black"
ℹ Did you misspell an argument name?
