Loading required package: doParallel
Loading required package: foreach
Loading required package: iterators
Loading required package: parallel
Loading required package: mice

Attaching package: ‘mice’

The following object is masked from ‘package:stats’:

    filter

The following objects are masked from ‘package:base’:

    cbind, rbind

Loading required package: ggplot2
Loading required package: lattice
Loading required package: stringr
Loading required package: dplyr

Attaching package: ‘dplyr’

The following objects are masked from ‘package:stats’:

    filter, lag

The following objects are masked from ‘package:base’:

    intersect, setdiff, setequal, union

Loading required package: MASS

Attaching package: ‘MASS’

The following object is masked from ‘package:dplyr’:

    select

Loading required package: randomForest
randomForest 4.7-1.2
Type rfNews() to see new features/changes/bug fixes.

Attaching package: ‘randomForest’

The following object is masked from ‘package:dplyr’:

    combine

The following object is masked from ‘package:ggplot2’:

    margin

Loading required package: earth
Loading required package: Formula
Loading required package: plotmo
Loading required package: plotrix
Loading required package: Matrix
Loaded glmnet 5.0
Loading required package: SuperLearner
Loading required package: nnls
Loading required package: gam
Loading required package: splines
Loaded gam 1.22-7

Super Learner
Version: 2.0-40
Package created on 2025-12-14

Loading required package: mgcv
Loading required package: nlme

Attaching package: ‘nlme’

The following object is masked from ‘package:dplyr’:

    collapse

This is mgcv 1.9-4. For overview type '?mgcv'.

Attaching package: ‘mgcv’

The following objects are masked from ‘package:gam’:

    gam, gam.control, gam.fit, s

Loading required package: xgboost
Loading required package: gbm
Loaded gbm 2.3.1
This version of gbm is no longer under development. Consider transitioning to gbm3, https://github.com/gbm-developers/gbm3
Loading required package: caret
Loading required package: biglasso
Loading required package: bigmemory
Loading required package: ncvreg

Attaching package: ‘ncvreg’

The following object is masked from ‘package:nlme’:

    intervals

Loading required package: lme4

Attaching package: ‘lme4’

The following object is masked from ‘package:nlme’:

    lmList

The following object is masked from ‘package:mice’:

    toenail


arm (Version 1.15-3, built: 2026-4-15)

Working directory is /Users/petelin/Desktop/test/GRB_app/GAM_supercomputer/emcee_v2_cleaned_formula_generation


Attaching package: ‘arm’

The following object is masked from ‘package:plotrix’:

    rescale

Removed 1 GRB(s) confirmed physically infeasible -- see removed_outliers_final.csv
     log10T90       log10Fa       log10Ta         Alpha          Beta 
  0.009343618  -0.023525856  -0.046229729   0.014285850   0.001548116 
        Gamma  log10Fluence   PhotonIndex       log10NH log10PeakFlux 
  0.000000000   0.000000000  -0.058558011   0.070936702  -0.065372402 
[1] 14
[1] 91
[1] 364
[1] 1001
[1] 2002
[1] 3003
[1] 3432
[1] 3003
[1] 2002
[1] 1001
[1] 364
[1] 91
[1] 14
[1] 1
[1] 7
[1] 21
[1] 35
[1] 35
[1] 21
[1] 7
[1] 1
[1] 35
[1] 7
[1] 21
[1] 35
[1] 35
[1] 21
[1] 7
[1] 1
Formulas: 16383 | GRBs: 284 
split 1/100 done in 3.6 min | best test r=0.566
split 2/100 done in 3.6 min | best test r=0.683
split 3/100 done in 3.7 min | best test r=0.435
split 4/100 done in 3.5 min | best test r=0.625
split 5/100 done in 3.6 min | best test r=0.569
split 6/100 done in 3.6 min | best test r=0.444
split 7/100 done in 3.6 min | best test r=0.608
split 8/100 done in 3.6 min | best test r=0.486
split 9/100 done in 3.6 min | best test r=0.385
split 10/100 done in 3.6 min | best test r=0.494
split 11/100 done in 3.6 min | best test r=0.572
split 12/100 done in 3.6 min | best test r=0.599
split 13/100 done in 3.6 min | best test r=0.482
split 14/100 done in 3.6 min | best test r=0.639
split 15/100 done in 3.6 min | best test r=0.432
split 16/100 done in 3.6 min | best test r=0.358
split 17/100 done in 3.6 min | best test r=0.637
split 18/100 done in 3.6 min | best test r=0.524
split 19/100 done in 3.6 min | best test r=0.682
split 20/100 done in 3.6 min | best test r=0.549
split 21/100 done in 3.6 min | best test r=0.516
split 22/100 done in 3.6 min | best test r=0.514
split 23/100 done in 3.6 min | best test r=0.521
split 24/100 done in 3.6 min | best test r=0.507
split 25/100 done in 3.6 min | best test r=0.575
split 26/100 done in 3.6 min | best test r=0.434
split 27/100 done in 3.6 min | best test r=0.547
split 28/100 done in 3.6 min | best test r=0.558
split 29/100 done in 3.6 min | best test r=0.592
split 30/100 done in 3.6 min | best test r=0.611
split 31/100 done in 3.6 min | best test r=0.507
split 32/100 done in 3.6 min | best test r=0.617
split 33/100 done in 3.6 min | best test r=0.546
split 34/100 done in 3.6 min | best test r=0.664
split 35/100 done in 3.6 min | best test r=0.549
split 36/100 done in 3.6 min | best test r=0.565
split 37/100 done in 3.6 min | best test r=0.620
split 38/100 done in 3.6 min | best test r=0.587
split 39/100 done in 3.6 min | best test r=0.418
split 40/100 done in 3.6 min | best test r=0.618
split 41/100 done in 3.5 min | best test r=0.576
split 42/100 done in 3.5 min | best test r=0.533
split 43/100 done in 3.5 min | best test r=0.556
split 44/100 done in 3.5 min | best test r=0.530
split 45/100 done in 3.5 min | best test r=0.460
split 46/100 done in 3.5 min | best test r=0.406
split 47/100 done in 3.5 min | best test r=0.655
split 48/100 done in 3.5 min | best test r=0.639
split 49/100 done in 3.5 min | best test r=0.256
split 50/100 done in 3.5 min | best test r=0.537
split 51/100 done in 3.5 min | best test r=0.504
split 52/100 done in 3.5 min | best test r=0.431
split 53/100 done in 3.5 min | best test r=0.522
split 54/100 done in 3.5 min | best test r=0.558
split 55/100 done in 3.5 min | best test r=0.619
split 56/100 done in 3.5 min | best test r=0.513
split 57/100 done in 3.5 min | best test r=0.653
split 58/100 done in 3.5 min | best test r=0.488
split 59/100 done in 3.5 min | best test r=0.509
split 60/100 done in 3.5 min | best test r=0.534
split 61/100 done in 3.5 min | best test r=0.455
split 62/100 done in 3.5 min | best test r=0.462
split 63/100 done in 3.5 min | best test r=0.565
split 64/100 done in 3.5 min | best test r=0.763
split 65/100 done in 3.6 min | best test r=0.491
split 66/100 done in 3.6 min | best test r=0.500
split 67/100 done in 3.6 min | best test r=0.547
split 68/100 done in 3.6 min | best test r=0.262
split 69/100 done in 3.6 min | best test r=0.638
split 70/100 done in 3.6 min | best test r=0.579
split 71/100 done in 3.6 min | best test r=0.515
split 72/100 done in 3.6 min | best test r=0.616
split 73/100 done in 3.6 min | best test r=0.295
split 74/100 done in 3.6 min | best test r=0.560
split 75/100 done in 3.6 min | best test r=0.476
split 76/100 done in 3.6 min | best test r=0.627
split 77/100 done in 3.5 min | best test r=0.541
split 78/100 done in 3.5 min | best test r=0.454
split 79/100 done in 3.5 min | best test r=0.628
split 80/100 done in 3.5 min | best test r=0.519
split 81/100 done in 3.5 min | best test r=0.497
split 82/100 done in 3.5 min | best test r=0.575
split 83/100 done in 3.5 min | best test r=0.729
split 84/100 done in 3.6 min | best test r=0.616
split 85/100 done in 3.6 min | best test r=0.590
split 86/100 done in 3.6 min | best test r=0.511
split 87/100 done in 3.6 min | best test r=0.507
split 88/100 done in 3.6 min | best test r=0.393
split 89/100 done in 3.6 min | best test r=0.613
split 90/100 done in 3.6 min | best test r=0.352
split 91/100 done in 3.6 min | best test r=0.617
split 92/100 done in 3.6 min | best test r=0.620
split 93/100 done in 3.6 min | best test r=0.490
split 94/100 done in 3.6 min | best test r=0.500
split 95/100 done in 3.6 min | best test r=0.524
split 96/100 done in 3.6 min | best test r=0.539
split 97/100 done in 3.6 min | best test r=0.460
split 98/100 done in 3.6 min | best test r=0.607
split 99/100 done in 3.6 min | best test r=0.560
split 100/100 done in 3.6 min | best test r=0.397
Splits completed: 100 | top formulas written to formula_win_frequency.csv
   formula_idx wins
1          817   30
2          211   23
3         1358    8
4          497    7
5         3548    7
6          874    6
7         2249    6
8          378    5
9         1487    5
10        2545    5
                                                                                                                                                                  formula
1  Response ~  (log10FaSqr+log10Fa+log10Ta+log10PeakFlux)^2+log10NH+PhotonIndex+Alpha+log10T90+log10NHSqr+log10PeakFluxSqr+PhotonIndexSqr+log10TaSqr+AlphaSqr+log10T90Sqr
2  Response ~  (log10FaSqr+log10Fa+log10PeakFlux)^2+log10NH+PhotonIndex+log10Ta+Alpha+log10T90+log10NHSqr+log10PeakFluxSqr+PhotonIndexSqr+log10TaSqr+AlphaSqr+log10T90Sqr
3  Response ~  (AlphaSqr+PhotonIndexSqr+log10T90+Alpha)^2+log10NH+log10PeakFlux+PhotonIndex+log10Ta+log10Fa+log10NHSqr+log10PeakFluxSqr+log10TaSqr+log10FaSqr+log10T90Sqr
4  Response ~  (log10FaSqr+log10Fa+log10PeakFlux+log10NH)^2+PhotonIndex+log10Ta+Alpha+log10T90+log10NHSqr+log10PeakFluxSqr+PhotonIndexSqr+log10TaSqr+AlphaSqr+log10T90Sqr
5  Response ~  (log10FaSqr+log10TaSqr+log10Fa+PhotonIndex+log10PeakFlux+log10NH)^2+log10Ta+Alpha+log10T90+log10NHSqr+log10PeakFluxSqr+PhotonIndexSqr+AlphaSqr+log10T90Sqr
6  Response ~  (log10FaSqr+log10NHSqr+log10Fa+log10PeakFlux)^2+log10NH+PhotonIndex+log10Ta+Alpha+log10T90+log10PeakFluxSqr+PhotonIndexSqr+log10TaSqr+AlphaSqr+log10T90Sqr
7  Response ~  (log10FaSqr+log10NHSqr+log10Fa+PhotonIndex+log10PeakFlux)^2+log10NH+log10Ta+Alpha+log10T90+log10PeakFluxSqr+PhotonIndexSqr+log10TaSqr+AlphaSqr+log10T90Sqr
8  Response ~  (AlphaSqr+PhotonIndexSqr+log10Fa)^2+log10NH+log10PeakFlux+PhotonIndex+log10Ta+Alpha+log10T90+log10NHSqr+log10PeakFluxSqr+log10TaSqr+log10FaSqr+log10T90Sqr
9  Response ~  (log10FaSqr+log10Fa+PhotonIndex+log10PeakFlux+log10NH)^2+log10Ta+Alpha+log10T90+log10NHSqr+log10PeakFluxSqr+PhotonIndexSqr+log10TaSqr+AlphaSqr+log10T90Sqr
10 Response ~  (log10FaSqr+log10TaSqr+PhotonIndexSqr+log10Fa+log10PeakFlux)^2+log10NH+PhotonIndex+log10Ta+Alpha+log10T90+log10NHSqr+log10PeakFluxSqr+AlphaSqr+log10T90Sqr
Most-frequent winning formula ( 30 / 100 splits):
Response ~ (log10FaSqr + log10Fa + log10Ta + log10PeakFlux)^2 + 
    log10NH + PhotonIndex + Alpha + log10T90 + log10NHSqr + log10PeakFluxSqr + 
    PhotonIndexSqr + log10TaSqr + AlphaSqr + log10T90Sqr
<environment: 0x138414000>
M-estimator outlier cut: 15 of 284 GRBs removed (weight <= 0.6175 )
Final outlier-removed data saved: 269 GRBs -> final_outliers_removed.csv
