Loading required package: doParallel
Loading required package: foreach
Loading required package: iterators
Loading required package: parallel
Loading required package: mice

Attaching package: ‘mice’

The following object is masked from ‘package:stats’:

    filter

The following objects are masked from ‘package:base’:

    cbind, rbind

Loading required package: ggplot2
Loading required package: lattice
Loading required package: stringr
Loading required package: dplyr

Attaching package: ‘dplyr’

The following objects are masked from ‘package:stats’:

    filter, lag

The following objects are masked from ‘package:base’:

    intersect, setdiff, setequal, union

Loading required package: MASS

Attaching package: ‘MASS’

The following object is masked from ‘package:dplyr’:

    select

Loading required package: randomForest
randomForest 4.7-1.2
Type rfNews() to see new features/changes/bug fixes.

Attaching package: ‘randomForest’

The following object is masked from ‘package:dplyr’:

    combine

The following object is masked from ‘package:ggplot2’:

    margin

Loading required package: earth
Loading required package: Formula
Loading required package: plotmo
Loading required package: plotrix
Loading required package: Matrix
Loaded glmnet 5.0
Loading required package: SuperLearner
Loading required package: nnls
Loading required package: gam
Loading required package: splines
Loaded gam 1.22-7

Super Learner
Version: 2.0-40
Package created on 2025-12-14

Loading required package: mgcv
Loading required package: nlme

Attaching package: ‘nlme’

The following object is masked from ‘package:dplyr’:

    collapse

This is mgcv 1.9-4. For overview type '?mgcv'.

Attaching package: ‘mgcv’

The following objects are masked from ‘package:gam’:

    gam, gam.control, gam.fit, s

Loading required package: xgboost
Loading required package: gbm
Loaded gbm 2.3.1
This version of gbm is no longer under development. Consider transitioning to gbm3, https://github.com/gbm-developers/gbm3
Loading required package: caret
Loading required package: biglasso
Loading required package: bigmemory
Loading required package: ncvreg

Attaching package: ‘ncvreg’

The following object is masked from ‘package:nlme’:

    intervals

Loading required package: lme4

Attaching package: ‘lme4’

The following object is masked from ‘package:nlme’:

    lmList

The following object is masked from ‘package:mice’:

    toenail


arm (Version 1.15-3, built: 2026-4-15)

Working directory is /Users/petelin/Desktop/test/GRB_app/GAM_supercomputer/hardzero_domain_formula_generation


Attaching package: ‘arm’

The following object is masked from ‘package:plotrix’:

    rescale

[hardzero_domain] N=285 | flagged=4 (hard=1, err>value Alpha/Beta/Fa/Ta=NA) | drop list: 4 manual + 4 automatic = 4 unique
  -> 090516A, 100621A, 131117A, 230328B 
Wrote: ./candidate_outliers_hardzero_domain.csv and ./confirmed_outliers_to_drop.txt 
Removed 4 GRB(s) confirmed physically infeasible -- see removed_outliers_final.csv
Warning message:
Number of logged events: 400 
     log10T90       log10Fa       log10Ta         Alpha          Beta 
  0.011908830  -0.009200714  -0.021506481   0.006440923   0.018559092 
  log10Fa_opt   log10Ta_opt     Alpha_opt      Beta_opt         Gamma 
 -0.003297623  -0.020280700   0.016308272   0.050661506  -0.018619917 
 log10Fluence   PhotonIndex       log10NH log10PeakFlux 
 -0.004262174  -0.068684344   0.067664883  -0.072998110 
[1] 14
[1] 91
[1] 364
[1] 1001
[1] 2002
[1] 3003
[1] 3432
[1] 3003
[1] 2002
[1] 1001
[1] 364
[1] 91
[1] 14
[1] 1
[1] 7
[1] 21
[1] 35
[1] 35
[1] 21
[1] 7
[1] 1
[1] 35
[1] 7
[1] 21
[1] 35
[1] 35
[1] 21
[1] 7
[1] 1
Formulas: 16383 | GRBs: 281 
split 1/100 done in 2.9 min | best test r=0.500
split 2/100 done in 2.8 min | best test r=0.731
split 3/100 done in 2.7 min | best test r=0.483
split 4/100 done in 2.6 min | best test r=0.362
split 5/100 done in 2.7 min | best test r=0.311
split 6/100 done in 2.7 min | best test r=0.520
split 7/100 done in 2.7 min | best test r=0.409
split 8/100 done in 2.7 min | best test r=0.661
split 9/100 done in 2.7 min | best test r=0.529
split 10/100 done in 2.7 min | best test r=0.534
split 11/100 done in 2.7 min | best test r=0.579
split 12/100 done in 2.7 min | best test r=0.536
split 13/100 done in 2.7 min | best test r=0.515
split 14/100 done in 2.8 min | best test r=0.608
split 15/100 done in 2.8 min | best test r=0.336
split 16/100 done in 2.7 min | best test r=0.663
split 17/100 done in 2.7 min | best test r=0.555
split 18/100 done in 2.7 min | best test r=0.200
split 19/100 done in 2.7 min | best test r=0.495
split 20/100 done in 2.7 min | best test r=0.559
split 21/100 done in 2.8 min | best test r=0.410
split 22/100 done in 2.7 min | best test r=0.415
split 23/100 done in 2.7 min | best test r=0.442
split 24/100 done in 2.7 min | best test r=0.378
split 25/100 done in 2.8 min | best test r=0.733
split 26/100 done in 2.9 min | best test r=0.533
split 27/100 done in 2.8 min | best test r=0.309
split 28/100 done in 2.7 min | best test r=0.325
split 29/100 done in 2.7 min | best test r=0.498
split 30/100 done in 2.8 min | best test r=0.569
split 31/100 done in 2.8 min | best test r=0.155
split 32/100 done in 2.8 min | best test r=0.540
split 33/100 done in 2.7 min | best test r=0.594
split 34/100 done in 2.7 min | best test r=0.624
split 35/100 done in 2.7 min | best test r=0.484
split 36/100 done in 2.7 min | best test r=0.558
split 37/100 done in 2.6 min | best test r=0.689
split 38/100 done in 2.7 min | best test r=0.640
split 39/100 done in 2.7 min | best test r=0.516
split 40/100 done in 2.6 min | best test r=0.516
split 41/100 done in 2.7 min | best test r=0.324
split 42/100 done in 2.8 min | best test r=0.342
split 43/100 done in 2.9 min | best test r=0.401
split 44/100 done in 2.8 min | best test r=0.415
split 45/100 done in 2.7 min | best test r=0.571
split 46/100 done in 2.7 min | best test r=0.442
split 47/100 done in 2.7 min | best test r=0.638
split 48/100 done in 2.7 min | best test r=0.498
split 49/100 done in 2.7 min | best test r=0.393
split 50/100 done in 2.7 min | best test r=0.571
split 51/100 done in 2.7 min | best test r=0.453
split 52/100 done in 2.7 min | best test r=0.473
split 53/100 done in 2.7 min | best test r=0.416
split 54/100 done in 2.8 min | best test r=0.659
split 55/100 done in 2.8 min | best test r=0.711
split 56/100 done in 2.8 min | best test r=0.420
split 57/100 done in 2.8 min | best test r=0.488
split 58/100 done in 2.8 min | best test r=0.618
split 59/100 done in 2.9 min | best test r=0.433
split 60/100 done in 2.8 min | best test r=0.567
split 61/100 done in 2.8 min | best test r=0.397
split 62/100 done in 2.8 min | best test r=0.640
split 63/100 done in 2.8 min | best test r=0.574
split 64/100 done in 2.8 min | best test r=0.715
split 65/100 done in 2.8 min | best test r=0.667
split 66/100 done in 2.8 min | best test r=0.544
split 67/100 done in 2.8 min | best test r=0.556
split 68/100 done in 2.8 min | best test r=0.335
split 69/100 done in 2.8 min | best test r=0.587
split 70/100 done in 2.9 min | best test r=0.333
split 71/100 done in 2.9 min | best test r=0.583
split 72/100 done in 2.8 min | best test r=0.647
split 73/100 done in 2.8 min | best test r=0.496
split 74/100 done in 2.8 min | best test r=0.367
split 75/100 done in 2.8 min | best test r=0.411
split 76/100 done in 2.9 min | best test r=0.548
split 77/100 done in 2.9 min | best test r=0.418
split 78/100 done in 2.9 min | best test r=0.395
split 79/100 done in 2.8 min | best test r=0.574
split 80/100 done in 2.7 min | best test r=0.440
split 81/100 done in 2.8 min | best test r=0.469
split 82/100 done in 2.8 min | best test r=0.466
split 83/100 done in 2.9 min | best test r=0.669
split 84/100 done in 2.7 min | best test r=0.476
split 85/100 done in 2.9 min | best test r=0.623
split 86/100 done in 2.7 min | best test r=0.515
split 87/100 done in 2.8 min | best test r=0.696
split 88/100 done in 2.8 min | best test r=0.388
split 89/100 done in 2.8 min | best test r=0.251
split 90/100 done in 2.8 min | best test r=0.547
split 91/100 done in 2.9 min | best test r=0.439
split 92/100 done in 2.9 min | best test r=0.737
split 93/100 done in 2.8 min | best test r=0.484
split 94/100 done in 2.8 min | best test r=0.327
split 95/100 done in 2.9 min | best test r=0.369
split 96/100 done in 2.7 min | best test r=0.482
split 97/100 done in 2.7 min | best test r=0.428
split 98/100 done in 2.7 min | best test r=0.553
split 99/100 done in 2.9 min | best test r=0.425
split 100/100 done in 2.8 min | best test r=0.616
Splits completed: 100 | top formulas written to formula_win_frequency.csv
   formula_idx wins
1          144    4
2          658    4
3         1018    4
4         1302    4
5         1879    3
6         2845    3
7         3032    3
8           85    2
9          129    2
10         258    2
                                                                                                                                                                          formula
1  Response ~  (Beta_optSqr+log10Ta+log10PeakFlux)^2+PhotonIndex+log10NH+Beta_opt+log10Ta_opt+Gamma+log10PeakFluxSqr+PhotonIndexSqr+log10NHSqr+log10TaSqr+log10Ta_optSqr+GammaSqr
2  Response ~  (Beta_optSqr+PhotonIndexSqr+log10Ta+log10PeakFlux)^2+PhotonIndex+log10NH+Beta_opt+log10Ta_opt+Gamma+log10PeakFluxSqr+log10NHSqr+log10TaSqr+log10Ta_optSqr+GammaSqr
3  Response ~  (log10Ta_optSqr+log10TaSqr+Beta_opt+log10NH)^2+log10PeakFlux+PhotonIndex+log10Ta+log10Ta_opt+Gamma+log10PeakFluxSqr+PhotonIndexSqr+log10NHSqr+Beta_optSqr+GammaSqr
4  Response ~  (log10Ta_optSqr+log10NHSqr+Gamma+log10Ta)^2+log10PeakFlux+PhotonIndex+log10NH+Beta_opt+log10Ta_opt+log10PeakFluxSqr+PhotonIndexSqr+Beta_optSqr+log10TaSqr+GammaSqr
5  Response ~  (log10TaSqr+PhotonIndexSqr+log10Ta+Beta_opt+log10PeakFlux)^2+PhotonIndex+log10NH+log10Ta_opt+Gamma+log10PeakFluxSqr+log10NHSqr+Beta_optSqr+log10Ta_optSqr+GammaSqr
6  Response ~  (log10Ta_optSqr+Beta_optSqr+Gamma+log10Ta+log10NH)^2+log10PeakFlux+PhotonIndex+Beta_opt+log10Ta_opt+log10PeakFluxSqr+PhotonIndexSqr+log10NHSqr+log10TaSqr+GammaSqr
7  Response ~  (GammaSqr+log10NHSqr+log10Ta_opt+log10Ta+Beta_opt)^2+log10PeakFlux+PhotonIndex+log10NH+Gamma+log10PeakFluxSqr+PhotonIndexSqr+Beta_optSqr+log10TaSqr+log10Ta_optSqr
8  Response ~  (PhotonIndexSqr+log10PeakFluxSqr)^2+log10PeakFlux+PhotonIndex+log10NH+Beta_opt+log10Ta+log10Ta_opt+Gamma+log10NHSqr+Beta_optSqr+log10TaSqr+log10Ta_optSqr+GammaSqr
9  Response ~  (log10Ta+Beta_opt+log10PeakFlux)^2+PhotonIndex+log10NH+log10Ta_opt+Gamma+log10PeakFluxSqr+PhotonIndexSqr+log10NHSqr+Beta_optSqr+log10TaSqr+log10Ta_optSqr+GammaSqr
10 Response ~  (log10Ta_optSqr+Beta_opt+log10NH)^2+log10PeakFlux+PhotonIndex+log10Ta+log10Ta_opt+Gamma+log10PeakFluxSqr+PhotonIndexSqr+log10NHSqr+Beta_optSqr+log10TaSqr+GammaSqr
Most-frequent winning formula ( 4 / 100 splits):
Response ~ (Beta_optSqr + log10Ta + log10PeakFlux)^2 + PhotonIndex + 
    log10NH + Beta_opt + log10Ta_opt + Gamma + log10PeakFluxSqr + 
    PhotonIndexSqr + log10NHSqr + log10TaSqr + log10Ta_optSqr + 
    GammaSqr
<environment: 0x137d6a080>
Error in rlm.default(x, y, weights, method = method, wt.method = wt.method,  : 
  'x' is singular: singular fits are not implemented in 'rlm'
Calls: <Anonymous> -> rlm.formula -> rlm.default
Execution halted
