Loading required package: foreach
Loading required package: iterators
Loading required package: parallel

Attaching package: ‘mice’

The following object is masked from ‘package:stats’:

    filter

The following objects are masked from ‘package:base’:

    cbind, rbind

Loading required package: colorspace
Loading required package: grid
Registered S3 method overwritten by 'car':
  method           from
  na.action.merMod lme4
VIM is ready to use.

Suggestions and bug-reports can be submitted at: https://github.com/statistikat/VIM/issues

Attaching package: ‘VIM’

The following object is masked from ‘package:datasets’:

    sleep


Attaching package: ‘dplyr’

The following objects are masked from ‘package:stats’:

    filter, lag

The following objects are masked from ‘package:base’:

    intersect, setdiff, setequal, union


Attaching package: ‘MASS’

The following object is masked from ‘package:dplyr’:

    select

randomForest 4.7-1.2
Type rfNews() to see new features/changes/bug fixes.

Attaching package: ‘randomForest’

The following object is masked from ‘package:dplyr’:

    combine

The following object is masked from ‘package:ggplot2’:

    margin

Loading required package: Formula
Loading required package: plotmo
Loading required package: plotrix
Loading required package: Matrix
Loaded glmnet 5.0
Loading required package: nnls
Loading required package: gam
Loading required package: splines
Loaded gam 1.22-7

Super Learner
Version: 2.0-40
Package created on 2025-12-14

Loading required package: nlme

Attaching package: ‘nlme’

The following object is masked from ‘package:dplyr’:

    collapse

This is mgcv 1.9-4. For overview type '?mgcv'.

Attaching package: ‘mgcv’

The following objects are masked from ‘package:gam’:

    gam, gam.control, gam.fit, s

Loaded gbm 2.3.1
This version of gbm is no longer under development. Consider transitioning to gbm3, https://github.com/gbm-developers/gbm3
Loading required package: mvtnorm
Loading required package: modeltools
Loading required package: stats4
Loading required package: strucchange
Loading required package: zoo

Attaching package: ‘zoo’

The following objects are masked from ‘package:base’:

    as.Date, as.Date.numeric

Loading required package: sandwich

Attaching package: ‘strucchange’

The following object is masked from ‘package:stringr’:

    boundary


Attaching package: ‘party’

The following object is masked from ‘package:dplyr’:

    where

Loading required package: lme4

Attaching package: ‘lme4’

The following object is masked from ‘package:modeltools’:

    refit

The following object is masked from ‘package:nlme’:

    lmList

The following object is masked from ‘package:mice’:

    toenail


arm (Version 1.15-3, built: 2026-4-15)

Working directory is /Users/petelin/Desktop/test/GRB_app


Attaching package: ‘arm’

The following object is masked from ‘package:mvtnorm’:

    standardize

The following object is masked from ‘package:plotrix’:

    rescale


Attaching package: ‘dgof’

The following object is masked from ‘package:stats’:

    ks.test

Loading required package: SuppDists

Attaching package: ‘latticeExtra’

The following object is masked from ‘package:ggplot2’:

    layer

Loading required package: bigmemory
Loading required package: ncvreg

Attaching package: ‘ncvreg’

The following object is masked from ‘package:nlme’:

    intervals


Attaching package: ‘e1071’

The following object is masked from ‘package:ggplot2’:

    element

[1] "not running locally"
Column names found:
 [1] "X"                   "Redshift_crosscheck" "log10T90"           
 [4] "log10Fa"             "log10Ta"             "Alpha"              
 [7] "Beta"                "Gamma"               "log10Fluence"       
[10] "PhotonIndex"         "log10NH"             "log10PeakFlux"      
[13] "T90Err"              "log10FaErr"          "log10TaErr"         
[16] "AlphaErr"            "BetaErr"             "log10FluenceErr"    
[19] "PhotonIndexErr"      "log10PeakFluxErr"    "is_optical"         
[22] "GRB"                 "FluenceErr"          "PeakFluxErr"        
Assertion OK: no NA in GRBPred after imputation ( 241 rows x 18 cols )
MC errors frame built for 241 rows
Added is_optical + 10 Daume-scaled domain columns (c=0.25)
Assertion OK: GRBPred has no NA/NaN/Inf ( 241 rows )
grb_errors synced for 241 rows (post upsampling/outlier removal)
The number of NAs in GRBPred is: 0 
GAM vars missing from GRBPred:  
CV repetitions (loop): 10 
Assertion OK: SuperLearner inputs valid; 193 rows, 20 predictors
Parallelizing 10 CV repetition(s) across 10 core(s)
[rep 1] starting
[rep 2] starting
[rep 3] starting
[rep 4] starting
[rep 5] starting
[rep 6] starting
[rep 1] Iteration 1 out of 10
[rep 2] Iteration 1 out of 10
[rep 7] starting
[rep 3] Iteration 1 out of 10
[rep 4] Iteration 1 out of 10
[rep 8] starting
[rep 5] Iteration 1 out of 10
[rep 9] starting
[rep 6] Iteration 1 out of 10
[rep 10] starting
[rep 7] Iteration 1 out of 10
[rep 8] Iteration 1 out of 10
[rep 10] Iteration 1 out of 10
[rep 9] Iteration 1 out of 10
[rep 2] Iteration 2 out of 10
[rep 6] Iteration 2 out of 10
[rep 3] Iteration 2 out of 10
[rep 8] Iteration 2 out of 10
[rep 1] Iteration 2 out of 10
[rep 4] Iteration 2 out of 10
[rep 7] Iteration 2 out of 10
[rep 5] Iteration 2 out of 10
[rep 10] Iteration 2 out of 10
[rep 9] Iteration 2 out of 10
[rep 6] Iteration 3 out of 10
[rep 8] Iteration 3 out of 10
[rep 1] Iteration 3 out of 10
[rep 10] Iteration 3 out of 10
[rep 4] Iteration 3 out of 10
[rep 3] Iteration 3 out of 10
[rep 5] Iteration 3 out of 10
[rep 9] Iteration 3 out of 10
[rep 7] Iteration 3 out of 10
[rep 2] Iteration 3 out of 10
[rep 6] Iteration 4 out of 10
[rep 4] Iteration 4 out of 10
[rep 3] Iteration 4 out of 10
[rep 9] Iteration 4 out of 10
[rep 7] Iteration 4 out of 10
[rep 8] Iteration 4 out of 10
[rep 1] Iteration 4 out of 10
[rep 5] Iteration 4 out of 10
[rep 10] Iteration 4 out of 10
[rep 2] Iteration 4 out of 10
[rep 6] Iteration 5 out of 10
[rep 9] Iteration 5 out of 10
[rep 4] Iteration 5 out of 10
[rep 5] Iteration 5 out of 10
[rep 1] Iteration 5 out of 10
[rep 3] Iteration 5 out of 10
[rep 8] Iteration 5 out of 10
[rep 10] Iteration 5 out of 10
[rep 2] Iteration 5 out of 10
[rep 7] Iteration 5 out of 10
[rep 6] Iteration 6 out of 10
[rep 1] Iteration 6 out of 10
[rep 4] Iteration 6 out of 10
[rep 2] Iteration 6 out of 10
[rep 8] Iteration 6 out of 10
[rep 10] Iteration 6 out of 10
[rep 9] Iteration 6 out of 10
[rep 3] Iteration 6 out of 10
[rep 7] Iteration 6 out of 10
[rep 5] Iteration 6 out of 10
[rep 6] Iteration 7 out of 10
[rep 4] Iteration 7 out of 10
[rep 9] Iteration 7 out of 10
[rep 8] Iteration 7 out of 10
[rep 10] Iteration 7 out of 10
[rep 3] Iteration 7 out of 10
[rep 1] Iteration 7 out of 10
[rep 7] Iteration 7 out of 10
[rep 2] Iteration 7 out of 10
[rep 5] Iteration 7 out of 10
[rep 6] Iteration 8 out of 10
[rep 4] Iteration 8 out of 10
[rep 9] Iteration 8 out of 10
[rep 3] Iteration 8 out of 10
[rep 10] Iteration 8 out of 10
[rep 7] Iteration 8 out of 10
[rep 8] Iteration 8 out of 10
[rep 1] Iteration 8 out of 10
[rep 2] Iteration 8 out of 10
[rep 5] Iteration 8 out of 10
[rep 6] Iteration 9 out of 10
[rep 4] Iteration 9 out of 10
[rep 7] Iteration 9 out of 10
[rep 1] Iteration 9 out of 10
[rep 3] Iteration 9 out of 10
[rep 9] Iteration 9 out of 10
[rep 8] Iteration 9 out of 10
[rep 10] Iteration 9 out of 10
[rep 2] Iteration 9 out of 10
[rep 5] Iteration 9 out of 10
[rep 6] Iteration 10 out of 10
[rep 4] Iteration 10 out of 10
[rep 1] Iteration 10 out of 10
[rep 7] Iteration 10 out of 10
[rep 3] Iteration 10 out of 10
[rep 2] Iteration 10 out of 10
[rep 9] Iteration 10 out of 10
[rep 8] Iteration 10 out of 10
[rep 10] Iteration 10 out of 10
[rep 5] Iteration 10 out of 10
Flattening MC samples across 10 repetitions...
MC matrix: 193 rows x 1000 samples
MC coverage: 21.2% of rows have truth inside 95% MC interval
MC metrics [all   ] log10(z+1): n=193 r=0.548 RMSE=0.148 | z: r=0.520 RMSE=1.138
MC metrics [inside] log10(z+1): n=41 r=0.959 RMSE=0.036 | z: r=0.964 RMSE=0.230
Wrote OutputFiles/mc_predictions.csv and OutputFiles/mc_raw.rds
Wrote MC plots to runs/emcee_v2_cleaned_oldformula_5pct/Plot_Output/ 
null device 
          1 
  [1] "000926A" "020124A" "050315A" "050318A" "050319A" "050401A" "050416A"
  [8] "050502A" "050502B" "050505A" "050525A" "050603A" "050730A" "050801A"
 [15] "050802A" "050820A" "050904A" "050908A" "050922C" "051028A" "051109A"
 [22] "060115A" "060206A" "060210A" "060223A" "060306A" "060418A" "060502A"
 [29] "060510B" "060604A" "060605A" "060607A" "060708A" "060904B" "060906A"
 [36] "060908A" "060927A" "061021A" "061121A" "061126A" "061222A" "070110A"
 [43] "070125A" "070223A" "070306A" "070521A" "070529A" "070612A" "070721B"
 [50] "070802A" "070810A" "071010B" "071020A" "071112C" "071117A" "080319B"
 [57] "080319C" "080413B" "080516A" "080603A" "080603B" "080607A" "080810A"
 [64] "080905B" "080928A" "081007A" "081008A" "081028A" "081029A" "081203A"
 [71] "081221A" "081230A" "090102A" "090418A" "090423A" "090424A" "090516A"
 [78] "090519A" "090529A" "090530A" "090726A" "090812A" "090927A" "091020A"
 [85] "091029A" "091127A" "100425A" "100513A" "100704A" "100728A" "100814A"
 [92] "100816A" "100906A" "110205A" "110422A" "110503A" "110715A" "110731A"
 [99] "110808A" "111107A" "111209A" "120118B" "120119A" "120327A" "120404A"
[106] "120711A" "120729A" "120802A" "120811C" "120815A" "120907A" "121024A"
[113] "121027A" "121217A" "130215A" "130408A" "130420A" "130427A" "130831A"
[120] "131105A" "140206A" "140213A" "140423A" "140509A" "140512A" "140614A"
[127] "140629A" "140801A" "140907A" "141004A" "141220A" "141221A" "150120B"
[134] "150314A" "150323A" "150403A" "151021A" "151027A" "151215A" "160117B"
[141] "160121A" "160131A" "160227A" "160327A" "160804A" "161014A" "161023A"
[148] "161108A" "161117A" "161219B" "170113A" "170202A" "170519A" "170607A"
[155] "170705A" "170714A" "170903A" "171222A" "180115A" "180205A" "180325A"
[162] "180329B" "180620B" "180624A" "180728A" "181010A" "190114A" "190719C"
[169] "191011A" "191221B" "200205B" "200613A" "200829A" "201014A" "201015A"
[176] "201020A" "201104B" "210204A" "210210A" "210722A" "210822A" "220117A"
[183] "230325A" "230506C" "230818A" "231210B"
[1] "_with_catOutl_correlation_plot"
Scale for x is already present.
Adding another scale for x, which will replace the existing scale.
Scale for y is already present.
Adding another scale for y, which will replace the existing scale.
Ignoring unknown labels:
• colour : ""
Ignoring unknown labels:
• colour : ""
[1] "_with_catOutl_correlation_plot"
Scale for x is already present.
Adding another scale for x, which will replace the existing scale.
Scale for y is already present.
Adding another scale for y, which will replace the existing scale.
Warning messages:
1: The `size` argument of `element_rect()` is deprecated as of ggplot2 3.4.0.
ℹ Please use the `linewidth` argument instead. 
2: In fortify(data, ...) : Arguments in `...` must be used.
✖ Problematic argument:
• col = "black"
ℹ Did you misspell an argument name?
3: The `size` argument of `element_line()` is deprecated as of ggplot2 3.4.0.
ℹ Please use the `linewidth` argument instead. 
4: In fortify(data, ...) : Arguments in `...` must be used.
✖ Problematic argument:
• col = "black"
ℹ Did you misspell an argument name?
+ Fold01: mtry=6 
- Fold01: mtry=6 
+ Fold02: mtry=6 
- Fold02: mtry=6 
+ Fold03: mtry=6 
- Fold03: mtry=6 
+ Fold04: mtry=6 
- Fold04: mtry=6 
+ Fold05: mtry=6 
- Fold05: mtry=6 
+ Fold06: mtry=6 
- Fold06: mtry=6 
+ Fold07: mtry=6 
- Fold07: mtry=6 
+ Fold08: mtry=6 
- Fold08: mtry=6 
+ Fold09: mtry=6 
- Fold09: mtry=6 
+ Fold10: mtry=6 
- Fold10: mtry=6 
Aggregating results
Fitting final model on full training set
+ Fold01: cp=0.04724 
- Fold01: cp=0.04724 
+ Fold02: cp=0.04724 
- Fold02: cp=0.04724 
+ Fold03: cp=0.04724 
- Fold03: cp=0.04724 
+ Fold04: cp=0.04724 
- Fold04: cp=0.04724 
+ Fold05: cp=0.04724 
- Fold05: cp=0.04724 
+ Fold06: cp=0.04724 
- Fold06: cp=0.04724 
+ Fold07: cp=0.04724 
- Fold07: cp=0.04724 
+ Fold08: cp=0.04724 
- Fold08: cp=0.04724 
+ Fold09: cp=0.04724 
- Fold09: cp=0.04724 
+ Fold10: cp=0.04724 
- Fold10: cp=0.04724 
Aggregating results
Selecting tuning parameters
Fitting cp = 0.0472 on full training set
+ Fold01: mtry=6 
- Fold01: mtry=6 
+ Fold02: mtry=6 
- Fold02: mtry=6 
+ Fold03: mtry=6 
- Fold03: mtry=6 
+ Fold04: mtry=6 
- Fold04: mtry=6 
+ Fold05: mtry=6 
- Fold05: mtry=6 
+ Fold06: mtry=6 
- Fold06: mtry=6 
+ Fold07: mtry=6 
- Fold07: mtry=6 
+ Fold08: mtry=6 
- Fold08: mtry=6 
+ Fold09: mtry=6 
- Fold09: mtry=6 
+ Fold10: mtry=6 
- Fold10: mtry=6 
Aggregating results
Fitting final model on full training set
+ Fold01: cp=0.05925 
- Fold01: cp=0.05925 
+ Fold02: cp=0.05925 
- Fold02: cp=0.05925 
+ Fold03: cp=0.05925 
- Fold03: cp=0.05925 
+ Fold04: cp=0.05925 
- Fold04: cp=0.05925 
+ Fold05: cp=0.05925 
- Fold05: cp=0.05925 
+ Fold06: cp=0.05925 
- Fold06: cp=0.05925 
+ Fold07: cp=0.05925 
- Fold07: cp=0.05925 
+ Fold08: cp=0.05925 
- Fold08: cp=0.05925 
+ Fold09: cp=0.05925 
- Fold09: cp=0.05925 
+ Fold10: cp=0.05925 
- Fold10: cp=0.05925 
Aggregating results
Selecting tuning parameters
Fitting cp = 0.0593 on full training set
+ Fold01: mtry=6 
- Fold01: mtry=6 
+ Fold02: mtry=6 
- Fold02: mtry=6 
+ Fold03: mtry=6 
- Fold03: mtry=6 
+ Fold04: mtry=6 
- Fold04: mtry=6 
+ Fold05: mtry=6 
- Fold05: mtry=6 
+ Fold06: mtry=6 
- Fold06: mtry=6 
+ Fold07: mtry=6 
- Fold07: mtry=6 
+ Fold08: mtry=6 
- Fold08: mtry=6 
+ Fold09: mtry=6 
- Fold09: mtry=6 
+ Fold10: mtry=6 
- Fold10: mtry=6 
Aggregating results
Fitting final model on full training set
+ Fold01: cp=0.06266 
- Fold01: cp=0.06266 
+ Fold02: cp=0.06266 
- Fold02: cp=0.06266 
+ Fold03: cp=0.06266 
- Fold03: cp=0.06266 
+ Fold04: cp=0.06266 
- Fold04: cp=0.06266 
+ Fold05: cp=0.06266 
- Fold05: cp=0.06266 
+ Fold06: cp=0.06266 
- Fold06: cp=0.06266 
+ Fold07: cp=0.06266 
- Fold07: cp=0.06266 
+ Fold08: cp=0.06266 
- Fold08: cp=0.06266 
+ Fold09: cp=0.06266 
- Fold09: cp=0.06266 
+ Fold10: cp=0.06266 
- Fold10: cp=0.06266 
Aggregating results
Selecting tuning parameters
Fitting cp = 0.0668 on full training set
+ Fold01: mtry=6 
- Fold01: mtry=6 
+ Fold02: mtry=6 
- Fold02: mtry=6 
+ Fold03: mtry=6 
- Fold03: mtry=6 
+ Fold04: mtry=6 
- Fold04: mtry=6 
+ Fold05: mtry=6 
- Fold05: mtry=6 
+ Fold06: mtry=6 
- Fold06: mtry=6 
+ Fold07: mtry=6 
- Fold07: mtry=6 
+ Fold08: mtry=6 
- Fold08: mtry=6 
+ Fold09: mtry=6 
- Fold09: mtry=6 
+ Fold10: mtry=6 
- Fold10: mtry=6 
Aggregating results
Fitting final model on full training set
+ Fold01: cp=0.06211 
- Fold01: cp=0.06211 
+ Fold02: cp=0.06211 
- Fold02: cp=0.06211 
+ Fold03: cp=0.06211 
- Fold03: cp=0.06211 
+ Fold04: cp=0.06211 
- Fold04: cp=0.06211 
+ Fold05: cp=0.06211 
- Fold05: cp=0.06211 
+ Fold06: cp=0.06211 
- Fold06: cp=0.06211 
+ Fold07: cp=0.06211 
- Fold07: cp=0.06211 
+ Fold08: cp=0.06211 
- Fold08: cp=0.06211 
+ Fold09: cp=0.06211 
- Fold09: cp=0.06211 
+ Fold10: cp=0.06211 
- Fold10: cp=0.06211 
Aggregating results
Selecting tuning parameters
Fitting cp = 0.104 on full training set
+ Fold01: mtry=6 
- Fold01: mtry=6 
+ Fold02: mtry=6 
- Fold02: mtry=6 
+ Fold03: mtry=6 
- Fold03: mtry=6 
+ Fold04: mtry=6 
- Fold04: mtry=6 
+ Fold05: mtry=6 
- Fold05: mtry=6 
+ Fold06: mtry=6 
- Fold06: mtry=6 
+ Fold07: mtry=6 
- Fold07: mtry=6 
+ Fold08: mtry=6 
- Fold08: mtry=6 
+ Fold09: mtry=6 
- Fold09: mtry=6 
+ Fold10: mtry=6 
- Fold10: mtry=6 
Aggregating results
Fitting final model on full training set
+ Fold01: cp=0.04761 
- Fold01: cp=0.04761 
+ Fold02: cp=0.04761 
- Fold02: cp=0.04761 
+ Fold03: cp=0.04761 
- Fold03: cp=0.04761 
+ Fold04: cp=0.04761 
- Fold04: cp=0.04761 
+ Fold05: cp=0.04761 
- Fold05: cp=0.04761 
+ Fold06: cp=0.04761 
- Fold06: cp=0.04761 
+ Fold07: cp=0.04761 
- Fold07: cp=0.04761 
+ Fold08: cp=0.04761 
- Fold08: cp=0.04761 
+ Fold09: cp=0.04761 
- Fold09: cp=0.04761 
+ Fold10: cp=0.04761 
- Fold10: cp=0.04761 
Aggregating results
Selecting tuning parameters
Fitting cp = 0.0476 on full training set
+ Fold01: mtry=6 
- Fold01: mtry=6 
+ Fold02: mtry=6 
- Fold02: mtry=6 
+ Fold03: mtry=6 
- Fold03: mtry=6 
+ Fold04: mtry=6 
- Fold04: mtry=6 
+ Fold05: mtry=6 
- Fold05: mtry=6 
+ Fold06: mtry=6 
- Fold06: mtry=6 
+ Fold07: mtry=6 
- Fold07: mtry=6 
+ Fold08: mtry=6 
- Fold08: mtry=6 
+ Fold09: mtry=6 
- Fold09: mtry=6 
+ Fold10: mtry=6 
- Fold10: mtry=6 
Aggregating results
Fitting final model on full training set
+ Fold01: cp=0.0455 
- Fold01: cp=0.0455 
+ Fold02: cp=0.0455 
- Fold02: cp=0.0455 
+ Fold03: cp=0.0455 
- Fold03: cp=0.0455 
+ Fold04: cp=0.0455 
- Fold04: cp=0.0455 
+ Fold05: cp=0.0455 
- Fold05: cp=0.0455 
+ Fold06: cp=0.0455 
- Fold06: cp=0.0455 
+ Fold07: cp=0.0455 
- Fold07: cp=0.0455 
+ Fold08: cp=0.0455 
- Fold08: cp=0.0455 
+ Fold09: cp=0.0455 
- Fold09: cp=0.0455 
+ Fold10: cp=0.0455 
- Fold10: cp=0.0455 
Aggregating results
Selecting tuning parameters
Fitting cp = 0.0872 on full training set
Warning messages:
1: In nominalTrainWorkflow(x = x, y = y, wts = weights, info = trainInfo,  :
  There were missing values in resampled performance measures.
2: In nominalTrainWorkflow(x = x, y = y, wts = weights, info = trainInfo,  :
  There were missing values in resampled performance measures.
3: In nominalTrainWorkflow(x = x, y = y, wts = weights, info = trainInfo,  :
  There were missing values in resampled performance measures.
4: In nominalTrainWorkflow(x = x, y = y, wts = weights, info = trainInfo,  :
  There were missing values in resampled performance measures.
5: In nominalTrainWorkflow(x = x, y = y, wts = weights, info = trainInfo,  :
  There were missing values in resampled performance measures.
6: In nominalTrainWorkflow(x = x, y = y, wts = weights, info = trainInfo,  :
  There were missing values in resampled performance measures.
  [1] "000926A" "020124A" "050315A" "050318A" "050319A" "050401A" "050416A"
  [8] "050502A" "050502B" "050505A" "050525A" "050603A" "050730A" "050801A"
 [15] "050802A" "050820A" "050904A" "050908A" "050922C" "051028A" "051109A"
 [22] "060115A" "060206A" "060210A" "060223A" "060306A" "060418A" "060502A"
 [29] "060510B" "060604A" "060605A" "060607A" "060708A" "060904B" "060906A"
 [36] "060908A" "060927A" "061021A" "061121A" "061126A" "061222A" "070110A"
 [43] "070125A" "070223A" "070306A" "070521A" "070529A" "070612A" "070721B"
 [50] "070802A" "070810A" "071010B" "071020A" "071112C" "071117A" "080319B"
 [57] "080319C" "080413B" "080516A" "080603A" "080603B" "080607A" "080810A"
 [64] "080905B" "080928A" "081007A" "081008A" "081028A" "081029A" "081203A"
 [71] "081221A" "081230A" "090102A" "090418A" "090423A" "090424A" "090516A"
 [78] "090519A" "090529A" "090530A" "090726A" "090812A" "090927A" "091020A"
 [85] "091029A" "091127A" "100425A" "100513A" "100704A" "100728A" "100814A"
 [92] "100816A" "100906A" "110205A" "110422A" "110503A" "110715A" "110731A"
 [99] "110808A" "111107A" "111209A" "120118B" "120119A" "120327A" "120404A"
[106] "120711A" "120802A" "120811C" "120815A" "120907A" "121024A" "121027A"
[113] "121217A" "130215A" "130408A" "130420A" "130427A" "130831A" "131105A"
[120] "140206A" "140213A" "140423A" "140509A" "140512A" "140614A" "140629A"
[127] "140801A" "140907A" "141004A" "141220A" "141221A" "150120B" "150314A"
[134] "150323A" "150403A" "151021A" "151027A" "151215A" "160117B" "160121A"
[141] "160131A" "160227A" "160327A" "160804A" "161014A" "161023A" "161108A"
[148] "161117A" "161219B" "170113A" "170202A" "170519A" "170607A" "170705A"
[155] "170903A" "171222A" "180115A" "180205A" "180325A" "180329B" "180620B"
[162] "180624A" "180728A" "181010A" "190114A" "190719C" "191011A" "191221B"
[169] "200205B" "200613A" "200829A" "201014A" "201015A" "201020A" "201104B"
[176] "210204A" "210210A" "210722A" "210822A" "220117A" "230325A" "230506C"
[183] "230818A" "231210B"
[1] "_without_catOutl_correlation_plot"
Scale for x is already present.
Adding another scale for x, which will replace the existing scale.
Scale for y is already present.
Adding another scale for y, which will replace the existing scale.
Ignoring unknown labels:
• colour : ""
Ignoring unknown labels:
• colour : ""
[1] "_without_catOutl_correlation_plot"
Scale for x is already present.
Adding another scale for x, which will replace the existing scale.
Scale for y is already present.
Adding another scale for y, which will replace the existing scale.
Warning messages:
1: In fortify(data, ...) : Arguments in `...` must be used.
✖ Problematic argument:
• col = "black"
ℹ Did you misspell an argument name?
2: In fortify(data, ...) : Arguments in `...` must be used.
✖ Problematic argument:
• col = "black"
ℹ Did you misspell an argument name?
