Loading required package: foreach
Loading required package: iterators
Loading required package: parallel

Attaching package: ‘mice’

The following object is masked from ‘package:stats’:

    filter

The following objects are masked from ‘package:base’:

    cbind, rbind

Loading required package: colorspace
Loading required package: grid
Registered S3 method overwritten by 'car':
  method           from
  na.action.merMod lme4
VIM is ready to use.

Suggestions and bug-reports can be submitted at: https://github.com/statistikat/VIM/issues

Attaching package: ‘VIM’

The following object is masked from ‘package:datasets’:

    sleep


Attaching package: ‘dplyr’

The following objects are masked from ‘package:stats’:

    filter, lag

The following objects are masked from ‘package:base’:

    intersect, setdiff, setequal, union


Attaching package: ‘MASS’

The following object is masked from ‘package:dplyr’:

    select

randomForest 4.7-1.2
Type rfNews() to see new features/changes/bug fixes.

Attaching package: ‘randomForest’

The following object is masked from ‘package:dplyr’:

    combine

The following object is masked from ‘package:ggplot2’:

    margin

Loading required package: Formula
Loading required package: plotmo
Loading required package: plotrix
Loading required package: Matrix
Loaded glmnet 5.0
Loading required package: nnls
Loading required package: gam
Loading required package: splines
Loaded gam 1.22-7

Super Learner
Version: 2.0-40
Package created on 2025-12-14

Loading required package: nlme

Attaching package: ‘nlme’

The following object is masked from ‘package:dplyr’:

    collapse

This is mgcv 1.9-4. For overview type '?mgcv'.

Attaching package: ‘mgcv’

The following objects are masked from ‘package:gam’:

    gam, gam.control, gam.fit, s

Loaded gbm 2.3.1
This version of gbm is no longer under development. Consider transitioning to gbm3, https://github.com/gbm-developers/gbm3
Loading required package: mvtnorm
Loading required package: modeltools
Loading required package: stats4
Loading required package: strucchange
Loading required package: zoo

Attaching package: ‘zoo’

The following objects are masked from ‘package:base’:

    as.Date, as.Date.numeric

Loading required package: sandwich

Attaching package: ‘strucchange’

The following object is masked from ‘package:stringr’:

    boundary


Attaching package: ‘party’

The following object is masked from ‘package:dplyr’:

    where

Loading required package: lme4

Attaching package: ‘lme4’

The following object is masked from ‘package:modeltools’:

    refit

The following object is masked from ‘package:nlme’:

    lmList

The following object is masked from ‘package:mice’:

    toenail


arm (Version 1.15-3, built: 2026-4-15)

Working directory is /Users/petelin/Desktop/test/GRB_app


Attaching package: ‘arm’

The following object is masked from ‘package:mvtnorm’:

    standardize

The following object is masked from ‘package:plotrix’:

    rescale


Attaching package: ‘dgof’

The following object is masked from ‘package:stats’:

    ks.test

Loading required package: SuppDists

Attaching package: ‘latticeExtra’

The following object is masked from ‘package:ggplot2’:

    layer

Loading required package: bigmemory
Loading required package: ncvreg

Attaching package: ‘ncvreg’

The following object is masked from ‘package:nlme’:

    intervals


Attaching package: ‘e1071’

The following object is masked from ‘package:ggplot2’:

    element

[1] "not running locally"
Column names found:
 [1] "GRB"                 "Redshift_crosscheck" "log10T90"           
 [4] "log10Fa"             "log10Ta"             "Alpha"              
 [7] "Beta"                "Gamma"               "log10Fluence"       
[10] "PhotonIndex"         "log10NH"             "log10PeakFlux"      
[13] "T90Err"              "log10FaErr"          "log10TaErr"         
[16] "AlphaErr"            "BetaErr"             "log10FluenceErr"    
[19] "PhotonIndexErr"      "log10PeakFluxErr"    "FluenceErr"         
[22] "PeakFluxErr"        
Assertion OK: no NA in GRBPred after imputation ( 285 rows x 18 cols )
MC errors frame built for 285 rows
 [1] "050826A" "050908A" "051109B" "061021A" "070714B" "070809A" "080710A"
 [8] "080916A" "100508A" "111008A" "130702A" "130831A" "171205A" "220101A"
[15] "230328B"
Assertion OK: GRBPred has no NA/NaN/Inf ( 270 rows )
grb_errors synced for 270 rows (post upsampling/outlier removal)
The number of NAs in GRBPred is: 0 
GAM vars missing from GRBPred:  
CV repetitions (loop): 10 
Assertion OK: SuperLearner inputs valid; 216 rows, 20 predictors
Parallelizing 10 CV repetition(s) across 10 core(s)
[rep 1] starting
[rep 2] starting
[rep 3] starting
[rep 4] starting
[rep 5] starting
[rep 1] Iteration 1 out of 10
[rep 2] Iteration 1 out of 10
[rep 6] starting
[rep 3] Iteration 1 out of 10
[rep 7] starting
[rep 4] Iteration 1 out of 10
[rep 6] Iteration 1 out of 10
[rep 5] Iteration 1 out of 10
[rep 8] starting
[rep 9] starting
[rep 7] Iteration 1 out of 10
[rep 10] starting
[rep 8] Iteration 1 out of 10
[rep 9] Iteration 1 out of 10
[rep 10] Iteration 1 out of 10
[rep 5] Iteration 2 out of 10
[rep 2] Iteration 2 out of 10
[rep 7] Iteration 2 out of 10
[rep 4] Iteration 2 out of 10
[rep 9] Iteration 2 out of 10
[rep 10] Iteration 2 out of 10
[rep 3] Iteration 2 out of 10
[rep 1] Iteration 2 out of 10
[rep 8] Iteration 2 out of 10
[rep 6] Iteration 2 out of 10
[rep 9] Iteration 3 out of 10
[rep 4] Iteration 3 out of 10
[rep 5] Iteration 3 out of 10
[rep 10] Iteration 3 out of 10
[rep 3] Iteration 3 out of 10
[rep 2] Iteration 3 out of 10
[rep 8] Iteration 3 out of 10
[rep 1] Iteration 3 out of 10
[rep 6] Iteration 3 out of 10
[rep 7] Iteration 3 out of 10
[rep 4] Iteration 4 out of 10
[rep 5] Iteration 4 out of 10
[rep 2] Iteration 4 out of 10
[rep 10] Iteration 4 out of 10
[rep 3] Iteration 4 out of 10
[rep 9] Iteration 4 out of 10
[rep 6] Iteration 4 out of 10
[rep 7] Iteration 4 out of 10
[rep 1] Iteration 4 out of 10
[rep 8] Iteration 4 out of 10
[rep 4] Iteration 5 out of 10
[rep 10] Iteration 5 out of 10
[rep 3] Iteration 5 out of 10
[rep 9] Iteration 5 out of 10
[rep 5] Iteration 5 out of 10
[rep 7] Iteration 5 out of 10
[rep 1] Iteration 5 out of 10
[rep 6] Iteration 5 out of 10
[rep 8] Iteration 5 out of 10
[rep 2] Iteration 5 out of 10
[rep 3] Iteration 6 out of 10
[rep 4] Iteration 6 out of 10
[rep 5] Iteration 6 out of 10
[rep 1] Iteration 6 out of 10
[rep 7] Iteration 6 out of 10
[rep 6] Iteration 6 out of 10
[rep 9] Iteration 6 out of 10
[rep 10] Iteration 6 out of 10
[rep 8] Iteration 6 out of 10
[rep 2] Iteration 6 out of 10
[rep 3] Iteration 7 out of 10
[rep 1] Iteration 7 out of 10
[rep 5] Iteration 7 out of 10
[rep 7] Iteration 7 out of 10
[rep 4] Iteration 7 out of 10
[rep 9] Iteration 7 out of 10
[rep 10] Iteration 7 out of 10
[rep 8] Iteration 7 out of 10
[rep 6] Iteration 7 out of 10
[rep 2] Iteration 7 out of 10
[rep 3] Iteration 8 out of 10
[rep 5] Iteration 8 out of 10
[rep 4] Iteration 8 out of 10
[rep 1] Iteration 8 out of 10
[rep 8] Iteration 8 out of 10
[rep 7] Iteration 8 out of 10
[rep 10] Iteration 8 out of 10
[rep 6] Iteration 8 out of 10
[rep 2] Iteration 8 out of 10
[rep 9] Iteration 8 out of 10
[rep 3] Iteration 9 out of 10
[rep 1] Iteration 9 out of 10
[rep 5] Iteration 9 out of 10
[rep 8] Iteration 9 out of 10
[rep 10] Iteration 9 out of 10
[rep 7] Iteration 9 out of 10
[rep 6] Iteration 9 out of 10
[rep 2] Iteration 9 out of 10
[rep 9] Iteration 9 out of 10
[rep 4] Iteration 9 out of 10
[rep 3] Iteration 10 out of 10
[rep 1] Iteration 10 out of 10
[rep 5] Iteration 10 out of 10
[rep 10] Iteration 10 out of 10
[rep 7] Iteration 10 out of 10
[rep 2] Iteration 10 out of 10
[rep 9] Iteration 10 out of 10
[rep 6] Iteration 10 out of 10
[rep 8] Iteration 10 out of 10
[rep 4] Iteration 10 out of 10
Flattening MC samples across 10 repetitions...
MC matrix: 216 rows x 1000 samples
MC coverage: 22.7% of rows have truth inside 95% MC interval
MC metrics [all   ] log10(z+1): n=216 r=0.595 RMSE=0.143 | z: r=0.560 RMSE=1.069
MC metrics [inside] log10(z+1): n=49 r=0.917 RMSE=0.050 | z: r=0.922 RMSE=0.351
Wrote OutputFiles/mc_predictions.csv and OutputFiles/mc_raw.rds
Wrote MC plots to runs/emcee_t90real_new_formula_5pct//Plot_Output/ 
null device 
          1 
  [1] "000926A" "011211A" "050315A" "050318A" "050319A" "050401A" "050416A"
  [8] "050502A" "050502B" "050505A" "050525A" "050603A" "050730A" "050801A"
 [15] "050802A" "050820A" "050824A" "050904A" "051016B" "051028A" "051111A"
 [22] "060115A" "060124A" "060206A" "060210A" "060223A" "060306A" "060418A"
 [29] "060510B" "060512A" "060526A" "060604A" "060605A" "060707A" "060708A"
 [36] "060714A" "060729A" "060814A" "060906A" "060908A" "060912A" "060926A"
 [43] "060927A" "061007A" "061121A" "061126A" "070110A" "070125A" "070208A"
 [50] "070223A" "070306A" "070411A" "070508A" "070521A" "070529A" "070721B"
 [57] "070802A" "070810A" "071003A" "071010A" "071020A" "071025A" "071112C"
 [64] "071117A" "080310A" "080319B" "080319C" "080330A" "080411A" "080413B"
 [71] "080516A" "080603A" "080603B" "080607A" "080905B" "080928A" "081008A"
 [78] "081028A" "081029A" "081203A" "081221A" "081228A" "090102A" "090205A"
 [85] "090313A" "090418A" "090424A" "090516A" "090519A" "090529A" "090726A"
 [92] "090809A" "090812A" "091018A" "091020A" "091029A" "091109A" "091127A"
 [99] "091208B" "100316B" "100418A" "100425A" "100513A" "100704A" "100814A"
[106] "100816A" "100901A" "110205A" "110213A" "110422A" "110503A" "110715A"
[113] "110731A" "110808A" "110818A" "111123A" "111209A" "111228A" "120119A"
[120] "120327A" "120711A" "120729A" "120802A" "120815A" "120907A" "120922A"
[127] "121027A" "121217A" "130215A" "130408A" "130418A" "130420A" "130427A"
[134] "130511A" "130514A" "130604A" "131030A" "140206A" "140213A" "140419A"
[141] "140423A" "140430A" "140506A" "140509A" "140512A" "140518A" "140614A"
[148] "140629A" "140801A" "140907A" "141004A" "141121A" "141220A" "141221A"
[155] "150120B" "150323A" "150403A" "150821A" "150910A" "151021A" "151027A"
[162] "151215A" "160117B" "160121A" "160131A" "160203A" "160227A" "160314A"
[169] "160327A" "160804A" "161117A" "161219B" "170113A" "170202A" "170405A"
[176] "170531B" "180115A" "180205A" "180325A" "180329B" "180620B" "180624A"
[183] "180720B" "180728A" "181010A" "181020A" "181201A" "190114A" "190719C"
[190] "190829A" "191011A" "200205B" "200613A" "201014A" "201015A" "201020A"
[197] "201104B" "210204A" "210210A" "210411C" "210517A" "210610B" "210619B"
[204] "210722A" "220117A" "230116D" "230506C" "230818A" "231210B"
[1] "_with_catOutl_correlation_plot"
Scale for x is already present.
Adding another scale for x, which will replace the existing scale.
Scale for y is already present.
Adding another scale for y, which will replace the existing scale.
Ignoring unknown labels:
• colour : ""
Ignoring unknown labels:
• colour : ""
[1] "_with_catOutl_correlation_plot"
Scale for x is already present.
Adding another scale for x, which will replace the existing scale.
Scale for y is already present.
Adding another scale for y, which will replace the existing scale.
Warning messages:
1: The `size` argument of `element_rect()` is deprecated as of ggplot2 3.4.0.
ℹ Please use the `linewidth` argument instead. 
2: In fortify(data, ...) : Arguments in `...` must be used.
✖ Problematic argument:
• col = "black"
ℹ Did you misspell an argument name?
3: The `size` argument of `element_line()` is deprecated as of ggplot2 3.4.0.
ℹ Please use the `linewidth` argument instead. 
4: In fortify(data, ...) : Arguments in `...` must be used.
✖ Problematic argument:
• col = "black"
ℹ Did you misspell an argument name?
+ Fold01: mtry=6 
- Fold01: mtry=6 
+ Fold02: mtry=6 
- Fold02: mtry=6 
+ Fold03: mtry=6 
- Fold03: mtry=6 
+ Fold04: mtry=6 
- Fold04: mtry=6 
+ Fold05: mtry=6 
- Fold05: mtry=6 
+ Fold06: mtry=6 
- Fold06: mtry=6 
+ Fold07: mtry=6 
- Fold07: mtry=6 
+ Fold08: mtry=6 
- Fold08: mtry=6 
+ Fold09: mtry=6 
- Fold09: mtry=6 
+ Fold10: mtry=6 
- Fold10: mtry=6 
Aggregating results
Fitting final model on full training set
+ Fold01: cp=0.05481 
- Fold01: cp=0.05481 
+ Fold02: cp=0.05481 
- Fold02: cp=0.05481 
+ Fold03: cp=0.05481 
- Fold03: cp=0.05481 
+ Fold04: cp=0.05481 
- Fold04: cp=0.05481 
+ Fold05: cp=0.05481 
- Fold05: cp=0.05481 
+ Fold06: cp=0.05481 
- Fold06: cp=0.05481 
+ Fold07: cp=0.05481 
- Fold07: cp=0.05481 
+ Fold08: cp=0.05481 
- Fold08: cp=0.05481 
+ Fold09: cp=0.05481 
- Fold09: cp=0.05481 
+ Fold10: cp=0.05481 
- Fold10: cp=0.05481 
Aggregating results
Selecting tuning parameters
Fitting cp = 0.0548 on full training set
+ Fold01: mtry=6 
- Fold01: mtry=6 
+ Fold02: mtry=6 
- Fold02: mtry=6 
+ Fold03: mtry=6 
- Fold03: mtry=6 
+ Fold04: mtry=6 
- Fold04: mtry=6 
+ Fold05: mtry=6 
- Fold05: mtry=6 
+ Fold06: mtry=6 
- Fold06: mtry=6 
+ Fold07: mtry=6 
- Fold07: mtry=6 
+ Fold08: mtry=6 
- Fold08: mtry=6 
+ Fold09: mtry=6 
- Fold09: mtry=6 
+ Fold10: mtry=6 
- Fold10: mtry=6 
Aggregating results
Fitting final model on full training set
+ Fold01: cp=0.04219 
- Fold01: cp=0.04219 
+ Fold02: cp=0.04219 
- Fold02: cp=0.04219 
+ Fold03: cp=0.04219 
- Fold03: cp=0.04219 
+ Fold04: cp=0.04219 
- Fold04: cp=0.04219 
+ Fold05: cp=0.04219 
- Fold05: cp=0.04219 
+ Fold06: cp=0.04219 
- Fold06: cp=0.04219 
+ Fold07: cp=0.04219 
- Fold07: cp=0.04219 
+ Fold08: cp=0.04219 
- Fold08: cp=0.04219 
+ Fold09: cp=0.04219 
- Fold09: cp=0.04219 
+ Fold10: cp=0.04219 
- Fold10: cp=0.04219 
Aggregating results
Selecting tuning parameters
Fitting cp = 0.0422 on full training set
+ Fold01: mtry=6 
- Fold01: mtry=6 
+ Fold02: mtry=6 
- Fold02: mtry=6 
+ Fold03: mtry=6 
- Fold03: mtry=6 
+ Fold04: mtry=6 
- Fold04: mtry=6 
+ Fold05: mtry=6 
- Fold05: mtry=6 
+ Fold06: mtry=6 
- Fold06: mtry=6 
+ Fold07: mtry=6 
- Fold07: mtry=6 
+ Fold08: mtry=6 
- Fold08: mtry=6 
+ Fold09: mtry=6 
- Fold09: mtry=6 
+ Fold10: mtry=6 
- Fold10: mtry=6 
Aggregating results
Fitting final model on full training set
+ Fold01: cp=0.04281 
- Fold01: cp=0.04281 
+ Fold02: cp=0.04281 
- Fold02: cp=0.04281 
+ Fold03: cp=0.04281 
- Fold03: cp=0.04281 
+ Fold04: cp=0.04281 
- Fold04: cp=0.04281 
+ Fold05: cp=0.04281 
- Fold05: cp=0.04281 
+ Fold06: cp=0.04281 
- Fold06: cp=0.04281 
+ Fold07: cp=0.04281 
- Fold07: cp=0.04281 
+ Fold08: cp=0.04281 
- Fold08: cp=0.04281 
+ Fold09: cp=0.04281 
- Fold09: cp=0.04281 
+ Fold10: cp=0.04281 
- Fold10: cp=0.04281 
Aggregating results
Selecting tuning parameters
Fitting cp = 0.0668 on full training set
+ Fold01: mtry=6 
- Fold01: mtry=6 
+ Fold02: mtry=6 
- Fold02: mtry=6 
+ Fold03: mtry=6 
- Fold03: mtry=6 
+ Fold04: mtry=6 
- Fold04: mtry=6 
+ Fold05: mtry=6 
- Fold05: mtry=6 
+ Fold06: mtry=6 
- Fold06: mtry=6 
+ Fold07: mtry=6 
- Fold07: mtry=6 
+ Fold08: mtry=6 
- Fold08: mtry=6 
+ Fold09: mtry=6 
- Fold09: mtry=6 
+ Fold10: mtry=6 
- Fold10: mtry=6 
Aggregating results
Fitting final model on full training set
+ Fold01: cp=0.07308 
- Fold01: cp=0.07308 
+ Fold02: cp=0.07308 
- Fold02: cp=0.07308 
+ Fold03: cp=0.07308 
- Fold03: cp=0.07308 
+ Fold04: cp=0.07308 
- Fold04: cp=0.07308 
+ Fold05: cp=0.07308 
- Fold05: cp=0.07308 
+ Fold06: cp=0.07308 
- Fold06: cp=0.07308 
+ Fold07: cp=0.07308 
- Fold07: cp=0.07308 
+ Fold08: cp=0.07308 
- Fold08: cp=0.07308 
+ Fold09: cp=0.07308 
- Fold09: cp=0.07308 
+ Fold10: cp=0.07308 
- Fold10: cp=0.07308 
Aggregating results
Selecting tuning parameters
Fitting cp = 0.0731 on full training set
+ Fold01: mtry=6 
- Fold01: mtry=6 
+ Fold02: mtry=6 
- Fold02: mtry=6 
+ Fold03: mtry=6 
- Fold03: mtry=6 
+ Fold04: mtry=6 
- Fold04: mtry=6 
+ Fold05: mtry=6 
- Fold05: mtry=6 
+ Fold06: mtry=6 
- Fold06: mtry=6 
+ Fold07: mtry=6 
- Fold07: mtry=6 
+ Fold08: mtry=6 
- Fold08: mtry=6 
+ Fold09: mtry=6 
- Fold09: mtry=6 
+ Fold10: mtry=6 
- Fold10: mtry=6 
Aggregating results
Fitting final model on full training set
+ Fold01: cp=0.05335 
- Fold01: cp=0.05335 
+ Fold02: cp=0.05335 
- Fold02: cp=0.05335 
+ Fold03: cp=0.05335 
- Fold03: cp=0.05335 
+ Fold04: cp=0.05335 
- Fold04: cp=0.05335 
+ Fold05: cp=0.05335 
- Fold05: cp=0.05335 
+ Fold06: cp=0.05335 
- Fold06: cp=0.05335 
+ Fold07: cp=0.05335 
- Fold07: cp=0.05335 
+ Fold08: cp=0.05335 
- Fold08: cp=0.05335 
+ Fold09: cp=0.05335 
- Fold09: cp=0.05335 
+ Fold10: cp=0.05335 
- Fold10: cp=0.05335 
Aggregating results
Selecting tuning parameters
Fitting cp = 0.0782 on full training set
+ Fold01: mtry=6 
- Fold01: mtry=6 
+ Fold02: mtry=6 
- Fold02: mtry=6 
+ Fold03: mtry=6 
- Fold03: mtry=6 
+ Fold04: mtry=6 
- Fold04: mtry=6 
+ Fold05: mtry=6 
- Fold05: mtry=6 
+ Fold06: mtry=6 
- Fold06: mtry=6 
+ Fold07: mtry=6 
- Fold07: mtry=6 
+ Fold08: mtry=6 
- Fold08: mtry=6 
+ Fold09: mtry=6 
- Fold09: mtry=6 
+ Fold10: mtry=6 
- Fold10: mtry=6 
Aggregating results
Fitting final model on full training set
+ Fold01: cp=0.05819 
- Fold01: cp=0.05819 
+ Fold02: cp=0.05819 
- Fold02: cp=0.05819 
+ Fold03: cp=0.05819 
- Fold03: cp=0.05819 
+ Fold04: cp=0.05819 
- Fold04: cp=0.05819 
+ Fold05: cp=0.05819 
- Fold05: cp=0.05819 
+ Fold06: cp=0.05819 
- Fold06: cp=0.05819 
+ Fold07: cp=0.05819 
- Fold07: cp=0.05819 
+ Fold08: cp=0.05819 
- Fold08: cp=0.05819 
+ Fold09: cp=0.05819 
- Fold09: cp=0.05819 
+ Fold10: cp=0.05819 
- Fold10: cp=0.05819 
Aggregating results
Selecting tuning parameters
Fitting cp = 0.0582 on full training set
Warning messages:
1: In nominalTrainWorkflow(x = x, y = y, wts = weights, info = trainInfo,  :
  There were missing values in resampled performance measures.
2: In nominalTrainWorkflow(x = x, y = y, wts = weights, info = trainInfo,  :
  There were missing values in resampled performance measures.
3: In nominalTrainWorkflow(x = x, y = y, wts = weights, info = trainInfo,  :
  There were missing values in resampled performance measures.
4: In nominalTrainWorkflow(x = x, y = y, wts = weights, info = trainInfo,  :
  There were missing values in resampled performance measures.
5: In nominalTrainWorkflow(x = x, y = y, wts = weights, info = trainInfo,  :
  There were missing values in resampled performance measures.
6: In nominalTrainWorkflow(x = x, y = y, wts = weights, info = trainInfo,  :
  There were missing values in resampled performance measures.
  [1] "000926A" "011211A" "050315A" "050318A" "050319A" "050401A" "050416A"
  [8] "050502A" "050502B" "050505A" "050525A" "050603A" "050730A" "050801A"
 [15] "050802A" "050820A" "050824A" "050904A" "051016B" "051028A" "051111A"
 [22] "060115A" "060124A" "060206A" "060210A" "060223A" "060306A" "060418A"
 [29] "060510B" "060526A" "060604A" "060605A" "060707A" "060708A" "060714A"
 [36] "060729A" "060814A" "060906A" "060908A" "060912A" "060926A" "060927A"
 [43] "061007A" "061121A" "061126A" "070110A" "070125A" "070208A" "070223A"
 [50] "070306A" "070411A" "070508A" "070521A" "070529A" "070721B" "070802A"
 [57] "070810A" "071003A" "071010A" "071020A" "071025A" "071112C" "071117A"
 [64] "080310A" "080319B" "080319C" "080330A" "080411A" "080413B" "080516A"
 [71] "080603A" "080603B" "080607A" "080905B" "080928A" "081008A" "081028A"
 [78] "081029A" "081203A" "081221A" "081228A" "090102A" "090205A" "090313A"
 [85] "090418A" "090424A" "090516A" "090519A" "090529A" "090726A" "090809A"
 [92] "090812A" "091018A" "091020A" "091029A" "091109A" "091127A" "091208B"
 [99] "100316B" "100418A" "100425A" "100513A" "100704A" "100814A" "100816A"
[106] "100901A" "110205A" "110213A" "110422A" "110503A" "110715A" "110731A"
[113] "110808A" "110818A" "111123A" "111209A" "111228A" "120119A" "120327A"
[120] "120711A" "120802A" "120815A" "120907A" "120922A" "121027A" "121217A"
[127] "130215A" "130408A" "130418A" "130420A" "130427A" "130511A" "130514A"
[134] "130604A" "131030A" "140206A" "140213A" "140419A" "140423A" "140430A"
[141] "140506A" "140509A" "140512A" "140518A" "140629A" "140801A" "140907A"
[148] "141004A" "141121A" "141220A" "141221A" "150120B" "150403A" "150821A"
[155] "150910A" "151021A" "151027A" "151215A" "160117B" "160121A" "160131A"
[162] "160203A" "160227A" "160314A" "160327A" "160804A" "161117A" "161219B"
[169] "170113A" "170202A" "170405A" "170531B" "180115A" "180205A" "180325A"
[176] "180329B" "180620B" "180624A" "180720B" "180728A" "181010A" "181020A"
[183] "181201A" "190114A" "190719C" "190829A" "191011A" "200205B" "200613A"
[190] "201015A" "201020A" "201104B" "210204A" "210210A" "210411C" "210517A"
[197] "210610B" "210722A" "220117A" "230116D" "230506C" "230818A" "231210B"
[1] "_without_catOutl_correlation_plot"
Scale for x is already present.
Adding another scale for x, which will replace the existing scale.
Scale for y is already present.
Adding another scale for y, which will replace the existing scale.
Ignoring unknown labels:
• colour : ""
Ignoring unknown labels:
• colour : ""
[1] "_without_catOutl_correlation_plot"
Scale for x is already present.
Adding another scale for x, which will replace the existing scale.
Scale for y is already present.
Adding another scale for y, which will replace the existing scale.
Warning messages:
1: In fortify(data, ...) : Arguments in `...` must be used.
✖ Problematic argument:
• col = "black"
ℹ Did you misspell an argument name?
2: In fortify(data, ...) : Arguments in `...` must be used.
✖ Problematic argument:
• col = "black"
ℹ Did you misspell an argument name?
