Loading required package: foreach
Loading required package: iterators
Loading required package: parallel

Attaching package: ‘mice’

The following object is masked from ‘package:stats’:

    filter

The following objects are masked from ‘package:base’:

    cbind, rbind

Loading required package: colorspace
Loading required package: grid
VIM is ready to use.

Suggestions and bug-reports can be submitted at: https://github.com/statistikat/VIM/issues

Attaching package: ‘VIM’

The following object is masked from ‘package:datasets’:

    sleep


Attaching package: ‘dplyr’

The following objects are masked from ‘package:stats’:

    filter, lag

The following objects are masked from ‘package:base’:

    intersect, setdiff, setequal, union


Attaching package: ‘MASS’

The following object is masked from ‘package:dplyr’:

    select

randomForest 4.7-1.2
Type rfNews() to see new features/changes/bug fixes.

Attaching package: ‘randomForest’

The following object is masked from ‘package:dplyr’:

    combine

The following object is masked from ‘package:ggplot2’:

    margin

Loading required package: Formula
Loading required package: plotmo
Loading required package: plotrix
Loading required package: Matrix
Loaded glmnet 4.1-10
Loading required package: nnls
Loading required package: gam
Loading required package: splines
Loaded gam 1.22-6

Super Learner
Version: 2.0-29
Package created on 2024-02-06

Loading required package: nlme

Attaching package: ‘nlme’

The following object is masked from ‘package:dplyr’:

    collapse

This is mgcv 1.9-3. For overview type 'help("mgcv-package")'.

Attaching package: ‘mgcv’

The following objects are masked from ‘package:gam’:

    gam, gam.control, gam.fit, s

Loaded gbm 2.2.2
This version of gbm is no longer under development. Consider transitioning to gbm3, https://github.com/gbm-developers/gbm3
Loading required package: mvtnorm
Loading required package: modeltools
Loading required package: stats4
Loading required package: strucchange
Loading required package: zoo

Attaching package: ‘zoo’

The following objects are masked from ‘package:base’:

    as.Date, as.Date.numeric

Loading required package: sandwich

Attaching package: ‘strucchange’

The following object is masked from ‘package:stringr’:

    boundary


Attaching package: ‘party’

The following object is masked from ‘package:dplyr’:

    where

Loading required package: lme4

Attaching package: ‘lme4’

The following object is masked from ‘package:modeltools’:

    refit

The following object is masked from ‘package:nlme’:

    lmList


arm (Version 1.14-4, built: 2024-4-1)

Working directory is /Users/peterlin/Desktop/test/GRB_app


Attaching package: ‘arm’

The following object is masked from ‘package:mvtnorm’:

    standardize

The following object is masked from ‘package:plotrix’:

    rescale


Attaching package: ‘dgof’

The following object is masked from ‘package:stats’:

    ks.test

Loading required package: SuppDists

Attaching package: ‘latticeExtra’

The following object is masked from ‘package:ggplot2’:

    layer

Loading required package: bigmemory
Loading required package: ncvreg

Attaching package: ‘e1071’

The following object is masked from ‘package:ggplot2’:

    element

[1] "not running locally"
Column names found:
 [1] "GRB"                 "Redshift_crosscheck" "log10T90"           
 [4] "log10Fa"             "log10Ta"             "Alpha"              
 [7] "Beta"                "Gamma"               "log10Fluence"       
[10] "PhotonIndex"         "log10NH"             "log10PeakFlux"      
[13] "T90Err"              "log10FaErr"          "log10TaErr"         
[16] "AlphaErr"            "BetaErr"             "FluenceErr"         
[19] "PhotonIndexErr"      "PeakFluxErr"        
Assertion OK: no NA in GRBPred after imputation ( 307 rows x 18 cols )
MC errors frame built for 307 rows
 [1] "050826A" "051109B" "060218A" "060614A" "061110A" "080913A" "100316D"
 [8] "101225A" "111008A" "130427A" "151112A" "171205A" "181201A" "201014A"
[15] "220521A" "230328B"
Assertion OK: GRBPred has no NA/NaN/Inf ( 291 rows )
The number of NAs in GRBPred is: 0 
GAM vars missing from GRBPred:  
CV repetitions (loop): 10 
Assertion OK: SuperLearner inputs valid; 233 rows, 20 predictors
Parallelizing 10 CV repetition(s) across 8 core(s)
[rep 1] starting
[rep 2] starting
[rep 3] starting
[rep 4] starting
[rep 5] starting
[rep 1] Iteration 1 out of 10
[rep 6] starting
[rep 7] starting
[rep 2] Iteration 1 out of 10
[rep 8] starting
[rep 3] Iteration 1 out of 10
[rep 4] Iteration 1 out of 10
[rep 6] Iteration 1 out of 10
[rep 5] Iteration 1 out of 10
[rep 8] Iteration 1 out of 10
[rep 7] Iteration 1 out of 10
[rep 1] Iteration 2 out of 10
[rep 8] Iteration 2 out of 10
[rep 7] Iteration 2 out of 10
[rep 6] Iteration 2 out of 10
[rep 3] Iteration 2 out of 10
[rep 5] Iteration 2 out of 10
[rep 4] Iteration 2 out of 10
[rep 2] Iteration 2 out of 10
[rep 8] Iteration 3 out of 10
[rep 1] Iteration 3 out of 10
[rep 3] Iteration 3 out of 10
[rep 5] Iteration 3 out of 10
[rep 7] Iteration 3 out of 10
[rep 6] Iteration 3 out of 10
[rep 2] Iteration 3 out of 10
[rep 4] Iteration 3 out of 10
[rep 1] Iteration 4 out of 10
[rep 3] Iteration 4 out of 10
[rep 8] Iteration 4 out of 10
[rep 5] Iteration 4 out of 10
[rep 2] Iteration 4 out of 10
[rep 7] Iteration 4 out of 10
[rep 4] Iteration 4 out of 10
[rep 6] Iteration 4 out of 10
[rep 1] Iteration 5 out of 10
[rep 8] Iteration 5 out of 10
[rep 3] Iteration 5 out of 10
[rep 2] Iteration 5 out of 10
[rep 5] Iteration 5 out of 10
[rep 7] Iteration 5 out of 10
[rep 4] Iteration 5 out of 10
[rep 6] Iteration 5 out of 10
[rep 8] Iteration 6 out of 10
[rep 3] Iteration 6 out of 10
[rep 6] Iteration 6 out of 10
[rep 2] Iteration 6 out of 10
[rep 1] Iteration 6 out of 10
[rep 5] Iteration 6 out of 10
[rep 4] Iteration 6 out of 10
[rep 7] Iteration 6 out of 10
[rep 3] Iteration 7 out of 10
[rep 2] Iteration 7 out of 10
[rep 8] Iteration 7 out of 10
[rep 6] Iteration 7 out of 10
[rep 1] Iteration 7 out of 10
[rep 7] Iteration 7 out of 10
[rep 4] Iteration 7 out of 10
[rep 5] Iteration 7 out of 10
[rep 8] Iteration 8 out of 10
[rep 2] Iteration 8 out of 10
[rep 3] Iteration 8 out of 10
[rep 6] Iteration 8 out of 10
[rep 7] Iteration 8 out of 10
[rep 1] Iteration 8 out of 10
[rep 4] Iteration 8 out of 10
[rep 5] Iteration 8 out of 10
[rep 8] Iteration 9 out of 10
[rep 2] Iteration 9 out of 10
[rep 3] Iteration 9 out of 10
[rep 6] Iteration 9 out of 10
[rep 7] Iteration 9 out of 10
[rep 4] Iteration 9 out of 10
[rep 1] Iteration 9 out of 10
[rep 5] Iteration 9 out of 10
[rep 8] Iteration 10 out of 10
[rep 2] Iteration 10 out of 10
[rep 6] Iteration 10 out of 10
[rep 7] Iteration 10 out of 10
[rep 3] Iteration 10 out of 10
[rep 1] Iteration 10 out of 10
[rep 5] Iteration 10 out of 10
[rep 4] Iteration 10 out of 10
[rep 10] starting
[rep 10] Iteration 1 out of 10
[rep 9] starting
[rep 9] Iteration 1 out of 10
[rep 10] Iteration 2 out of 10
[rep 9] Iteration 2 out of 10
[rep 10] Iteration 3 out of 10
[rep 9] Iteration 3 out of 10
[rep 10] Iteration 4 out of 10
[rep 9] Iteration 4 out of 10
[rep 10] Iteration 5 out of 10
[rep 9] Iteration 5 out of 10
[rep 10] Iteration 6 out of 10
[rep 9] Iteration 6 out of 10
[rep 10] Iteration 7 out of 10
[rep 9] Iteration 7 out of 10
[rep 10] Iteration 8 out of 10
[rep 9] Iteration 8 out of 10
[rep 10] Iteration 9 out of 10
[rep 9] Iteration 9 out of 10
[rep 10] Iteration 10 out of 10
[rep 9] Iteration 10 out of 10
Flattening MC samples across 10 repetitions...
MC matrix: 233 rows x 1000 samples
MC coverage: 25.8% of rows have truth inside 95% MC interval
MC metrics [all   ] log10(z+1): n=233 r=0.558 RMSE=0.146 | z: r=0.045 RMSE=224820941694.399
MC metrics [inside] log10(z+1): n=60 r=0.852 RMSE=0.060 | z: r=0.168 RMSE=443036082185.094
Wrote OutputFiles/mc_predictions.csv and OutputFiles/mc_raw.rds
Wrote MC plots to runs/errcut_relative/Plot_Output/ 
null device 
          1 
  [1] "000926A" "011211A" "050315A" "050318A" "050401A" "050416A" "050502A"
  [8] "050502B" "050505A" "050525A" "050801A" "050802A" "050820A" "050824A"
 [15] "050904A" "050922C" "051016B" "051028A" "051109A" "051111A" "060115A"
 [22] "060124A" "060206A" "060223A" "060418A" "060502A" "060510B" "060604A"
 [29] "060605A" "060607A" "060707A" "060708A" "060714A" "060729A" "060814A"
 [36] "060906A" "060908A" "060912A" "060926A" "060927A" "061007A" "061021A"
 [43] "061121A" "061126A" "061222A" "070110A" "070125A" "070208A" "070223A"
 [50] "070306A" "070411A" "070508A" "070521A" "070529A" "070721B" "070802A"
 [57] "071010A" "071020A" "071025A" "071112C" "071117A" "080310A" "080319B"
 [64] "080319C" "080330A" "080411A" "080413B" "080430A" "080516A" "080603B"
 [71] "080607A" "080710A" "080721A" "080810A" "080905B" "080916A" "080928A"
 [78] "081007A" "081008A" "081028A" "081109A" "081221A" "081228A" "081230A"
 [85] "090102A" "090205A" "090423A" "090424A" "090516A" "090529A" "090530A"
 [92] "090618A" "090809A" "090812A" "090927A" "091020A" "091024A" "091029A"
 [99] "091109A" "091127A" "100219A" "100418A" "100425A" "100508A" "100513A"
[106] "100621A" "100728A" "100816A" "100901A" "100906A" "101219B" "110106B"
[113] "110205A" "110213A" "110503A" "110715A" "110726A" "110731A" "110801A"
[120] "110808A" "111107A" "111123A" "111209A" "120119A" "120327A" "120404A"
[127] "120711A" "120729A" "120811C" "120815A" "120907A" "120922A" "121024A"
[134] "121027A" "121128A" "121211A" "121217A" "130408A" "130420A" "130505A"
[141] "130511A" "130514A" "130604A" "130831A" "131030A" "131105A" "131117A"
[148] "140206A" "140213A" "140419A" "140423A" "140430A" "140506A" "140509A"
[155] "140518A" "140614A" "140629A" "140801A" "140907A" "141004A" "141121A"
[162] "141220A" "141221A" "150120B" "150314A" "150323A" "150403A" "150821A"
[169] "151021A" "151027A" "151031A" "151215A" "160117B" "160121A" "160227A"
[176] "160314A" "160327A" "160425A" "161014A" "161108A" "161117A" "161129A"
[183] "161219B" "170113A" "170519A" "170531B" "170607A" "170705A" "170714A"
[190] "170903A" "171222A" "180115A" "180325A" "180329B" "180404A" "180620B"
[197] "180624A" "180720B" "180728A" "181010A" "181110A" "190106A" "190114A"
[204] "191011A" "200613A" "200829A" "201015A" "201020A" "201021C" "201104B"
[211] "210204A" "210210A" "210222B" "210411C" "210517A" "210722A" "210731A"
[218] "210822A" "211024B" "220611A" "230116D" "230325A" "230818A" "231210B"
[1] "_with_catOutl_correlation_plot"
Scale for x is already present.
Adding another scale for x, which will replace the existing scale.
Scale for y is already present.
Adding another scale for y, which will replace the existing scale.
Ignoring unknown labels:
• colour : ""
Ignoring unknown labels:
• colour : ""
[1] "_with_catOutl_correlation_plot"
Scale for x is already present.
Adding another scale for x, which will replace the existing scale.
Scale for y is already present.
Adding another scale for y, which will replace the existing scale.
Warning messages:
1: The `size` argument of `element_rect()` is deprecated as of ggplot2 3.4.0.
ℹ Please use the `linewidth` argument instead. 
2: In fortify(data, ...) : Arguments in `...` must be used.
✖ Problematic argument:
• col = "black"
ℹ Did you misspell an argument name?
3: The `size` argument of `element_line()` is deprecated as of ggplot2 3.4.0.
ℹ Please use the `linewidth` argument instead. 
4: In fortify(data, ...) : Arguments in `...` must be used.
✖ Problematic argument:
• col = "black"
ℹ Did you misspell an argument name?
+ Fold01: mtry=6 
- Fold01: mtry=6 
+ Fold02: mtry=6 
- Fold02: mtry=6 
+ Fold03: mtry=6 
- Fold03: mtry=6 
+ Fold04: mtry=6 
- Fold04: mtry=6 
+ Fold05: mtry=6 
- Fold05: mtry=6 
+ Fold06: mtry=6 
- Fold06: mtry=6 
+ Fold07: mtry=6 
- Fold07: mtry=6 
+ Fold08: mtry=6 
- Fold08: mtry=6 
+ Fold09: mtry=6 
- Fold09: mtry=6 
+ Fold10: mtry=6 
- Fold10: mtry=6 
Aggregating results
Fitting final model on full training set
+ Fold01: cp=0.03846 
- Fold01: cp=0.03846 
+ Fold02: cp=0.03846 
- Fold02: cp=0.03846 
+ Fold03: cp=0.03846 
- Fold03: cp=0.03846 
+ Fold04: cp=0.03846 
- Fold04: cp=0.03846 
+ Fold05: cp=0.03846 
- Fold05: cp=0.03846 
+ Fold06: cp=0.03846 
- Fold06: cp=0.03846 
+ Fold07: cp=0.03846 
- Fold07: cp=0.03846 
+ Fold08: cp=0.03846 
- Fold08: cp=0.03846 
+ Fold09: cp=0.03846 
- Fold09: cp=0.03846 
+ Fold10: cp=0.03846 
- Fold10: cp=0.03846 
Aggregating results
Selecting tuning parameters
Fitting cp = 0.0556 on full training set
+ Fold01: mtry=6 
- Fold01: mtry=6 
+ Fold02: mtry=6 
- Fold02: mtry=6 
+ Fold03: mtry=6 
- Fold03: mtry=6 
+ Fold04: mtry=6 
- Fold04: mtry=6 
+ Fold05: mtry=6 
- Fold05: mtry=6 
+ Fold06: mtry=6 
- Fold06: mtry=6 
+ Fold07: mtry=6 
- Fold07: mtry=6 
+ Fold08: mtry=6 
- Fold08: mtry=6 
+ Fold09: mtry=6 
- Fold09: mtry=6 
+ Fold10: mtry=6 
- Fold10: mtry=6 
Aggregating results
Fitting final model on full training set
+ Fold01: cp=0.05836 
- Fold01: cp=0.05836 
+ Fold02: cp=0.05836 
- Fold02: cp=0.05836 
+ Fold03: cp=0.05836 
- Fold03: cp=0.05836 
+ Fold04: cp=0.05836 
- Fold04: cp=0.05836 
+ Fold05: cp=0.05836 
- Fold05: cp=0.05836 
+ Fold06: cp=0.05836 
- Fold06: cp=0.05836 
+ Fold07: cp=0.05836 
- Fold07: cp=0.05836 
+ Fold08: cp=0.05836 
- Fold08: cp=0.05836 
+ Fold09: cp=0.05836 
- Fold09: cp=0.05836 
+ Fold10: cp=0.05836 
- Fold10: cp=0.05836 
Aggregating results
Selecting tuning parameters
Fitting cp = 0.0772 on full training set
+ Fold01: mtry=6 
- Fold01: mtry=6 
+ Fold02: mtry=6 
- Fold02: mtry=6 
+ Fold03: mtry=6 
- Fold03: mtry=6 
+ Fold04: mtry=6 
- Fold04: mtry=6 
+ Fold05: mtry=6 
- Fold05: mtry=6 
+ Fold06: mtry=6 
- Fold06: mtry=6 
+ Fold07: mtry=6 
- Fold07: mtry=6 
+ Fold08: mtry=6 
- Fold08: mtry=6 
+ Fold09: mtry=6 
- Fold09: mtry=6 
+ Fold10: mtry=6 
- Fold10: mtry=6 
Aggregating results
Fitting final model on full training set
+ Fold01: cp=0.05617 
- Fold01: cp=0.05617 
+ Fold02: cp=0.05617 
- Fold02: cp=0.05617 
+ Fold03: cp=0.05617 
- Fold03: cp=0.05617 
+ Fold04: cp=0.05617 
- Fold04: cp=0.05617 
+ Fold05: cp=0.05617 
- Fold05: cp=0.05617 
+ Fold06: cp=0.05617 
- Fold06: cp=0.05617 
+ Fold07: cp=0.05617 
- Fold07: cp=0.05617 
+ Fold08: cp=0.05617 
- Fold08: cp=0.05617 
+ Fold09: cp=0.05617 
- Fold09: cp=0.05617 
+ Fold10: cp=0.05617 
- Fold10: cp=0.05617 
Aggregating results
Selecting tuning parameters
Fitting cp = 0.0562 on full training set
+ Fold01: mtry=6 
- Fold01: mtry=6 
+ Fold02: mtry=6 
- Fold02: mtry=6 
+ Fold03: mtry=6 
- Fold03: mtry=6 
+ Fold04: mtry=6 
- Fold04: mtry=6 
+ Fold05: mtry=6 
- Fold05: mtry=6 
+ Fold06: mtry=6 
- Fold06: mtry=6 
+ Fold07: mtry=6 
- Fold07: mtry=6 
+ Fold08: mtry=6 
- Fold08: mtry=6 
+ Fold09: mtry=6 
- Fold09: mtry=6 
+ Fold10: mtry=6 
- Fold10: mtry=6 
Aggregating results
Fitting final model on full training set
+ Fold01: cp=0.06667 
- Fold01: cp=0.06667 
+ Fold02: cp=0.06667 
- Fold02: cp=0.06667 
+ Fold03: cp=0.06667 
- Fold03: cp=0.06667 
+ Fold04: cp=0.06667 
- Fold04: cp=0.06667 
+ Fold05: cp=0.06667 
- Fold05: cp=0.06667 
+ Fold06: cp=0.06667 
- Fold06: cp=0.06667 
+ Fold07: cp=0.06667 
- Fold07: cp=0.06667 
+ Fold08: cp=0.06667 
- Fold08: cp=0.06667 
+ Fold09: cp=0.06667 
- Fold09: cp=0.06667 
+ Fold10: cp=0.06667 
- Fold10: cp=0.06667 
Aggregating results
Selecting tuning parameters
Fitting cp = 0.0667 on full training set
+ Fold01: mtry=6 
- Fold01: mtry=6 
+ Fold02: mtry=6 
- Fold02: mtry=6 
+ Fold03: mtry=6 
- Fold03: mtry=6 
+ Fold04: mtry=6 
- Fold04: mtry=6 
+ Fold05: mtry=6 
- Fold05: mtry=6 
+ Fold06: mtry=6 
- Fold06: mtry=6 
+ Fold07: mtry=6 
- Fold07: mtry=6 
+ Fold08: mtry=6 
- Fold08: mtry=6 
+ Fold09: mtry=6 
- Fold09: mtry=6 
+ Fold10: mtry=6 
- Fold10: mtry=6 
Aggregating results
Fitting final model on full training set
+ Fold01: cp=0.05286 
- Fold01: cp=0.05286 
+ Fold02: cp=0.05286 
- Fold02: cp=0.05286 
+ Fold03: cp=0.05286 
- Fold03: cp=0.05286 
+ Fold04: cp=0.05286 
- Fold04: cp=0.05286 
+ Fold05: cp=0.05286 
- Fold05: cp=0.05286 
+ Fold06: cp=0.05286 
- Fold06: cp=0.05286 
+ Fold07: cp=0.05286 
- Fold07: cp=0.05286 
+ Fold08: cp=0.05286 
- Fold08: cp=0.05286 
+ Fold09: cp=0.05286 
- Fold09: cp=0.05286 
+ Fold10: cp=0.05286 
- Fold10: cp=0.05286 
Aggregating results
Selecting tuning parameters
Fitting cp = 0.0529 on full training set
+ Fold01: mtry=6 
- Fold01: mtry=6 
+ Fold02: mtry=6 
- Fold02: mtry=6 
+ Fold03: mtry=6 
- Fold03: mtry=6 
+ Fold04: mtry=6 
- Fold04: mtry=6 
+ Fold05: mtry=6 
- Fold05: mtry=6 
+ Fold06: mtry=6 
- Fold06: mtry=6 
+ Fold07: mtry=6 
- Fold07: mtry=6 
+ Fold08: mtry=6 
- Fold08: mtry=6 
+ Fold09: mtry=6 
- Fold09: mtry=6 
+ Fold10: mtry=6 
- Fold10: mtry=6 
Aggregating results
Fitting final model on full training set
+ Fold01: cp=0.04566 
- Fold01: cp=0.04566 
+ Fold02: cp=0.04566 
- Fold02: cp=0.04566 
+ Fold03: cp=0.04566 
- Fold03: cp=0.04566 
+ Fold04: cp=0.04566 
- Fold04: cp=0.04566 
+ Fold05: cp=0.04566 
- Fold05: cp=0.04566 
+ Fold06: cp=0.04566 
- Fold06: cp=0.04566 
+ Fold07: cp=0.04566 
- Fold07: cp=0.04566 
+ Fold08: cp=0.04566 
- Fold08: cp=0.04566 
+ Fold09: cp=0.04566 
- Fold09: cp=0.04566 
+ Fold10: cp=0.04566 
- Fold10: cp=0.04566 
Aggregating results
Selecting tuning parameters
Fitting cp = 0.0457 on full training set
Warning messages:
1: In nominalTrainWorkflow(x = x, y = y, wts = weights, info = trainInfo,  :
  There were missing values in resampled performance measures.
2: In nominalTrainWorkflow(x = x, y = y, wts = weights, info = trainInfo,  :
  There were missing values in resampled performance measures.
3: In nominalTrainWorkflow(x = x, y = y, wts = weights, info = trainInfo,  :
  There were missing values in resampled performance measures.
4: In nominalTrainWorkflow(x = x, y = y, wts = weights, info = trainInfo,  :
  There were missing values in resampled performance measures.
5: In nominalTrainWorkflow(x = x, y = y, wts = weights, info = trainInfo,  :
  There were missing values in resampled performance measures.
6: In nominalTrainWorkflow(x = x, y = y, wts = weights, info = trainInfo,  :
  There were missing values in resampled performance measures.
  [1] "000926A" "011211A" "050315A" "050318A" "050401A" "050416A" "050502A"
  [8] "050502B" "050505A" "050525A" "050801A" "050802A" "050820A" "050824A"
 [15] "050904A" "050922C" "051016B" "051028A" "051109A" "051111A" "060115A"
 [22] "060124A" "060206A" "060223A" "060418A" "060502A" "060510B" "060604A"
 [29] "060605A" "060607A" "060707A" "060708A" "060714A" "060729A" "060814A"
 [36] "060906A" "060908A" "060912A" "060926A" "060927A" "061007A" "061021A"
 [43] "061121A" "061126A" "061222A" "070110A" "070125A" "070208A" "070223A"
 [50] "070306A" "070411A" "070508A" "070521A" "070529A" "070721B" "070802A"
 [57] "071010A" "071020A" "071025A" "071112C" "071117A" "080310A" "080319B"
 [64] "080319C" "080330A" "080411A" "080413B" "080430A" "080516A" "080603B"
 [71] "080607A" "080710A" "080721A" "080810A" "080905B" "080916A" "080928A"
 [78] "081007A" "081008A" "081028A" "081109A" "081221A" "081228A" "081230A"
 [85] "090102A" "090205A" "090423A" "090424A" "090516A" "090529A" "090530A"
 [92] "090618A" "090809A" "090812A" "090927A" "091020A" "091024A" "091029A"
 [99] "091109A" "091127A" "100219A" "100418A" "100425A" "100508A" "100513A"
[106] "100621A" "100728A" "100816A" "100901A" "100906A" "101219B" "110106B"
[113] "110205A" "110213A" "110503A" "110715A" "110726A" "110731A" "110801A"
[120] "110808A" "111107A" "111123A" "111209A" "120119A" "120327A" "120404A"
[127] "120711A" "120729A" "120811C" "120815A" "120907A" "120922A" "121024A"
[134] "121027A" "121128A" "121211A" "121217A" "130408A" "130420A" "130505A"
[141] "130511A" "130514A" "130604A" "130831A" "131030A" "131105A" "131117A"
[148] "140206A" "140213A" "140419A" "140423A" "140430A" "140506A" "140509A"
[155] "140518A" "140614A" "140629A" "140801A" "140907A" "141004A" "141121A"
[162] "141220A" "141221A" "150120B" "150314A" "150323A" "150403A" "150821A"
[169] "151021A" "151027A" "151031A" "151215A" "160117B" "160121A" "160227A"
[176] "160314A" "160327A" "160425A" "161014A" "161108A" "161117A" "161129A"
[183] "161219B" "170113A" "170519A" "170531B" "170607A" "170705A" "170714A"
[190] "170903A" "171222A" "180325A" "180329B" "180404A" "180620B" "180624A"
[197] "180720B" "180728A" "181010A" "181110A" "190106A" "190114A" "191011A"
[204] "200613A" "200829A" "201015A" "201020A" "201021C" "201104B" "210204A"
[211] "210210A" "210222B" "210411C" "210517A" "210722A" "210731A" "210822A"
[218] "211024B" "220611A" "230116D" "230325A" "230818A" "231210B"
[1] "_without_catOutl_correlation_plot"
Scale for x is already present.
Adding another scale for x, which will replace the existing scale.
Scale for y is already present.
Adding another scale for y, which will replace the existing scale.
Ignoring unknown labels:
• colour : ""
Ignoring unknown labels:
• colour : ""
[1] "_without_catOutl_correlation_plot"
Scale for x is already present.
Adding another scale for x, which will replace the existing scale.
Scale for y is already present.
Adding another scale for y, which will replace the existing scale.
Warning messages:
1: In fortify(data, ...) : Arguments in `...` must be used.
✖ Problematic argument:
• col = "black"
ℹ Did you misspell an argument name?
2: In fortify(data, ...) : Arguments in `...` must be used.
✖ Problematic argument:
• col = "black"
ℹ Did you misspell an argument name?
