Loading required package: doParallel
Loading required package: foreach
Loading required package: iterators
Loading required package: parallel
Loading required package: mice

Attaching package: ‘mice’

The following object is masked from ‘package:stats’:

    filter

The following objects are masked from ‘package:base’:

    cbind, rbind

Loading required package: ggplot2
Loading required package: lattice
Loading required package: stringr
Loading required package: dplyr

Attaching package: ‘dplyr’

The following objects are masked from ‘package:stats’:

    filter, lag

The following objects are masked from ‘package:base’:

    intersect, setdiff, setequal, union

Loading required package: MASS

Attaching package: ‘MASS’

The following object is masked from ‘package:dplyr’:

    select

Loading required package: randomForest
randomForest 4.7-1.2
Type rfNews() to see new features/changes/bug fixes.

Attaching package: ‘randomForest’

The following object is masked from ‘package:dplyr’:

    combine

The following object is masked from ‘package:ggplot2’:

    margin

Loading required package: earth
Loading required package: Formula
Loading required package: plotmo
Loading required package: plotrix
Loading required package: Matrix
Loaded glmnet 5.0
Loading required package: SuperLearner
Loading required package: nnls
Loading required package: gam
Loading required package: splines
Loaded gam 1.22-7

Super Learner
Version: 2.0-40
Package created on 2025-12-14

Loading required package: mgcv
Loading required package: nlme

Attaching package: ‘nlme’

The following object is masked from ‘package:dplyr’:

    collapse

This is mgcv 1.9-4. For overview type '?mgcv'.

Attaching package: ‘mgcv’

The following objects are masked from ‘package:gam’:

    gam, gam.control, gam.fit, s

Loading required package: xgboost
Loading required package: gbm
Loaded gbm 2.3.1
This version of gbm is no longer under development. Consider transitioning to gbm3, https://github.com/gbm-developers/gbm3
Loading required package: caret
Loading required package: biglasso
Loading required package: bigmemory
Loading required package: ncvreg

Attaching package: ‘ncvreg’

The following object is masked from ‘package:nlme’:

    intervals

Loading required package: lme4

Attaching package: ‘lme4’

The following object is masked from ‘package:nlme’:

    lmList

The following object is masked from ‘package:mice’:

    toenail


arm (Version 1.15-3, built: 2026-4-15)

Working directory is /Users/petelin/Desktop/test/GRB_app/GAM_supercomputer/multivariate_calibration_theilsen_formula_generation


Attaching package: ‘arm’

The following object is masked from ‘package:plotrix’:

    rescale

[multivariate_calibration_theilsen] N=285 | flagged=4 (hard=1, err>value Alpha/Beta/Fa/Ta=3) | drop list: 4 manual + 4 automatic = 4 unique
  -> 090516A, 100621A, 131117A, 230328B 
Wrote: ./candidate_outliers_multivariate_calibration_theilsen.csv and ./confirmed_outliers_to_drop.txt 
Removed 4 GRB(s) confirmed physically infeasible -- see removed_outliers_final.csv
     log10T90       log10Fa       log10Ta         Alpha          Beta 
  0.008138059  -0.025253321  -0.053839853   0.012274941   0.000000000 
        Gamma  log10Fluence   PhotonIndex       log10NH log10PeakFlux 
  0.000000000   0.000000000  -0.056785004   0.059921461  -0.060909021 
[1] 14
[1] 91
[1] 364
[1] 1001
[1] 2002
[1] 3003
[1] 3432
[1] 3003
[1] 2002
[1] 1001
[1] 364
[1] 91
[1] 14
[1] 1
[1] 7
[1] 21
[1] 35
[1] 35
[1] 21
[1] 7
[1] 1
[1] 35
[1] 7
[1] 21
[1] 35
[1] 35
[1] 21
[1] 7
[1] 1
Formulas: 16383 | GRBs: 281 
split 1/100 done in 2.5 min | best test r=0.587
split 2/100 done in 2.6 min | best test r=0.630
split 3/100 done in 2.6 min | best test r=0.517
split 4/100 done in 2.6 min | best test r=0.460
split 5/100 done in 2.6 min | best test r=0.328
split 6/100 done in 2.6 min | best test r=0.518
split 7/100 done in 2.6 min | best test r=0.503
split 8/100 done in 2.7 min | best test r=0.723
split 9/100 done in 2.7 min | best test r=0.428
split 10/100 done in 2.7 min | best test r=0.656
split 11/100 done in 2.6 min | best test r=0.496
split 12/100 done in 2.7 min | best test r=0.448
split 13/100 done in 2.7 min | best test r=0.536
split 14/100 done in 2.7 min | best test r=0.595
split 15/100 done in 2.7 min | best test r=0.278
split 16/100 done in 2.7 min | best test r=0.682
split 17/100 done in 2.7 min | best test r=0.531
split 18/100 done in 2.7 min | best test r=0.429
split 19/100 done in 2.7 min | best test r=0.409
split 20/100 done in 2.7 min | best test r=0.583
split 21/100 done in 2.7 min | best test r=0.481
split 22/100 done in 2.7 min | best test r=0.389
split 23/100 done in 2.7 min | best test r=0.400
split 24/100 done in 2.7 min | best test r=0.354
split 25/100 done in 2.7 min | best test r=0.763
split 26/100 done in 2.7 min | best test r=0.333
split 27/100 done in 2.8 min | best test r=0.344
split 28/100 done in 2.7 min | best test r=0.459
split 29/100 done in 2.7 min | best test r=0.585
split 30/100 done in 2.7 min | best test r=0.435
split 31/100 done in 2.6 min | best test r=0.302
split 32/100 done in 2.6 min | best test r=0.567
split 33/100 done in 2.7 min | best test r=0.582
split 34/100 done in 2.6 min | best test r=0.532
split 35/100 done in 2.6 min | best test r=0.450
split 36/100 done in 2.6 min | best test r=0.631
split 37/100 done in 2.8 min | best test r=0.672
split 38/100 done in 2.7 min | best test r=0.636
split 39/100 done in 2.7 min | best test r=0.639
split 40/100 done in 2.6 min | best test r=0.502
split 41/100 done in 2.7 min | best test r=0.449
split 42/100 done in 2.7 min | best test r=0.496
split 43/100 done in 2.7 min | best test r=0.442
split 44/100 done in 2.7 min | best test r=0.484
split 45/100 done in 2.7 min | best test r=0.556
split 46/100 done in 2.7 min | best test r=0.451
split 47/100 done in 2.7 min | best test r=0.538
split 48/100 done in 2.7 min | best test r=0.491
split 49/100 done in 2.7 min | best test r=0.428
split 50/100 done in 2.7 min | best test r=0.612
split 51/100 done in 2.6 min | best test r=0.310
split 52/100 done in 2.6 min | best test r=0.435
split 53/100 done in 2.7 min | best test r=0.339
split 54/100 done in 2.7 min | best test r=0.636
split 55/100 done in 2.7 min | best test r=0.691
split 56/100 done in 2.7 min | best test r=0.460
split 57/100 done in 2.7 min | best test r=0.507
split 58/100 done in 2.7 min | best test r=0.630
split 59/100 done in 2.7 min | best test r=0.541
split 60/100 done in 2.7 min | best test r=0.643
split 61/100 done in 2.7 min | best test r=0.476
split 62/100 done in 2.6 min | best test r=0.606
split 63/100 done in 2.7 min | best test r=0.639
split 64/100 done in 2.6 min | best test r=0.680
split 65/100 done in 2.7 min | best test r=0.733
split 66/100 done in 2.6 min | best test r=0.489
split 67/100 done in 2.7 min | best test r=0.576
split 68/100 done in 2.7 min | best test r=0.323
split 69/100 done in 2.7 min | best test r=0.585
split 70/100 done in 2.7 min | best test r=0.455
split 71/100 done in 2.7 min | best test r=0.644
split 72/100 done in 2.7 min | best test r=0.686
split 73/100 done in 2.7 min | best test r=0.525
split 74/100 done in 2.7 min | best test r=0.519
split 75/100 done in 2.8 min | best test r=0.524
split 76/100 done in 2.7 min | best test r=0.640
split 77/100 done in 2.7 min | best test r=0.437
split 78/100 done in 2.7 min | best test r=0.212
split 79/100 done in 2.7 min | best test r=0.594
split 80/100 done in 2.7 min | best test r=0.420
split 81/100 done in 2.7 min | best test r=0.578
split 82/100 done in 2.7 min | best test r=0.365
split 83/100 done in 2.7 min | best test r=0.733
split 84/100 done in 2.8 min | best test r=0.532
split 85/100 done in 2.7 min | best test r=0.572
split 86/100 done in 2.7 min | best test r=0.493
split 87/100 done in 2.7 min | best test r=0.585
split 88/100 done in 2.7 min | best test r=0.272
split 89/100 done in 2.7 min | best test r=0.503
split 90/100 done in 2.7 min | best test r=0.552
split 91/100 done in 2.6 min | best test r=0.606
split 92/100 done in 2.7 min | best test r=0.673
split 93/100 done in 2.7 min | best test r=0.556
split 94/100 done in 2.7 min | best test r=0.370
split 95/100 done in 2.7 min | best test r=0.459
split 96/100 done in 2.7 min | best test r=0.518
split 97/100 done in 2.7 min | best test r=0.431
split 98/100 done in 2.7 min | best test r=0.583
split 99/100 done in 2.7 min | best test r=0.525
split 100/100 done in 2.7 min | best test r=0.588
Splits completed: 100 | top formulas written to formula_win_frequency.csv
   formula_idx wins
1          145   19
2          497    7
3          670    6
4           67    4
5          291    4
6          597    4
7          769    4
8           18    3
9           64    3
10         523    3
                                                                                                                                                                  formula
1  Response ~  (log10FaSqr+log10Fa+log10PeakFlux)^2+log10NH+PhotonIndex+log10Ta+Alpha+log10T90+log10PeakFluxSqr+log10NHSqr+PhotonIndexSqr+log10TaSqr+AlphaSqr+log10T90Sqr
2  Response ~  (log10FaSqr+log10Fa+log10NH+log10PeakFlux)^2+PhotonIndex+log10Ta+Alpha+log10T90+log10PeakFluxSqr+log10NHSqr+PhotonIndexSqr+log10TaSqr+AlphaSqr+log10T90Sqr
3  Response ~  (log10T90Sqr+log10FaSqr+log10Fa+log10PeakFlux)^2+log10NH+PhotonIndex+log10Ta+Alpha+log10T90+log10PeakFluxSqr+log10NHSqr+PhotonIndexSqr+log10TaSqr+AlphaSqr
4  Response ~  (log10FaSqr+log10Fa)^2+log10PeakFlux+log10NH+PhotonIndex+log10Ta+Alpha+log10T90+log10PeakFluxSqr+log10NHSqr+PhotonIndexSqr+log10TaSqr+AlphaSqr+log10T90Sqr
5  Response ~  (log10TaSqr+log10NHSqr+PhotonIndex)^2+log10PeakFlux+log10NH+log10Ta+log10Fa+Alpha+log10T90+log10PeakFluxSqr+PhotonIndexSqr+log10FaSqr+AlphaSqr+log10T90Sqr
6  Response ~  (log10FaSqr+log10Fa+log10Ta+log10PeakFlux)^2+log10NH+PhotonIndex+Alpha+log10T90+log10PeakFluxSqr+log10NHSqr+PhotonIndexSqr+log10TaSqr+AlphaSqr+log10T90Sqr
7  Response ~  (log10NHSqr+log10Fa+PhotonIndex+log10NH)^2+log10PeakFlux+log10Ta+Alpha+log10T90+log10PeakFluxSqr+PhotonIndexSqr+log10TaSqr+log10FaSqr+AlphaSqr+log10T90Sqr
8  Response ~  (log10Fa+log10PeakFlux)^2+log10NH+PhotonIndex+log10Ta+Alpha+log10T90+log10PeakFluxSqr+log10NHSqr+PhotonIndexSqr+log10TaSqr+log10FaSqr+AlphaSqr+log10T90Sqr
9  Response ~  (log10NHSqr+log10Fa)^2+log10PeakFlux+log10NH+PhotonIndex+log10Ta+Alpha+log10T90+log10PeakFluxSqr+PhotonIndexSqr+log10TaSqr+log10FaSqr+AlphaSqr+log10T90Sqr
10 Response ~  (log10FaSqr+log10NHSqr+log10NH+log10PeakFlux)^2+PhotonIndex+log10Ta+log10Fa+Alpha+log10T90+log10PeakFluxSqr+PhotonIndexSqr+log10TaSqr+AlphaSqr+log10T90Sqr
Most-frequent winning formula ( 19 / 100 splits):
Response ~ (log10FaSqr + log10Fa + log10PeakFlux)^2 + log10NH + 
    PhotonIndex + log10Ta + Alpha + log10T90 + log10PeakFluxSqr + 
    log10NHSqr + PhotonIndexSqr + log10TaSqr + AlphaSqr + log10T90Sqr
<environment: 0x1645bc050>
M-estimator outlier cut: 15 of 281 GRBs removed (weight <= 0.6489 )
Final outlier-removed data saved: 266 GRBs -> final_outliers_removed.csv
