Loading required package: doParallel
Loading required package: foreach
Loading required package: iterators
Loading required package: parallel
Loading required package: mice

Attaching package: ‘mice’

The following object is masked from ‘package:stats’:

    filter

The following objects are masked from ‘package:base’:

    cbind, rbind

Loading required package: ggplot2
Loading required package: lattice
Loading required package: stringr
Loading required package: dplyr

Attaching package: ‘dplyr’

The following objects are masked from ‘package:stats’:

    filter, lag

The following objects are masked from ‘package:base’:

    intersect, setdiff, setequal, union

Loading required package: MASS

Attaching package: ‘MASS’

The following object is masked from ‘package:dplyr’:

    select

Loading required package: randomForest
randomForest 4.7-1.2
Type rfNews() to see new features/changes/bug fixes.

Attaching package: ‘randomForest’

The following object is masked from ‘package:dplyr’:

    combine

The following object is masked from ‘package:ggplot2’:

    margin

Loading required package: earth
Loading required package: Formula
Loading required package: plotmo
Loading required package: plotrix
Loading required package: Matrix
Loaded glmnet 5.0
Loading required package: SuperLearner
Loading required package: nnls
Loading required package: gam
Loading required package: splines
Loaded gam 1.22-7

Super Learner
Version: 2.0-40
Package created on 2025-12-14

Loading required package: mgcv
Loading required package: nlme

Attaching package: ‘nlme’

The following object is masked from ‘package:dplyr’:

    collapse

This is mgcv 1.9-4. For overview type '?mgcv'.

Attaching package: ‘mgcv’

The following objects are masked from ‘package:gam’:

    gam, gam.control, gam.fit, s

Loading required package: xgboost
Loading required package: gbm
Loaded gbm 2.3.1
This version of gbm is no longer under development. Consider transitioning to gbm3, https://github.com/gbm-developers/gbm3
Loading required package: caret
Loading required package: biglasso
Loading required package: bigmemory
Loading required package: ncvreg

Attaching package: ‘ncvreg’

The following object is masked from ‘package:nlme’:

    intervals

Loading required package: lme4

Attaching package: ‘lme4’

The following object is masked from ‘package:nlme’:

    lmList

The following object is masked from ‘package:mice’:

    toenail


arm (Version 1.15-3, built: 2026-4-15)

Working directory is /Users/petelin/Desktop/test/GRB_app/GAM_supercomputer/multivariate_calibration_emcee_formula_generation


Attaching package: ‘arm’

The following object is masked from ‘package:plotrix’:

    rescale

[multivariate_calibration_emcee] N=285 | flagged=4 (hard=1, err>value Alpha/Beta/Fa/Ta=3) | drop list: 4 manual + 4 automatic = 4 unique
  -> 090516A, 100621A, 131117A, 230328B 
Wrote: ./candidate_outliers_multivariate_calibration_emcee.csv and ./confirmed_outliers_to_drop.txt 
Removed 4 GRB(s) confirmed physically infeasible -- see removed_outliers_final.csv
     log10T90       log10Fa       log10Ta         Alpha          Beta 
 0.0081509242 -0.0192873422 -0.0443167047  0.0036167622  0.0003342395 
        Gamma  log10Fluence   PhotonIndex       log10NH log10PeakFlux 
 0.0000000000  0.0000000000 -0.0528271655  0.0809335172 -0.0625218929 
[1] 14
[1] 91
[1] 364
[1] 1001
[1] 2002
[1] 3003
[1] 3432
[1] 3003
[1] 2002
[1] 1001
[1] 364
[1] 91
[1] 14
[1] 1
[1] 7
[1] 21
[1] 35
[1] 35
[1] 21
[1] 7
[1] 1
[1] 35
[1] 7
[1] 21
[1] 35
[1] 35
[1] 21
[1] 7
[1] 1
Formulas: 16383 | GRBs: 281 
split 1/100 done in 22.0 min | best test r=0.617
split 2/100 done in 2.6 min | best test r=0.711
split 3/100 done in 2.7 min | best test r=0.583
split 4/100 done in 2.6 min | best test r=0.489
split 5/100 done in 2.6 min | best test r=0.403
split 6/100 done in 2.7 min | best test r=0.552
split 7/100 done in 2.7 min | best test r=0.462
split 8/100 done in 2.7 min | best test r=0.764
split 9/100 done in 2.6 min | best test r=0.383
split 10/100 done in 2.7 min | best test r=0.667
split 11/100 done in 2.7 min | best test r=0.626
split 12/100 done in 2.7 min | best test r=0.520
split 13/100 done in 2.7 min | best test r=0.638
split 14/100 done in 2.7 min | best test r=0.596
split 15/100 done in 2.7 min | best test r=0.380
split 16/100 done in 2.7 min | best test r=0.795
split 17/100 done in 2.7 min | best test r=0.578
split 18/100 done in 2.7 min | best test r=0.495
split 19/100 done in 2.7 min | best test r=0.552
split 20/100 done in 2.7 min | best test r=0.577
split 21/100 done in 2.7 min | best test r=0.526
split 22/100 done in 2.7 min | best test r=0.488
split 23/100 done in 2.7 min | best test r=0.434
split 24/100 done in 2.7 min | best test r=0.488
split 25/100 done in 2.7 min | best test r=0.811
split 26/100 done in 2.7 min | best test r=0.384
split 27/100 done in 2.7 min | best test r=0.506
split 28/100 done in 2.9 min | best test r=0.388
split 29/100 done in 3.0 min | best test r=0.599
split 30/100 done in 3.0 min | best test r=0.617
split 31/100 done in 3.0 min | best test r=0.307
split 32/100 done in 3.0 min | best test r=0.560
split 33/100 done in 3.0 min | best test r=0.562
split 34/100 done in 3.0 min | best test r=0.634
split 35/100 done in 3.0 min | best test r=0.535
split 36/100 done in 2.8 min | best test r=0.665
split 37/100 done in 2.7 min | best test r=0.707
split 38/100 done in 2.7 min | best test r=0.672
split 39/100 done in 2.7 min | best test r=0.556
split 40/100 done in 2.8 min | best test r=0.535
split 41/100 done in 2.7 min | best test r=0.434
split 42/100 done in 9.6 min | best test r=0.515
split 43/100 done in 2.6 min | best test r=0.532
split 44/100 done in 2.7 min | best test r=0.490
split 45/100 done in 2.7 min | best test r=0.566
split 46/100 done in 2.6 min | best test r=0.469
split 47/100 done in 2.6 min | best test r=0.637
split 48/100 done in 2.6 min | best test r=0.556
split 49/100 done in 2.6 min | best test r=0.479
split 50/100 done in 2.6 min | best test r=0.675
split 51/100 done in 2.6 min | best test r=0.320
split 52/100 done in 2.6 min | best test r=0.459
split 53/100 done in 2.6 min | best test r=0.484
split 54/100 done in 2.6 min | best test r=0.699
split 55/100 done in 2.6 min | best test r=0.733
split 56/100 done in 2.6 min | best test r=0.584
split 57/100 done in 2.6 min | best test r=0.536
split 58/100 done in 2.6 min | best test r=0.614
split 59/100 done in 2.6 min | best test r=0.559
split 60/100 done in 2.6 min | best test r=0.679
split 61/100 done in 2.6 min | best test r=0.570
split 62/100 done in 2.6 min | best test r=0.718
split 63/100 done in 2.5 min | best test r=0.683
split 64/100 done in 2.6 min | best test r=0.771
split 65/100 done in 2.5 min | best test r=0.739
split 66/100 done in 2.5 min | best test r=0.559
split 67/100 done in 2.6 min | best test r=0.620
split 68/100 done in 2.6 min | best test r=0.357
split 69/100 done in 2.5 min | best test r=0.683
split 70/100 done in 2.5 min | best test r=0.584
split 71/100 done in 2.6 min | best test r=0.681
split 72/100 done in 2.5 min | best test r=0.710
split 73/100 done in 2.6 min | best test r=0.514
split 74/100 done in 2.5 min | best test r=0.536
split 75/100 done in 2.6 min | best test r=0.509
split 76/100 done in 2.6 min | best test r=0.669
split 77/100 done in 2.5 min | best test r=0.462
split 78/100 done in 2.5 min | best test r=0.403
split 79/100 done in 2.6 min | best test r=0.616
split 80/100 done in 2.6 min | best test r=0.512
split 81/100 done in 2.6 min | best test r=0.641
split 82/100 done in 2.6 min | best test r=0.458
split 83/100 done in 2.6 min | best test r=0.720
split 84/100 done in 2.5 min | best test r=0.608
split 85/100 done in 2.5 min | best test r=0.606
split 86/100 done in 2.5 min | best test r=0.469
split 87/100 done in 2.5 min | best test r=0.611
split 88/100 done in 2.6 min | best test r=0.343
split 89/100 done in 2.5 min | best test r=0.459
split 90/100 done in 2.5 min | best test r=0.585
split 91/100 done in 2.6 min | best test r=0.592
split 92/100 done in 2.5 min | best test r=0.690
split 93/100 done in 2.5 min | best test r=0.563
split 94/100 done in 2.5 min | best test r=0.428
split 95/100 done in 2.5 min | best test r=0.444
split 96/100 done in 2.5 min | best test r=0.486
split 97/100 done in 2.5 min | best test r=0.461
split 98/100 done in 2.5 min | best test r=0.613
split 99/100 done in 2.5 min | best test r=0.508
split 100/100 done in 2.5 min | best test r=0.629
Splits completed: 100 | top formulas written to formula_win_frequency.csv
   formula_idx wins
1          874   10
2         6314    6
3          497    5
4          553    5
5          211    4
6          351    4
7         1765    4
8         2369    4
9          152    3
10        1746    3
                                                                                                                                                                  formula
1  Response ~  (log10FaSqr+log10NHSqr+log10Fa+log10PeakFlux)^2+log10NH+PhotonIndex+log10Ta+log10T90+Alpha+log10PeakFluxSqr+PhotonIndexSqr+log10TaSqr+log10T90Sqr+AlphaSqr
2  Response ~  (log10T90Sqr+log10FaSqr+PhotonIndexSqr+log10NHSqr+log10T90+log10Fa)^2+log10NH+log10PeakFlux+PhotonIndex+log10Ta+Alpha+log10PeakFluxSqr+log10TaSqr+AlphaSqr
3  Response ~  (log10FaSqr+log10Fa+log10PeakFlux+log10NH)^2+PhotonIndex+log10Ta+log10T90+Alpha+log10NHSqr+log10PeakFluxSqr+PhotonIndexSqr+log10TaSqr+log10T90Sqr+AlphaSqr
4  Response ~  (log10T90Sqr+log10Fa+PhotonIndex+log10NH)^2+log10PeakFlux+log10Ta+log10T90+Alpha+log10NHSqr+log10PeakFluxSqr+PhotonIndexSqr+log10TaSqr+log10FaSqr+AlphaSqr
5  Response ~  (log10FaSqr+log10Fa+log10PeakFlux)^2+log10NH+PhotonIndex+log10Ta+log10T90+Alpha+log10NHSqr+log10PeakFluxSqr+PhotonIndexSqr+log10TaSqr+log10T90Sqr+AlphaSqr
6  Response ~  (log10NHSqr+log10T90+log10Fa)^2+log10NH+log10PeakFlux+PhotonIndex+log10Ta+Alpha+log10PeakFluxSqr+PhotonIndexSqr+log10TaSqr+log10FaSqr+log10T90Sqr+AlphaSqr
7  Response ~  (AlphaSqr+PhotonIndexSqr+log10Fa+PhotonIndex+log10NH)^2+log10PeakFlux+log10Ta+log10T90+Alpha+log10NHSqr+log10PeakFluxSqr+log10TaSqr+log10FaSqr+log10T90Sqr
8  Response ~  (log10FaSqr+log10NHSqr+log10Fa+log10Ta+log10PeakFlux)^2+log10NH+PhotonIndex+log10T90+Alpha+log10PeakFluxSqr+PhotonIndexSqr+log10TaSqr+log10T90Sqr+AlphaSqr
9  Response ~  (log10TaSqr+log10T90+log10NH)^2+log10PeakFlux+PhotonIndex+log10Ta+log10Fa+Alpha+log10NHSqr+log10PeakFluxSqr+PhotonIndexSqr+log10FaSqr+log10T90Sqr+AlphaSqr
10 Response ~  (PhotonIndexSqr+Alpha+log10Fa+PhotonIndex+log10NH)^2+log10PeakFlux+log10Ta+log10T90+log10NHSqr+log10PeakFluxSqr+log10TaSqr+log10FaSqr+log10T90Sqr+AlphaSqr
Most-frequent winning formula ( 10 / 100 splits):
Response ~ (log10FaSqr + log10NHSqr + log10Fa + log10PeakFlux)^2 + 
    log10NH + PhotonIndex + log10Ta + log10T90 + Alpha + log10PeakFluxSqr + 
    PhotonIndexSqr + log10TaSqr + log10T90Sqr + AlphaSqr
<environment: 0x322e3d9b0>
M-estimator outlier cut: 15 of 281 GRBs removed (weight <= 0.6584 )
Final outlier-removed data saved: 266 GRBs -> final_outliers_removed.csv
