Loading required package: doParallel
Loading required package: foreach
Loading required package: iterators
Loading required package: parallel
Loading required package: mice

Attaching package: ‘mice’

The following object is masked from ‘package:stats’:

    filter

The following objects are masked from ‘package:base’:

    cbind, rbind

Loading required package: ggplot2
Loading required package: lattice
Loading required package: stringr
Loading required package: dplyr

Attaching package: ‘dplyr’

The following objects are masked from ‘package:stats’:

    filter, lag

The following objects are masked from ‘package:base’:

    intersect, setdiff, setequal, union

Loading required package: MASS

Attaching package: ‘MASS’

The following object is masked from ‘package:dplyr’:

    select

Loading required package: randomForest
randomForest 4.7-1.2
Type rfNews() to see new features/changes/bug fixes.

Attaching package: ‘randomForest’

The following object is masked from ‘package:dplyr’:

    combine

The following object is masked from ‘package:ggplot2’:

    margin

Loading required package: earth
Loading required package: Formula
Loading required package: plotmo
Loading required package: plotrix
Loading required package: Matrix
Loaded glmnet 5.0
Loading required package: SuperLearner
Loading required package: nnls
Loading required package: gam
Loading required package: splines
Loaded gam 1.22-7

Super Learner
Version: 2.0-40
Package created on 2025-12-14

Loading required package: mgcv
Loading required package: nlme

Attaching package: ‘nlme’

The following object is masked from ‘package:dplyr’:

    collapse

This is mgcv 1.9-4. For overview type '?mgcv'.

Attaching package: ‘mgcv’

The following objects are masked from ‘package:gam’:

    gam, gam.control, gam.fit, s

Loading required package: xgboost
Loading required package: gbm
Loaded gbm 2.3.1
This version of gbm is no longer under development. Consider transitioning to gbm3, https://github.com/gbm-developers/gbm3
Loading required package: caret
Loading required package: biglasso
Loading required package: bigmemory
Loading required package: ncvreg

Attaching package: ‘ncvreg’

The following object is masked from ‘package:nlme’:

    intervals

Loading required package: lme4

Attaching package: ‘lme4’

The following object is masked from ‘package:nlme’:

    lmList

The following object is masked from ‘package:mice’:

    toenail


arm (Version 1.15-3, built: 2026-4-15)

Working directory is /Users/petelin/Desktop/test/GRB_app/GAM_supercomputer/ransac_cleaned_formula_generation


Attaching package: ‘arm’

The following object is masked from ‘package:plotrix’:

    rescale

[ransac] N=285 | flagged=4 (hard=1, err>value Alpha/Beta/Fa/Ta=3) | drop list: 4 manual + 4 automatic = 4 unique
  -> 090516A, 100621A, 131117A, 230328B 
Wrote: ./candidate_outliers_ransac.csv and ./confirmed_outliers_to_drop.txt 
Removed 4 GRB(s) confirmed physically infeasible -- see removed_outliers_final.csv
     log10T90       log10Fa       log10Ta         Alpha          Beta 
 0.0077720217 -0.0179933153 -0.0390651685  0.0054595771  0.0010389046 
        Gamma  log10Fluence   PhotonIndex       log10NH log10PeakFlux 
-0.0001318972  0.0000000000 -0.0582055651  0.0726380221 -0.0640467027 
[1] 14
[1] 91
[1] 364
[1] 1001
[1] 2002
[1] 3003
[1] 3432
[1] 3003
[1] 2002
[1] 1001
[1] 364
[1] 91
[1] 14
[1] 1
[1] 7
[1] 21
[1] 35
[1] 35
[1] 21
[1] 7
[1] 1
[1] 35
[1] 7
[1] 21
[1] 35
[1] 35
[1] 21
[1] 7
[1] 1
Formulas: 16383 | GRBs: 281 
split 1/100 done in 2.7 min | best test r=0.536
split 2/100 done in 2.6 min | best test r=0.657
split 3/100 done in 2.7 min | best test r=0.617
split 4/100 done in 2.7 min | best test r=0.544
split 5/100 done in 2.7 min | best test r=0.492
split 6/100 done in 2.7 min | best test r=0.546
split 7/100 done in 2.7 min | best test r=0.477
split 8/100 done in 2.7 min | best test r=0.725
split 9/100 done in 2.7 min | best test r=0.413
split 10/100 done in 2.7 min | best test r=0.651
split 11/100 done in 2.8 min | best test r=0.522
split 12/100 done in 2.7 min | best test r=0.480
split 13/100 done in 2.7 min | best test r=0.641
split 14/100 done in 2.7 min | best test r=0.592
split 15/100 done in 2.7 min | best test r=0.345
split 16/100 done in 2.7 min | best test r=0.686
split 17/100 done in 2.8 min | best test r=0.597
split 18/100 done in 2.8 min | best test r=0.481
split 19/100 done in 2.8 min | best test r=0.495
split 20/100 done in 2.8 min | best test r=0.515
split 21/100 done in 2.8 min | best test r=0.509
split 22/100 done in 2.7 min | best test r=0.444
split 23/100 done in 2.8 min | best test r=0.458
split 24/100 done in 2.8 min | best test r=0.420
split 25/100 done in 2.8 min | best test r=0.728
split 26/100 done in 2.8 min | best test r=0.429
split 27/100 done in 2.8 min | best test r=0.396
split 28/100 done in 2.8 min | best test r=0.427
split 29/100 done in 2.8 min | best test r=0.571
split 30/100 done in 2.8 min | best test r=0.550
split 31/100 done in 2.8 min | best test r=0.350
split 32/100 done in 2.8 min | best test r=0.551
split 33/100 done in 2.7 min | best test r=0.558
split 34/100 done in 2.8 min | best test r=0.536
split 35/100 done in 2.8 min | best test r=0.523
split 36/100 done in 2.8 min | best test r=0.573
split 37/100 done in 2.7 min | best test r=0.590
split 38/100 done in 2.7 min | best test r=0.617
split 39/100 done in 2.7 min | best test r=0.639
split 40/100 done in 2.8 min | best test r=0.606
split 41/100 done in 2.7 min | best test r=0.420
split 42/100 done in 167.4 min | best test r=0.514
split 43/100 done in 2.6 min | best test r=0.472
split 44/100 done in 2.7 min | best test r=0.540
split 45/100 done in 2.7 min | best test r=0.379
split 46/100 done in 2.8 min | best test r=0.442
split 47/100 done in 2.7 min | best test r=0.575
split 48/100 done in 2.7 min | best test r=0.587
split 49/100 done in 2.8 min | best test r=0.556
split 50/100 done in 2.8 min | best test r=0.704
split 51/100 done in 2.8 min | best test r=0.384
split 52/100 done in 2.8 min | best test r=0.451
split 53/100 done in 2.8 min | best test r=0.461
split 54/100 done in 2.8 min | best test r=0.597
split 55/100 done in 2.8 min | best test r=0.706
split 56/100 done in 2.8 min | best test r=0.557
split 57/100 done in 2.8 min | best test r=0.547
split 58/100 done in 2.8 min | best test r=0.577
split 59/100 done in 2.8 min | best test r=0.529
split 60/100 done in 2.8 min | best test r=0.572
split 61/100 done in 2.8 min | best test r=0.527
split 62/100 done in 2.8 min | best test r=0.634
split 63/100 done in 2.8 min | best test r=0.623
split 64/100 done in 2.8 min | best test r=0.718
split 65/100 done in 2.8 min | best test r=0.672
split 66/100 done in 2.8 min | best test r=0.553
split 67/100 done in 2.8 min | best test r=0.539
split 68/100 done in 2.8 min | best test r=0.458
split 69/100 done in 2.8 min | best test r=0.585
split 70/100 done in 2.8 min | best test r=0.494
split 71/100 done in 2.8 min | best test r=0.578
split 72/100 done in 2.7 min | best test r=0.597
split 73/100 done in 2.7 min | best test r=0.502
split 74/100 done in 2.7 min | best test r=0.516
split 75/100 done in 2.7 min | best test r=0.546
split 76/100 done in 2.7 min | best test r=0.651
split 77/100 done in 2.7 min | best test r=0.452
split 78/100 done in 2.7 min | best test r=0.300
split 79/100 done in 2.7 min | best test r=0.614
split 80/100 done in 2.7 min | best test r=0.381
split 81/100 done in 2.7 min | best test r=0.613
split 82/100 done in 2.7 min | best test r=0.383
split 83/100 done in 2.7 min | best test r=0.700
split 84/100 done in 2.7 min | best test r=0.502
split 85/100 done in 2.7 min | best test r=0.651
split 86/100 done in 2.7 min | best test r=0.501
split 87/100 done in 2.7 min | best test r=0.613
split 88/100 done in 2.7 min | best test r=0.284
split 89/100 done in 2.7 min | best test r=0.538
split 90/100 done in 2.7 min | best test r=0.595
split 91/100 done in 2.7 min | best test r=0.559
split 92/100 done in 2.7 min | best test r=0.554
split 93/100 done in 2.7 min | best test r=0.589
split 94/100 done in 2.7 min | best test r=0.483
split 95/100 done in 2.7 min | best test r=0.466
split 96/100 done in 2.7 min | best test r=0.536
split 97/100 done in 2.7 min | best test r=0.350
split 98/100 done in 2.7 min | best test r=0.637
split 99/100 done in 2.6 min | best test r=0.571
split 100/100 done in 2.7 min | best test r=0.583
Splits completed: 100 | top formulas written to formula_win_frequency.csv
   formula_idx wins
1          817   14
2          886   14
3         2378   10
4         2545   10
5          464    8
6         2261    8
7         3479    8
8          211    7
9          268    7
10         497    7
                                                                                                                                                                  formula
1  Response ~  (log10FaSqr+log10Fa+log10Ta+log10PeakFlux)^2+log10NH+PhotonIndex+log10T90+Alpha+log10NHSqr+log10PeakFluxSqr+PhotonIndexSqr+log10TaSqr+log10T90Sqr+AlphaSqr
2  Response ~  (log10FaSqr+log10TaSqr+log10Fa+log10PeakFlux)^2+log10NH+PhotonIndex+log10Ta+log10T90+Alpha+log10NHSqr+log10PeakFluxSqr+PhotonIndexSqr+log10T90Sqr+AlphaSqr
3  Response ~  (log10FaSqr+PhotonIndexSqr+log10Fa+log10Ta+log10PeakFlux)^2+log10NH+PhotonIndex+log10T90+Alpha+log10NHSqr+log10PeakFluxSqr+log10TaSqr+log10T90Sqr+AlphaSqr
4  Response ~  (log10FaSqr+log10TaSqr+PhotonIndexSqr+log10Fa+log10PeakFlux)^2+log10NH+PhotonIndex+log10Ta+log10T90+Alpha+log10NHSqr+log10PeakFluxSqr+log10T90Sqr+AlphaSqr
5  Response ~  (AlphaSqr+log10FaSqr+PhotonIndexSqr)^2+log10NH+log10PeakFlux+PhotonIndex+log10Ta+log10Fa+log10T90+Alpha+log10NHSqr+log10PeakFluxSqr+log10TaSqr+log10T90Sqr
6  Response ~  (log10FaSqr+log10TaSqr+log10Fa+PhotonIndex+log10PeakFlux)^2+log10NH+log10Ta+log10T90+Alpha+log10NHSqr+log10PeakFluxSqr+PhotonIndexSqr+log10T90Sqr+AlphaSqr
7  Response ~  (log10FaSqr+log10Fa+log10Ta+PhotonIndex+log10PeakFlux+log10NH)^2+log10T90+Alpha+log10NHSqr+log10PeakFluxSqr+PhotonIndexSqr+log10TaSqr+log10T90Sqr+AlphaSqr
8  Response ~  (log10FaSqr+log10Fa+log10PeakFlux)^2+log10NH+PhotonIndex+log10Ta+log10T90+Alpha+log10NHSqr+log10PeakFluxSqr+PhotonIndexSqr+log10TaSqr+log10T90Sqr+AlphaSqr
9  Response ~  (AlphaSqr+log10Fa+PhotonIndex)^2+log10NH+log10PeakFlux+log10Ta+log10T90+Alpha+log10NHSqr+log10PeakFluxSqr+PhotonIndexSqr+log10TaSqr+log10FaSqr+log10T90Sqr
10 Response ~  (log10FaSqr+log10Fa+log10PeakFlux+log10NH)^2+PhotonIndex+log10Ta+log10T90+Alpha+log10NHSqr+log10PeakFluxSqr+PhotonIndexSqr+log10TaSqr+log10T90Sqr+AlphaSqr
Most-frequent winning formula ( 14 / 100 splits):
Response ~ (log10FaSqr + log10Fa + log10Ta + log10PeakFlux)^2 + 
    log10NH + PhotonIndex + log10T90 + Alpha + log10NHSqr + log10PeakFluxSqr + 
    PhotonIndexSqr + log10TaSqr + log10T90Sqr + AlphaSqr
<environment: 0x13c468358>
M-estimator outlier cut: 15 of 281 GRBs removed (weight <= 0.6472 )
Final outlier-removed data saved: 266 GRBs -> final_outliers_removed.csv
